Component: ARM Compiler 5.06 update 7 (build 960) Tool: armlink [4d3601]

==============================================================================

Section Cross References

    startup_lpc17xx.o(STACK) refers (Special) to heapauxi.o(.text) for __use_two_region_memory
    startup_lpc17xx.o(HEAP) refers (Special) to heapauxi.o(.text) for __use_two_region_memory
    startup_lpc17xx.o(RESET) refers (Special) to heapauxi.o(.text) for __use_two_region_memory
    startup_lpc17xx.o(RESET) refers to startup_lpc17xx.o(STACK) for __initial_sp
    startup_lpc17xx.o(RESET) refers to startup_lpc17xx.o(.text) for Reset_Handler
    startup_lpc17xx.o(RESET) refers to tp_simple.o(.text) for TIMER2_IRQHandler
    startup_lpc17xx.o(.ARM.__at_0x02FC) refers (Special) to heapauxi.o(.text) for __use_two_region_memory
    startup_lpc17xx.o(.text) refers (Special) to heapauxi.o(.text) for __use_two_region_memory
    startup_lpc17xx.o(.text) refers to system_lpc17xx.o(.text) for SystemInit
    startup_lpc17xx.o(.text) refers to __main.o(!!!main) for __main
    startup_lpc17xx.o(.text) refers to startup_lpc17xx.o(HEAP) for Heap_Mem
    startup_lpc17xx.o(.text) refers to startup_lpc17xx.o(STACK) for Stack_Mem
    system_lpc17xx.o(.text) refers to lludivv7m.o(.text) for __aeabi_uldivmod
    system_lpc17xx.o(.text) refers to system_lpc17xx.o(.data) for SystemCoreClock
    asciilib.o(.text) refers to rt_memcpy_v6.o(.text) for __aeabi_memcpy
    asciilib.o(.text) refers to asciilib.o(.constdata) for AsciiLib
    glcd.o(.text) refers to glcd.o(.data) for LCD_Code
    glcd.o(.text) refers to asciilib.o(.text) for GetASCIICode
    touchpanel.o(.text) refers to glcd.o(.text) for LCD_SetPoint
    touchpanel.o(.text) refers to rt_memclr_w.o(.text) for __aeabi_memclr4
    touchpanel.o(.text) refers to touchpanel.o(.data) for screen
    touchpanel.o(.text) refers to dflt_clz.o(x$fpl$dflt) for __aeabi_i2d
    touchpanel.o(.text) refers to deqf.o(x$fpl$deqf) for __aeabi_cdcmpeq
    touchpanel.o(.text) refers to dflt_clz.o(x$fpl$dfltu) for __aeabi_ui2d
    touchpanel.o(.text) refers to dmul.o(x$fpl$dmul) for __aeabi_dmul
    touchpanel.o(.text) refers to daddsub_clz.o(x$fpl$dadd) for __aeabi_dadd
    touchpanel.o(.text) refers to ddiv.o(x$fpl$ddiv) for __aeabi_ddiv
    touchpanel.o(.text) refers to dfixu.o(x$fpl$dfixu) for __aeabi_d2uiz
    touchpanel.o(.text) refers to touchpanel.o(.bss) for ScreenSample
    tp_simple.o(.text) refers to _printf_pad.o(.text) for _printf_pre_padding
    tp_simple.o(.text) refers to _printf_percent.o(.ARM.Collect$$_printf_percent$$00000000) for _printf_percent
    tp_simple.o(.text) refers to _printf_d.o(.ARM.Collect$$_printf_percent$$00000009) for _printf_d
    tp_simple.o(.text) refers to _printf_dec.o(.text) for _printf_int_dec
    tp_simple.o(.text) refers to _printf_f.o(.ARM.Collect$$_printf_percent$$00000003) for _printf_f
    tp_simple.o(.text) refers to _printf_c.o(.ARM.Collect$$_printf_percent$$00000013) for _printf_c
    tp_simple.o(.text) refers to printf1.o(x$fpl$printf1) for _printf_fp_dec
    tp_simple.o(.text) refers to _printf_str.o(.text) for _printf_str
    tp_simple.o(.text) refers to glcd.o(.text) for LCD_DrawLine
    tp_simple.o(.text) refers to strlen.o(.text) for strlen
    tp_simple.o(.text) refers to touchpanel.o(.text) for Read_Ads7846
    tp_simple.o(.text) refers to f2d.o(x$fpl$f2d) for __aeabi_f2d
    tp_simple.o(.text) refers to dmul.o(x$fpl$dmul) for __aeabi_dmul
    tp_simple.o(.text) refers to ddiv.o(x$fpl$ddiv) for __aeabi_ddiv
    tp_simple.o(.text) refers to daddsub_clz.o(x$fpl$dadd) for __aeabi_dadd
    tp_simple.o(.text) refers to dfixu.o(x$fpl$dfixu) for __aeabi_d2uiz
    tp_simple.o(.text) refers to faddsub_clz.o(x$fpl$fadd) for __aeabi_fadd
    tp_simple.o(.text) refers to faddsub_clz.o(x$fpl$fsub) for __aeabi_fsub
    tp_simple.o(.text) refers to tp_simple.o(.data) for zone_1
    tp_simple.o(.text) refers to touchpanel.o(.data) for matrix
    tp_simple.o(.text) refers to dflt_clz.o(x$fpl$dfltu) for __aeabi_ui2d
    tp_simple.o(.text) refers to d2f.o(x$fpl$d2f) for __aeabi_d2f
    tp_simple.o(.text) refers to fmul.o(x$fpl$fmul) for __aeabi_fmul
    tp_simple.o(.text) refers to dflt_clz.o(x$fpl$dflt) for __aeabi_i2d
    tp_simple.o(.text) refers to noretval__2sprintf.o(.text) for __2sprintf
    tp_simple.o(.text) refers to tp_simple.o(.bss) for texto
    tp_simple.o(.text) refers to frleqf.o(x$fpl$frleqf) for __aeabi_cfrcmple
    tp_simple.o(.text) refers to fleqf.o(x$fpl$fleqf) for __aeabi_cfcmple
    tp_simple.o(.text) refers to drleqf.o(x$fpl$drleqf) for __aeabi_cdrcmple
    tp_simple.o(.text) refers to daddsub_clz.o(x$fpl$dsub) for __aeabi_dsub
    __2sprintf.o(.text) refers to _printf_char_common.o(.text) for _printf_char_common
    __2sprintf.o(.text) refers to _sputc.o(.text) for _sputc
    noretval__2sprintf.o(.text) refers to _printf_char_common.o(.text) for _printf_char_common
    noretval__2sprintf.o(.text) refers to _sputc.o(.text) for _sputc
[...]
    libinit.o(.ARM.Collect$$libinit$$00000000) refers (Special) to libinit2.o(.ARM.Collect$$libinit$$00000017) for __rt_lib_init_lc_numeric_1
    libinit.o(.ARM.Collect$$libinit$$00000000) refers (Special) to libinit2.o(.ARM.Collect$$libinit$$00000019) for __rt_lib_init_lc_time_1
    libinit.o(.ARM.Collect$$libinit$$00000000) refers (Special) to libinit2.o(.ARM.Collect$$libinit$$00000004) for __rt_lib_init_preinit_1
    libinit.o(.ARM.Collect$$libinit$$00000000) refers (Special) to libinit2.o(.ARM.Collect$$libinit$$0000000E) for __rt_lib_init_rand_1
    libinit.o(.ARM.Collect$$libinit$$00000000) refers (Special) to libinit2.o(.ARM.Collect$$libinit$$00000033) for __rt_lib_init_return
    libinit.o(.ARM.Collect$$libinit$$00000000) refers (Special) to libinit2.o(.ARM.Collect$$libinit$$0000001D) for __rt_lib_init_signal_1
    libinit.o(.ARM.Collect$$libinit$$00000000) refers (Special) to libinit2.o(.ARM.Collect$$libinit$$00000025) for __rt_lib_init_stdio_1
    libinit.o(.ARM.Collect$$libinit$$00000000) refers (Special) to libinit2.o(.ARM.Collect$$libinit$$0000000C) for __rt_lib_init_user_alloc_1
    libinit2.o(.ARM.Collect$$libinit$$0000000F) refers (Weak) to rt_locale_intlibspace.o(.text) for __rt_locale
    libinit2.o(.ARM.Collect$$libinit$$00000010) refers to libinit2.o(.ARM.Collect$$libinit$$0000000F) for .ARM.Collect$$libinit$$0000000F
    libinit2.o(.ARM.Collect$$libinit$$00000012) refers to libinit2.o(.ARM.Collect$$libinit$$0000000F) for .ARM.Collect$$libinit$$0000000F
    libinit2.o(.ARM.Collect$$libinit$$00000014) refers to libinit2.o(.ARM.Collect$$libinit$$0000000F) for .ARM.Collect$$libinit$$0000000F
    libinit2.o(.ARM.Collect$$libinit$$00000016) refers to libinit2.o(.ARM.Collect$$libinit$$0000000F) for .ARM.Collect$$libinit$$0000000F
    libinit2.o(.ARM.Collect$$libinit$$00000016) refers (Weak) to lc_numeric_c.o(locale$$code) for _get_lc_numeric
    libinit2.o(.ARM.Collect$$libinit$$00000018) refers to libinit2.o(.ARM.Collect$$libinit$$0000000F) for .ARM.Collect$$libinit$$0000000F
    libinit2.o(.ARM.Collect$$libinit$$00000026) refers to argv_veneer.o(.emb_text) for __ARM_argv_veneer
    libinit2.o(.ARM.Collect$$libinit$$00000027) refers to argv_veneer.o(.emb_text) for __ARM_argv_veneer
    rtexit.o(.ARM.Collect$$rtexit$$00000000) refers (Special) to rtexit2.o(.ARM.Collect$$rtexit$$00000004) for __rt_exit_exit
    rtexit.o(.ARM.Collect$$rtexit$$00000000) refers (Special) to rtexit2.o(.ARM.Collect$$rtexit$$00000003) for __rt_exit_ls
    rtexit.o(.ARM.Collect$$rtexit$$00000000) refers (Special) to rtexit2.o(.ARM.Collect$$rtexit$$00000002) for __rt_exit_prels_1
    rtexit.o(.ARM.exidx) refers (Special) to rtexit2.o(.ARM.Collect$$rtexit$$00000004) for __rt_exit_exit
    rtexit.o(.ARM.exidx) refers (Special) to rtexit2.o(.ARM.Collect$$rtexit$$00000003) for __rt_exit_ls
    rtexit.o(.ARM.exidx) refers (Special) to rtexit2.o(.ARM.Collect$$rtexit$$00000002) for __rt_exit_prels_1
    rtexit.o(.ARM.exidx) refers to rtexit.o(.ARM.Collect$$rtexit$$00000000) for .ARM.Collect$$rtexit$$00000000
    rt_raise.o(.text) refers to __raise.o(.text) for __raise
    rt_raise.o(.text) refers to sys_exit.o(.text) for _sys_exit
    defsig_exit.o(.text) refers to sys_exit.o(.text) for _sys_exit
    defsig_fpe_inner.o(.text) refers to defsig_general.o(.text) for __default_signal_display
    argv_veneer.o(.emb_text) refers to no_argv.o(.text) for __ARM_get_argv
    sys_exit.o(.text) refers (Special) to use_no_semi.o(.text) for __I$use$semihosting
    sys_exit.o(.text) refers (Special) to indicate_semi.o(.text) for __semihosting_library_function
    rtexit2.o(.ARM.Collect$$rtexit$$00000003) refers to libshutdown.o(.ARM.Collect$$libshutdown$$00000000) for __rt_lib_shutdown
    rtexit2.o(.ARM.Collect$$rtexit$$00000004) refers to sys_exit.o(.text) for _sys_exit
    rtexit2.o(.ARM.exidx) refers to rtexit2.o(.ARM.Collect$$rtexit$$00000001) for .ARM.Collect$$rtexit$$00000001
    rtexit2.o(.ARM.exidx) refers to rtexit2.o(.ARM.Collect$$rtexit$$00000003) for .ARM.Collect$$rtexit$$00000003
    rtexit2.o(.ARM.exidx) refers to rtexit2.o(.ARM.Collect$$rtexit$$00000004) for .ARM.Collect$$rtexit$$00000004
    __raise.o(.text) refers to defsig.o(CL$$defsig) for __default_signal_handler
    defsig_general.o(.text) refers to sys_wrch.o(.text) for _ttywrch
    _get_argv_nomalloc.o(.text) refers (Special) to hrguard.o(.text) for __heap_region$guard
    _get_argv_nomalloc.o(.text) refers to defsig_rtmem_outer.o(.text) for __rt_SIGRTMEM
    _get_argv_nomalloc.o(.text) refers to sys_command.o(.text) for _sys_command_string
    sys_wrch.o(.text) refers (Special) to use_no_semi.o(.text) for __I$use$semihosting
    sys_wrch.o(.text) refers (Special) to indicate_semi.o(.text) for __semihosting_library_function
    sys_command.o(.text) refers (Special) to use_no_semi.o(.text) for __I$use$semihosting
    sys_command.o(.text) refers (Special) to indicate_semi.o(.text) for __semihosting_library_function
    defsig_rtmem_outer.o(.text) refers to defsig_rtmem_inner.o(.text) for __rt_SIGRTMEM_inner
    defsig_rtmem_outer.o(.text) refers to defsig_exit.o(.text) for __sig_exit
    defsig_rtmem_formal.o(.text) refers to rt_raise.o(.text) for __rt_raise
    defsig.o(CL$$defsig) refers to defsig_fpe_inner.o(.text) for __rt_SIGFPE_inner
    defsig.o(CL$$defsig) refers to defsig_rtmem_inner.o(.text) for __rt_SIGRTMEM_inner
    libshutdown.o(.ARM.Collect$$libshutdown$$00000000) refers (Special) to libshutdown2.o(.ARM.Collect$$libshutdown$$00000004) for __rt_lib_shutdown_cpp_1
    libshutdown.o(.ARM.Collect$$libshutdown$$00000000) refers (Special) to libshutdown2.o(.ARM.Collect$$libshutdown$$00000002) for __rt_lib_shutdown_fini_1
    libshutdown.o(.ARM.Collect$$libshutdown$$00000000) refers (Special) to libshutdown2.o(.ARM.Collect$$libshutdown$$00000009) for __rt_lib_shutdown_fp_trap_1
    libshutdown.o(.ARM.Collect$$libshutdown$$00000000) refers (Special) to libshutdown2.o(.ARM.Collect$$libshutdown$$00000011) for __rt_lib_shutdown_heap_1
    libshutdown.o(.ARM.Collect$$libshutdown$$00000000) refers (Special) to libshutdown2.o(.ARM.Collect$$libshutdown$$00000012) for __rt_lib_shutdown_return
    libshutdown.o(.ARM.Collect$$libshutdown$$00000000) refers (Special) to libshutdown2.o(.ARM.Collect$$libshutdown$$0000000C) for __rt_lib_shutdown_signal_1
    libshutdown.o(.ARM.Collect$$libshutdown$$00000000) refers (Special) to libshutdown2.o(.ARM.Collect$$libshutdown$$00000006) for __rt_lib_shutdown_stdio_1
    libshutdown.o(.ARM.Collect$$libshutdown$$00000000) refers (Special) to libshutdown2.o(.ARM.Collect$$libshutdown$$0000000E) for __rt_lib_shutdown_user_alloc_1
    defsig_abrt_inner.o(.text) refers to defsig_general.o(.text) for __default_signal_display
    defsig_rtred_inner.o(.text) refers to defsig_general.o(.text) for __default_signal_display
    defsig_rtmem_inner.o(.text) refers to defsig_general.o(.text) for __default_signal_display
    defsig_stak_inner.o(.text) refers to defsig_general.o(.text) for __default_signal_display
    defsig_pvfn_inner.o(.text) refers to defsig_general.o(.text) for __default_signal_display
    defsig_cppl_inner.o(.text) refers to defsig_general.o(.text) for __default_signal_display
    defsig_segv_inner.o(.text) refers to defsig_general.o(.text) for __default_signal_display
    defsig_other.o(.text) refers to defsig_general.o(.text) for __default_signal_display


==============================================================================

Removing Unused input sections from the image.

    Removing system_lpc17xx.o(.emb_text), (8 bytes).
    Removing glcd.o(.emb_text), (8 bytes).
    Removing touchpanel.o(.emb_text), (8 bytes).
    Removing tp_simple.o(.emb_text), (8 bytes).

4 unused section(s) (total 32 bytes) removed from the image.

==============================================================================

Image Symbol Table

    Local Symbols

    Symbol Name                              Value     Ov Type        Size  Object(Section)

    RESET                                    0x00000000   Section      204  startup_lpc17xx.o(RESET)
    ../clib/angel/boardlib.s                 0x00000000   Number         0  boardshut.o ABSOLUTE
    ../clib/angel/boardlib.s                 0x00000000   Number         0  boardinit1.o ABSOLUTE
    ../clib/angel/boardlib.s                 0x00000000   Number         0  boardinit2.o ABSOLUTE
    ../clib/angel/boardlib.s                 0x00000000   Number         0  boardinit3.o ABSOLUTE
    ../clib/angel/dczerorl2.s                0x00000000   Number         0  __dczerorl2.o ABSOLUTE
    ../clib/angel/handlers.s                 0x00000000   Number         0  __scatter_zi.o ABSOLUTE
    ../clib/angel/kernel.s                   0x00000000   Number         0  __rtentry4.o ABSOLUTE
    ../clib/angel/kernel.s                   0x00000000   Number         0  __rtentry2.o ABSOLUTE
    ../clib/angel/kernel.s                   0x00000000   Number         0  rtexit.o ABSOLUTE
    ../clib/angel/kernel.s                   0x00000000   Number         0  __rtentry.o ABSOLUTE
    ../clib/angel/kernel.s                   0x00000000   Number         0  rtexit2.o ABSOLUTE
    ../clib/angel/rt.s                       0x00000000   Number         0  rt_div0.o ABSOLUTE
    ../clib/angel/rt.s                       0x00000000   Number         0  rt_raise.o ABSOLUTE
    ../clib/angel/rt.s                       0x00000000   Number         0  aeabi_ldiv0_sigfpe.o ABSOLUTE
    ../clib/angel/rt.s                       0x00000000   Number         0  aeabi_ldiv0.o ABSOLUTE
    ../clib/angel/rt.s                       0x00000000   Number         0  rt_locale_intlibspace.o ABSOLUTE
    ../clib/angel/rt.s                       0x00000000   Number         0  rt_locale.o ABSOLUTE
    ../clib/angel/scatter.s                  0x00000000   Number         0  __scatter.o ABSOLUTE
    ../clib/angel/startup.s                  0x00000000   Number         0  __main.o ABSOLUTE
    ../clib/angel/sys.s                      0x00000000   Number         0  indicate_semi.o ABSOLUTE
    ../clib/angel/sys.s                      0x00000000   Number         0  use_no_semi.o ABSOLUTE
    ../clib/angel/sys.s                      0x00000000   Number         0  libspace.o ABSOLUTE
    ../clib/angel/sys.s                      0x00000000   Number         0  sys_stackheap_outer.o ABSOLUTE
    ../clib/angel/sysapp.c                   0x00000000   Number         0  sys_exit.o ABSOLUTE
    ../clib/angel/sysapp.c                   0x00000000   Number         0  sys_command.o ABSOLUTE
    ../clib/angel/sysapp.c                   0x00000000   Number         0  sys_wrch.o ABSOLUTE
    ../clib/armsys.c                         0x00000000   Number         0  _get_argv_nomalloc.o ABSOLUTE
    ../clib/armsys.c                         0x00000000   Number         0  no_argv.o ABSOLUTE
    ../clib/armsys.c                         0x00000000   Number         0  argv_veneer.o ABSOLUTE
    ../clib/armsys.c                         0x00000000   Number         0  argv_veneer.o ABSOLUTE
    ../clib/bigflt.c                         0x00000000   Number         0  bigflt0.o ABSOLUTE
    ../clib/btod.s                           0x00000000   Number         0  btod.o ABSOLUTE
    ../clib/heapalloc.c                      0x00000000   Number         0  hrguard.o ABSOLUTE
    ../clib/heapaux.c                        0x00000000   Number         0  heapauxi.o ABSOLUTE
    ../clib/libinit.s                        0x00000000   Number         0  libshutdown2.o ABSOLUTE
    ../clib/libinit.s                        0x00000000   Number         0  libinit2.o ABSOLUTE
    ../clib/libinit.s                        0x00000000   Number         0  libinit.o ABSOLUTE
    ../clib/libinit.s                        0x00000000   Number         0  libshutdown.o ABSOLUTE
    ../clib/locale.s                         0x00000000   Number         0  lc_numeric_c.o ABSOLUTE
    ../clib/longlong.s                       0x00000000   Number         0  lludivv7m.o ABSOLUTE
    ../clib/longlong.s                       0x00000000   Number         0  lludiv10.o ABSOLUTE
    ../clib/memcpset.s                       0x00000000   Number         0  rt_memcpy_w.o ABSOLUTE
    ../clib/memcpset.s                       0x00000000   Number         0  rt_memclr_w.o ABSOLUTE
    ../clib/memcpset.s                       0x00000000   Number         0  rt_memcpy_v6.o ABSOLUTE
    ../clib/memcpset.s                       0x00000000   Number         0  strcmpv7m.o ABSOLUTE
    ../clib/misc.s                           0x00000000   Number         0  printf_stubs.o ABSOLUTE
    ../clib/printf.c                         0x00000000   Number         0  _printf_fp_dec.o ABSOLUTE
    ../clib/printf.c                         0x00000000   Number         0  _printf_char.o ABSOLUTE
    ../clib/printf.c                         0x00000000   Number         0  __printf_nopercent.o ABSOLUTE
    ../clib/printf.c                         0x00000000   Number         0  _printf_pad.o ABSOLUTE
    ../clib/printf.c                         0x00000000   Number         0  _sputc.o ABSOLUTE
    ../clib/printf.c                         0x00000000   Number         0  _printf_dec.o ABSOLUTE
    ../clib/printf.c                         0x00000000   Number         0  __printf.o ABSOLUTE
    ../clib/printf.c                         0x00000000   Number         0  __printf_flags.o ABSOLUTE
    ../clib/printf.c                         0x00000000   Number         0  __printf_ss.o ABSOLUTE
    ../clib/printf.c                         0x00000000   Number         0  __printf_flags_ss.o ABSOLUTE
    ../clib/printf.c                         0x00000000   Number         0  __printf_wp.o ABSOLUTE
    ../clib/printf.c                         0x00000000   Number         0  _printf_fp_infnan.o ABSOLUTE
    ../clib/printf.c                         0x00000000   Number         0  noretval__2sprintf.o ABSOLUTE
    ../clib/printf.c                         0x00000000   Number         0  __printf_flags_wp.o ABSOLUTE
    ../clib/printf.c                         0x00000000   Number         0  __printf_ss_wp.o ABSOLUTE
    ../clib/printf.c                         0x00000000   Number         0  __printf_flags_ss_wp.o ABSOLUTE
    ../clib/printf.c                         0x00000000   Number         0  __2sprintf.o ABSOLUTE
    ../clib/printf.c                         0x00000000   Number         0  _printf_char_common.o ABSOLUTE
    ../clib/printf.c                         0x00000000   Number         0  _printf_intcommon.o ABSOLUTE
    ../clib/printf.c                         0x00000000   Number         0  _printf_str.o ABSOLUTE
    ../clib/printf_percent.s                 0x00000000   Number         0  _printf_percent.o ABSOLUTE
    ../clib/printf_percent.s                 0x00000000   Number         0  _printf_percent_end.o ABSOLUTE
    ../clib/printf_percent.s                 0x00000000   Number         0  _printf_c.o ABSOLUTE
    ../clib/printf_percent.s                 0x00000000   Number         0  _printf_d.o ABSOLUTE
    ../clib/printf_percent.s                 0x00000000   Number         0  _printf_f.o ABSOLUTE
    ../clib/signal.c                         0x00000000   Number         0  __raise.o ABSOLUTE
    ../clib/signal.c                         0x00000000   Number         0  defsig_general.o ABSOLUTE
    ../clib/signal.c                         0x00000000   Number         0  defsig_abrt_inner.o ABSOLUTE
    ../clib/signal.c                         0x00000000   Number         0  defsig_rtred_inner.o ABSOLUTE
    ../clib/signal.c                         0x00000000   Number         0  defsig_rtmem_inner.o ABSOLUTE
    ../clib/signal.c                         0x00000000   Number         0  defsig_rtmem_outer.o ABSOLUTE
    ../clib/signal.c                         0x00000000   Number         0  defsig_fpe_inner.o ABSOLUTE
    ../clib/signal.c                         0x00000000   Number         0  defsig_cppl_inner.o ABSOLUTE
    ../clib/signal.c                         0x00000000   Number         0  defsig_rtmem_formal.o ABSOLUTE
    ../clib/signal.c                         0x00000000   Number         0  defsig_stak_inner.o ABSOLUTE
    ../clib/signal.c                         0x00000000   Number         0  defsig_pvfn_inner.o ABSOLUTE
    ../clib/signal.c                         0x00000000   Number         0  defsig_exit.o ABSOLUTE
    ../clib/signal.c                         0x00000000   Number         0  defsig_segv_inner.o ABSOLUTE
    ../clib/signal.c                         0x00000000   Number         0  defsig_other.o ABSOLUTE
    ../clib/signal.c                         0x00000000   Number         0  defsig_fpe_outer.o ABSOLUTE
    ../clib/signal.c                         0x00000000   Number         0  defsig_fpe_formal.o ABSOLUTE
    ../clib/signal.s                         0x00000000   Number         0  defsig.o ABSOLUTE
    ../clib/stdlib.c                         0x00000000   Number         0  exit.o ABSOLUTE
    ../clib/string.c                         0x00000000   Number         0  strlen.o ABSOLUTE
    ../fplib/d2f.s                           0x00000000   Number         0  d2f.o ABSOLUTE
    ../fplib/daddsub.s                       0x00000000   Number         0  daddsub_clz.o ABSOLUTE
    ../fplib/dcmpi.s                         0x00000000   Number         0  dcmpi.o ABSOLUTE
    ../fplib/ddiv.s                          0x00000000   Number         0  ddiv.o ABSOLUTE
    ../fplib/deqf.s                          0x00000000   Number         0  deqf.o ABSOLUTE
    ../fplib/dfixu.s                         0x00000000   Number         0  dfixu.o ABSOLUTE
    ../fplib/dflt.s                          0x00000000   Number         0  dflt_clz.o ABSOLUTE
    ../fplib/dleqf.s                         0x00000000   Number         0  dleqf.o ABSOLUTE
    ../fplib/dmul.s                          0x00000000   Number         0  dmul.o ABSOLUTE
    ../fplib/dnaninf.s                       0x00000000   Number         0  dnaninf.o ABSOLUTE
    ../fplib/dretinf.s                       0x00000000   Number         0  dretinf.o ABSOLUTE
    ../fplib/drleqf.s                        0x00000000   Number         0  drleqf.o ABSOLUTE
    ../fplib/f2d.s                           0x00000000   Number         0  f2d.o ABSOLUTE
    ../fplib/faddsub.s                       0x00000000   Number         0  faddsub_clz.o ABSOLUTE
    ../fplib/fcmpi.s                         0x00000000   Number         0  fcmpi.o ABSOLUTE
    ../fplib/fleqf.s                         0x00000000   Number         0  fleqf.o ABSOLUTE
    ../fplib/fmul.s                          0x00000000   Number         0  fmul.o ABSOLUTE
    ../fplib/fnaninf.s                       0x00000000   Number         0  fnaninf.o ABSOLUTE
    ../fplib/fpinit.s                        0x00000000   Number         0  fpinit.o ABSOLUTE
    ../fplib/fretinf.s                       0x00000000   Number         0  fretinf.o ABSOLUTE
    ../fplib/frleqf.s                        0x00000000   Number         0  frleqf.o ABSOLUTE
    ../fplib/istatus.s                       0x00000000   Number         0  istatus.o ABSOLUTE
    ../fplib/printf1.s                       0x00000000   Number         0  printf1.o ABSOLUTE
    ../fplib/usenofp.s                       0x00000000   Number         0  usenofp.o ABSOLUTE
    ../mathlib/fpclassify.c                  0x00000000   Number         0  fpclassify.o ABSOLUTE
    ..\Libraries\CM3\CoreSupport\core_cm3.c  0x00000000   Number         0  core_cm3.o ABSOLUTE
    ..\Libraries\CM3\DeviceSupport\startup_LPC17xx.s 0x00000000   Number         0  startup_lpc17xx.o ABSOLUTE
    ..\Libraries\CM3\DeviceSupport\system_LPC17xx.c 0x00000000   Number         0  system_lpc17xx.o ABSOLUTE
    ..\Libraries\GLCD\AsciiLib.c             0x00000000   Number         0  asciilib.o ABSOLUTE
    ..\Libraries\GLCD\GLCD.c                 0x00000000   Number         0  glcd.o ABSOLUTE
    ..\Libraries\TouchPanel\TouchPanel.c     0x00000000   Number         0  touchpanel.o ABSOLUTE
    ..\USER\tp_simple.c                      0x00000000   Number         0  tp_simple.o ABSOLUTE
    ..\\Libraries\\CM3\\DeviceSupport\\system_LPC17xx.c 0x00000000   Number         0  system_lpc17xx.o ABSOLUTE
    ..\\Libraries\\GLCD\\GLCD.c              0x00000000   Number         0  glcd.o ABSOLUTE
    ..\\Libraries\\TouchPanel\\TouchPanel.c  0x00000000   Number         0  touchpanel.o ABSOLUTE
    ..\\USER\\tp_simple.c                    0x00000000   Number         0  tp_simple.o ABSOLUTE
    dc.s                                     0x00000000   Number         0  dc.o ABSOLUTE
    !!!main                                  0x000000cc   Section        8  __main.o(!!!main)
    !!!scatter                               0x000000d4   Section       52  __scatter.o(!!!scatter)
    !!dczerorl2                              0x00000108   Section       90  __dczerorl2.o(!!dczerorl2)
    !!handler_zi                             0x00000164   Section       28  __scatter_zi.o(!!handler_zi)
    .ARM.Collect$$_printf_percent$$00000000  0x00000180   Section        0  _printf_percent.o(.ARM.Collect$$_printf_percent$$00000000)
    .ARM.Collect$$_printf_percent$$00000003  0x00000180   Section        6  _printf_f.o(.ARM.Collect$$_printf_percent$$00000003)
    .ARM.Collect$$_printf_percent$$00000009  0x00000186   Section        6  _printf_d.o(.ARM.Collect$$_printf_percent$$00000009)
    .ARM.Collect$$_printf_percent$$00000013  0x0000018c   Section        6  _printf_c.o(.ARM.Collect$$_printf_percent$$00000013)
    .ARM.Collect$$_printf_percent$$00000017  0x00000192   Section        4  _printf_percent_end.o(.ARM.Collect$$_printf_percent$$00000017)
    .ARM.Collect$$libinit$$00000000          0x00000196   Section        2  libinit.o(.ARM.Collect$$libinit$$00000000)
    .ARM.Collect$$libinit$$00000002          0x00000198   Section        0  libinit2.o(.ARM.Collect$$libinit$$00000002)
    .ARM.Collect$$libinit$$00000004          0x00000198   Section        0  libinit2.o(.ARM.Collect$$libinit$$00000004)
    .ARM.Collect$$libinit$$0000000A          0x00000198   Section        0  libinit2.o(.ARM.Collect$$libinit$$0000000A)
    .ARM.Collect$$libinit$$0000000C          0x00000198   Section        0  libinit2.o(.ARM.Collect$$libinit$$0000000C)
    .ARM.Collect$$libinit$$0000000E          0x00000198   Section        0  libinit2.o(.ARM.Collect$$libinit$$0000000E)
    .ARM.Collect$$libinit$$0000000F          0x00000198   Section        6  libinit2.o(.ARM.Collect$$libinit$$0000000F)
    .ARM.Collect$$libinit$$00000011          0x0000019e   Section        0  libinit2.o(.ARM.Collect$$libinit$$00000011)
    .ARM.Collect$$libinit$$00000013          0x0000019e   Section        0  libinit2.o(.ARM.Collect$$libinit$$00000013)
    .ARM.Collect$$libinit$$00000015          0x0000019e   Section        0  libinit2.o(.ARM.Collect$$libinit$$00000015)
    .ARM.Collect$$libinit$$00000016          0x0000019e   Section       10  libinit2.o(.ARM.Collect$$libinit$$00000016)
    .ARM.Collect$$libinit$$00000017          0x000001a8   Section        0  libinit2.o(.ARM.Collect$$libinit$$00000017)
    .ARM.Collect$$libinit$$00000019          0x000001a8   Section        0  libinit2.o(.ARM.Collect$$libinit$$00000019)
    .ARM.Collect$$libinit$$0000001B          0x000001a8   Section        0  libinit2.o(.ARM.Collect$$libinit$$0000001B)
    .ARM.Collect$$libinit$$0000001D          0x000001a8   Section        0  libinit2.o(.ARM.Collect$$libinit$$0000001D)
    .ARM.Collect$$libinit$$0000001F          0x000001a8   Section        0  libinit2.o(.ARM.Collect$$libinit$$0000001F)
    .ARM.Collect$$libinit$$00000021          0x000001a8   Section        0  libinit2.o(.ARM.Collect$$libinit$$00000021)
    .ARM.Collect$$libinit$$00000023          0x000001a8   Section        0  libinit2.o(.ARM.Collect$$libinit$$00000023)
    .ARM.Collect$$libinit$$00000025          0x000001a8   Section        0  libinit2.o(.ARM.Collect$$libinit$$00000025)
    .ARM.Collect$$libinit$$0000002C          0x000001a8   Section        0  libinit2.o(.ARM.Collect$$libinit$$0000002C)
    .ARM.Collect$$libinit$$0000002E          0x000001a8   Section        0  libinit2.o(.ARM.Collect$$libinit$$0000002E)
    .ARM.Collect$$libinit$$00000030          0x000001a8   Section        0  libinit2.o(.ARM.Collect$$libinit$$00000030)
    .ARM.Collect$$libinit$$00000032          0x000001a8   Section        0  libinit2.o(.ARM.Collect$$libinit$$00000032)
    .ARM.Collect$$libinit$$00000033          0x000001a8   Section        2  libinit2.o(.ARM.Collect$$libinit$$00000033)
    .ARM.Collect$$libshutdown$$00000000      0x000001aa   Section        2  libshutdown.o(.ARM.Collect$$libshutdown$$00000000)
    .ARM.Collect$$libshutdown$$00000002      0x000001ac   Section        0  libshutdown2.o(.ARM.Collect$$libshutdown$$00000002)
    .ARM.Collect$$libshutdown$$00000004      0x000001ac   Section        0  libshutdown2.o(.ARM.Collect$$libshutdown$$00000004)
    .ARM.Collect$$libshutdown$$00000006      0x000001ac   Section        0  libshutdown2.o(.ARM.Collect$$libshutdown$$00000006)
    .ARM.Collect$$libshutdown$$00000009      0x000001ac   Section        0  libshutdown2.o(.ARM.Collect$$libshutdown$$00000009)
    .ARM.Collect$$libshutdown$$0000000C      0x000001ac   Section        0  libshutdown2.o(.ARM.Collect$$libshutdown$$0000000C)
    .ARM.Collect$$libshutdown$$0000000E      0x000001ac   Section        0  libshutdown2.o(.ARM.Collect$$libshutdown$$0000000E)
    .ARM.Collect$$libshutdown$$00000011      0x000001ac   Section        0  libshutdown2.o(.ARM.Collect$$libshutdown$$00000011)
    .ARM.Collect$$libshutdown$$00000012      0x000001ac   Section        2  libshutdown2.o(.ARM.Collect$$libshutdown$$00000012)
    .ARM.Collect$$rtentry$$00000000          0x000001ae   Section        0  __rtentry.o(.ARM.Collect$$rtentry$$00000000)
    .ARM.Collect$$rtentry$$00000002          0x000001ae   Section        0  __rtentry2.o(.ARM.Collect$$rtentry$$00000002)
    .ARM.Collect$$rtentry$$00000004          0x000001ae   Section        6  __rtentry4.o(.ARM.Collect$$rtentry$$00000004)
    .ARM.Collect$$rtentry$$00000009          0x000001b4   Section        0  __rtentry2.o(.ARM.Collect$$rtentry$$00000009)
    .ARM.Collect$$rtentry$$0000000A          0x000001b4   Section        4  __rtentry2.o(.ARM.Collect$$rtentry$$0000000A)
    .ARM.Collect$$rtentry$$0000000C          0x000001b8   Section        0  __rtentry2.o(.ARM.Collect$$rtentry$$0000000C)
    .ARM.Collect$$rtentry$$0000000D          0x000001b8   Section        8  __rtentry2.o(.ARM.Collect$$rtentry$$0000000D)
    .ARM.Collect$$rtexit$$00000000           0x000001c0   Section        2  rtexit.o(.ARM.Collect$$rtexit$$00000000)
    .ARM.Collect$$rtexit$$00000002           0x000001c2   Section        0  rtexit2.o(.ARM.Collect$$rtexit$$00000002)
    .ARM.Collect$$rtexit$$00000003           0x000001c2   Section        4  rtexit2.o(.ARM.Collect$$rtexit$$00000003)
    .ARM.Collect$$rtexit$$00000004           0x000001c6   Section        6  rtexit2.o(.ARM.Collect$$rtexit$$00000004)
    .text                                    0x000001cc   Section       64  startup_lpc17xx.o(.text)
    .text                                    0x0000020c   Section        0  asciilib.o(.text)
    .text                                    0x0000022c   Section        0  noretval__2sprintf.o(.text)
    .text                                    0x00000254   Section        0  _printf_pad.o(.text)
    .text                                    0x000002a2   Section        0  _printf_str.o(.text)
    .text                                    0x000002f4   Section        0  heapauxi.o(.text)
    .text                                    0x000002fa   Section        2  use_no_semi.o(.text)
    .ARM.__at_0x02FC                         0x000002fc   Section        4  startup_lpc17xx.o(.ARM.__at_0x02FC)
    .text                                    0x00000300   Section        0  system_lpc17xx.o(.text)
    .text                                    0x000005ec   Section        0  glcd.o(.text)
    LCD_Configuration                        0x000005ed   Thumb Code    44  glcd.o(.text)
    LCD_WriteReg_no_inline                   0x00000619   Thumb Code   216  glcd.o(.text)
    delay_ms                                 0x000006f1   Thumb Code    30  glcd.o(.text)
    .text                                    0x00001d7c   Section        0  touchpanel.o(.text)
    DelayUS                                  0x00001dcb   Thumb Code    28  touchpanel.o(.text)
    WR_CMD                                   0x00001de7   Thumb Code    42  touchpanel.o(.text)
    RD_AD                                    0x00001e11   Thumb Code    44  touchpanel.o(.text)
    .text                                    0x00002550   Section        0  tp_simple.o(.text)
    NVIC_EnableIRQ                           0x000032e5   Thumb Code    22  tp_simple.o(.text)
    .text                                    0x00003348   Section      238  lludivv7m.o(.text)
    .text                                    0x00003438   Section        0  _printf_dec.o(.text)
    .text                                    0x000034b0   Section        0  __printf_wp.o(.text)
    .text                                    0x000035be   Section        0  strlen.o(.text)
    .text                                    0x000035fc   Section      138  rt_memcpy_v6.o(.text)
    .text                                    0x00003686   Section       78  rt_memclr_w.o(.text)
    .text                                    0x000036d4   Section        0  _printf_intcommon.o(.text)
    .text                                    0x00003786   Section        0  _printf_fp_dec.o(.text)
    _fp_digits                               0x00003789   Thumb Code   432  _printf_fp_dec.o(.text)
    .text                                    0x00003ba4   Section        0  _printf_char_common.o(.text)
    _printf_input_char                       0x00003ba5   Thumb Code    10  _printf_char_common.o(.text)
    .text                                    0x00003bd4   Section        0  _sputc.o(.text)
    .text                                    0x00003bde   Section        0  _printf_char.o(.text)
    .text                                    0x00003c0a   Section      100  rt_memcpy_w.o(.text)
    .text                                    0x00003c70   Section        8  rt_locale_intlibspace.o(.text)
    .text                                    0x00003c78   Section      138  lludiv10.o(.text)
    .text                                    0x00003d04   Section        0  _printf_fp_infnan.o(.text)
    .text                                    0x00003d84   Section        0  bigflt0.o(.text)
    .text                                    0x00003e68   Section        8  libspace.o(.text)
    .text                                    0x00003e70   Section       74  sys_stackheap_outer.o(.text)
    .text                                    0x00003eba   Section        0  exit.o(.text)
    .text                                    0x00003ecc   Section      128  strcmpv7m.o(.text)
    .text                                    0x00003f4c   Section        0  sys_exit.o(.text)
    .text                                    0x00003f58   Section        0  indicate_semi.o(.text)
    CL$$btod_d2e                             0x00003f58   Section       62  btod.o(CL$$btod_d2e)
    CL$$btod_d2e_denorm_low                  0x00003f96   Section       70  btod.o(CL$$btod_d2e_denorm_low)
    CL$$btod_d2e_norm_op1                    0x00003fdc   Section       96  btod.o(CL$$btod_d2e_norm_op1)
    CL$$btod_div_common                      0x0000403c   Section      824  btod.o(CL$$btod_div_common)
    CL$$btod_e2e                             0x00004374   Section      220  btod.o(CL$$btod_e2e)
    CL$$btod_ediv                            0x00004450   Section       42  btod.o(CL$$btod_ediv)
    CL$$btod_emul                            0x0000447a   Section       42  btod.o(CL$$btod_emul)
    CL$$btod_mult_common                     0x000044a4   Section      580  btod.o(CL$$btod_mult_common)
    i.__ARM_fpclassify                       0x000046e8   Section        0  fpclassify.o(i.__ARM_fpclassify)
    i._is_digit                              0x00004710   Section        0  __printf_wp.o(i._is_digit)
    locale$$code                             0x00004720   Section       44  lc_numeric_c.o(locale$$code)
    x$fpl$d2f                                0x0000474c   Section       98  d2f.o(x$fpl$d2f)
    x$fpl$dadd                               0x000047b0   Section      336  daddsub_clz.o(x$fpl$dadd)
    _dadd1                                   0x000047c1   Thumb Code     0  daddsub_clz.o(x$fpl$dadd)
    x$fpl$dcmpinf                            0x00004900   Section       24  dcmpi.o(x$fpl$dcmpinf)
    x$fpl$ddiv                               0x00004918   Section      688  ddiv.o(x$fpl$ddiv)
    ddiv_entry                               0x0000491f   Thumb Code     0  ddiv.o(x$fpl$ddiv)
    x$fpl$deqf                               0x00004bc8   Section      120  deqf.o(x$fpl$deqf)
    x$fpl$dfixu                              0x00004c40   Section       90  dfixu.o(x$fpl$dfixu)
    x$fpl$dflt                               0x00004c9a   Section       46  dflt_clz.o(x$fpl$dflt)
    x$fpl$dfltu                              0x00004cc8   Section       38  dflt_clz.o(x$fpl$dfltu)
    x$fpl$dleqf                              0x00004cf0   Section      120  dleqf.o(x$fpl$dleqf)
    x$fpl$dmul                               0x00004d68   Section      340  dmul.o(x$fpl$dmul)
    x$fpl$dnaninf                            0x00004ebc   Section      156  dnaninf.o(x$fpl$dnaninf)
    x$fpl$dretinf                            0x00004f58   Section       12  dretinf.o(x$fpl$dretinf)
    x$fpl$drleqf                             0x00004f64   Section      108  drleqf.o(x$fpl$drleqf)
    x$fpl$dsub                               0x00004fd0   Section      468  daddsub_clz.o(x$fpl$dsub)
    _dsub1                                   0x00004fe1   Thumb Code     0  daddsub_clz.o(x$fpl$dsub)
    x$fpl$f2d                                0x000051a4   Section       86  f2d.o(x$fpl$f2d)
    x$fpl$fadd                               0x000051fc   Section      196  faddsub_clz.o(x$fpl$fadd)
    _fadd1                                   0x0000520b   Thumb Code     0  faddsub_clz.o(x$fpl$fadd)
    x$fpl$fcmpinf                            0x000052c0   Section       24  fcmpi.o(x$fpl$fcmpinf)
    x$fpl$fleqf                              0x000052d8   Section      104  fleqf.o(x$fpl$fleqf)
    x$fpl$fmul                               0x00005340   Section      258  fmul.o(x$fpl$fmul)
    x$fpl$fnaninf                            0x00005442   Section      140  fnaninf.o(x$fpl$fnaninf)
    x$fpl$fretinf                            0x000054ce   Section       10  fretinf.o(x$fpl$fretinf)
    x$fpl$frleqf                             0x000054d8   Section       98  frleqf.o(x$fpl$frleqf)
    x$fpl$fsub                               0x0000553c   Section      234  faddsub_clz.o(x$fpl$fsub)
    _fsub1                                   0x0000554b   Thumb Code     0  faddsub_clz.o(x$fpl$fsub)
    x$fpl$printf1                            0x00005626   Section        4  printf1.o(x$fpl$printf1)
    .constdata                               0x0000562a   Section     1520  asciilib.o(.constdata)
    x$fpl$usenofp                            0x0000562a   Section        0  usenofp.o(x$fpl$usenofp)
    AsciiLib                                 0x0000562a   Data        1520  asciilib.o(.constdata)
    .constdata                               0x00005c1c   Section      148  bigflt0.o(.constdata)
    tenpwrs_x                                0x00005c1c   Data          60  bigflt0.o(.constdata)
    tenpwrs_i                                0x00005c58   Data          64  bigflt0.o(.constdata)
    locale$$data                             0x00005ce0   Section       28  lc_numeric_c.o(locale$$data)
    __lcnum_c_name                           0x00005ce4   Data           2  lc_numeric_c.o(locale$$data)
    __lcnum_c_start                          0x00005cec   Data           0  lc_numeric_c.o(locale$$data)
    __lcnum_c_point                          0x00005cf8   Data           0  lc_numeric_c.o(locale$$data)
    __lcnum_c_thousands                      0x00005cfa   Data           0  lc_numeric_c.o(locale$$data)
    __lcnum_c_grouping                       0x00005cfb   Data           0  lc_numeric_c.o(locale$$data)
    __lcnum_c_end                            0x00005cfc   Data           0  lc_numeric_c.o(locale$$data)
    HEAP                                     0x10000000   Section     1024  startup_lpc17xx.o(HEAP)
    Heap_Mem                                 0x10000000   Data        1024  startup_lpc17xx.o(HEAP)
    .data                                    0x2007c000   Section        4  system_lpc17xx.o(.data)
    .data                                    0x2007c004   Section        1  glcd.o(.data)
    LCD_Code                                 0x2007c004   Data           1  glcd.o(.data)
    .data                                    0x2007c008   Section       76  touchpanel.o(.data)
    screen                                   0x2007c050   Data           4  touchpanel.o(.data)
    .data                                    0x2007c054   Section      220  tp_simple.o(.data)
    .bss                                     0x2007c130   Section       12  touchpanel.o(.bss)
    .bss                                     0x2007c13c   Section       25  tp_simple.o(.bss)
    .bss                                     0x2007c158   Section       96  libspace.o(.bss)
    STACK                                    0x2007c1b8   Section      512  startup_lpc17xx.o(STACK)
    Stack_Mem                                0x2007c1b8   Data         512  startup_lpc17xx.o(STACK)
    __initial_sp                             0x2007c3b8   Data           0  startup_lpc17xx.o(STACK)

    Global Symbols

    Symbol Name                              Value     Ov Type        Size  Object(Section)

    BuildAttributes$$THM_ISAv4$P$D$K$B$S$PE$A:L22UL41UL21$X:L11$S22US41US21$IEEE1$IW$USESV6$~STKCKD$USESV7$~SHL$OTIME$ROPI$IEEEJ$EBA8$UX$STANDARDLIB$REQ8$PRES8$EABIv2 0x00000000   Number         0  anon$$obj.o ABSOLUTE
    __ARM_use_no_argv                        0x00000000   Number         0  tp_simple.o ABSOLUTE
    __Vectors                                0x00000000   Data           4  startup_lpc17xx.o(RESET)
    _printf_flags                            0x00000000   Number         0  printf_stubs.o ABSOLUTE
    _printf_return_value                     0x00000000   Number         0  printf_stubs.o ABSOLUTE
    _printf_sizespec                         0x00000000   Number         0  printf_stubs.o ABSOLUTE
    _printf_widthprec                        0x00000000   Number         0  printf_stubs.o ABSOLUTE
    __ARM_exceptions_init                     - Undefined Weak Reference
    __alloca_initialize                       - Undefined Weak Reference
    __arm_fini_                               - Undefined Weak Reference
    __arm_preinit_                            - Undefined Weak Reference
    __cpp_initialize__aeabi_                  - Undefined Weak Reference
    __cxa_finalize                            - Undefined Weak Reference
    __sigvec_lookup                           - Undefined Weak Reference
    _atexit_init                              - Undefined Weak Reference
    _call_atexit_fns                          - Undefined Weak Reference
    _clock_init                               - Undefined Weak Reference
    _fp_trap_init                             - Undefined Weak Reference
    _fp_trap_shutdown                         - Undefined Weak Reference
    _get_lc_collate                           - Undefined Weak Reference
    _get_lc_ctype                             - Undefined Weak Reference
    _get_lc_monetary                          - Undefined Weak Reference
    _get_lc_time                              - Undefined Weak Reference
    _getenv_init                              - Undefined Weak Reference
    _handle_redirection                       - Undefined Weak Reference
    _init_alloc                               - Undefined Weak Reference
    _init_user_alloc                          - Undefined Weak Reference
    _initio                                   - Undefined Weak Reference
    _printf_mbtowc                            - Undefined Weak Reference
    _printf_truncate_signed                   - Undefined Weak Reference
    _printf_truncate_unsigned                 - Undefined Weak Reference
    _rand_init                                - Undefined Weak Reference
    _signal_finish                            - Undefined Weak Reference
    _signal_init                              - Undefined Weak Reference
    _terminate_alloc                          - Undefined Weak Reference
    _terminate_user_alloc                     - Undefined Weak Reference
    _terminateio                              - Undefined Weak Reference
    __main                                   0x000000cd   Thumb Code     8  __main.o(!!!main)
    __scatterload                            0x000000d5   Thumb Code     0  __scatter.o(!!!scatter)
    __scatterload_rt2                        0x000000d5   Thumb Code    44  __scatter.o(!!!scatter)
    __scatterload_rt2_thumb_only             0x000000d5   Thumb Code     0  __scatter.o(!!!scatter)
    __scatterload_null                       0x000000e3   Thumb Code     0  __scatter.o(!!!scatter)
    __decompress                             0x00000109   Thumb Code    90  __dczerorl2.o(!!dczerorl2)
    __decompress1                            0x00000109   Thumb Code     0  __dczerorl2.o(!!dczerorl2)
    __scatterload_zeroinit                   0x00000165   Thumb Code    28  __scatter_zi.o(!!handler_zi)
    _printf_f                                0x00000181   Thumb Code     0  _printf_f.o(.ARM.Collect$$_printf_percent$$00000003)
    _printf_percent                          0x00000181   Thumb Code     0  _printf_percent.o(.ARM.Collect$$_printf_percent$$00000000)
    _printf_d                                0x00000187   Thumb Code     0  _printf_d.o(.ARM.Collect$$_printf_percent$$00000009)
    _printf_c                                0x0000018d   Thumb Code     0  _printf_c.o(.ARM.Collect$$_printf_percent$$00000013)
    _printf_percent_end                      0x00000193   Thumb Code     0  _printf_percent_end.o(.ARM.Collect$$_printf_percent$$00000017)
    __rt_lib_init                            0x00000197   Thumb Code     0  libinit.o(.ARM.Collect$$libinit$$00000000)
    __rt_lib_init_fp_1                       0x00000199   Thumb Code     0  libinit2.o(.ARM.Collect$$libinit$$00000002)
    __rt_lib_init_heap_1                     0x00000199   Thumb Code     0  libinit2.o(.ARM.Collect$$libinit$$0000000A)
    __rt_lib_init_lc_common                  0x00000199   Thumb Code     0  libinit2.o(.ARM.Collect$$libinit$$0000000F)
    __rt_lib_init_preinit_1                  0x00000199   Thumb Code     0  libinit2.o(.ARM.Collect$$libinit$$00000004)
    __rt_lib_init_rand_1                     0x00000199   Thumb Code     0  libinit2.o(.ARM.Collect$$libinit$$0000000E)
    __rt_lib_init_user_alloc_1               0x00000199   Thumb Code     0  libinit2.o(.ARM.Collect$$libinit$$0000000C)
    __rt_lib_init_lc_collate_1               0x0000019f   Thumb Code     0  libinit2.o(.ARM.Collect$$libinit$$00000011)
    __rt_lib_init_lc_ctype_1                 0x0000019f   Thumb Code     0  libinit2.o(.ARM.Collect$$libinit$$00000013)
    __rt_lib_init_lc_monetary_1              0x0000019f   Thumb Code     0  libinit2.o(.ARM.Collect$$libinit$$00000015)
    __rt_lib_init_lc_numeric_2               0x0000019f   Thumb Code     0  libinit2.o(.ARM.Collect$$libinit$$00000016)
    __rt_lib_init_alloca_1                   0x000001a9   Thumb Code     0  libinit2.o(.ARM.Collect$$libinit$$0000002E)
    __rt_lib_init_argv_1                     0x000001a9   Thumb Code     0  libinit2.o(.ARM.Collect$$libinit$$0000002C)
    __rt_lib_init_atexit_1                   0x000001a9   Thumb Code     0  libinit2.o(.ARM.Collect$$libinit$$0000001B)
    __rt_lib_init_clock_1                    0x000001a9   Thumb Code     0  libinit2.o(.ARM.Collect$$libinit$$00000021)
    __rt_lib_init_cpp_1                      0x000001a9   Thumb Code     0  libinit2.o(.ARM.Collect$$libinit$$00000032)
    __rt_lib_init_exceptions_1               0x000001a9   Thumb Code     0  libinit2.o(.ARM.Collect$$libinit$$00000030)
    __rt_lib_init_fp_trap_1                  0x000001a9   Thumb Code     0  libinit2.o(.ARM.Collect$$libinit$$0000001F)
    __rt_lib_init_getenv_1                   0x000001a9   Thumb Code     0  libinit2.o(.ARM.Collect$$libinit$$00000023)
    __rt_lib_init_lc_numeric_1               0x000001a9   Thumb Code     0  libinit2.o(.ARM.Collect$$libinit$$00000017)
    __rt_lib_init_lc_time_1                  0x000001a9   Thumb Code     0  libinit2.o(.ARM.Collect$$libinit$$00000019)
    __rt_lib_init_return                     0x000001a9   Thumb Code     0  libinit2.o(.ARM.Collect$$libinit$$00000033)
    __rt_lib_init_signal_1                   0x000001a9   Thumb Code     0  libinit2.o(.ARM.Collect$$libinit$$0000001D)
    __rt_lib_init_stdio_1                    0x000001a9   Thumb Code     0  libinit2.o(.ARM.Collect$$libinit$$00000025)
    __rt_lib_shutdown                        0x000001ab   Thumb Code     0  libshutdown.o(.ARM.Collect$$libshutdown$$00000000)
    __rt_lib_shutdown_cpp_1                  0x000001ad   Thumb Code     0  libshutdown2.o(.ARM.Collect$$libshutdown$$00000004)
    __rt_lib_shutdown_fini_1                 0x000001ad   Thumb Code     0  libshutdown2.o(.ARM.Collect$$libshutdown$$00000002)
    __rt_lib_shutdown_fp_trap_1              0x000001ad   Thumb Code     0  libshutdown2.o(.ARM.Collect$$libshutdown$$00000009)
    __rt_lib_shutdown_heap_1                 0x000001ad   Thumb Code     0  libshutdown2.o(.ARM.Collect$$libshutdown$$00000011)
    __rt_lib_shutdown_return                 0x000001ad   Thumb Code     0  libshutdown2.o(.ARM.Collect$$libshutdown$$00000012)
    __rt_lib_shutdown_signal_1               0x000001ad   Thumb Code     0  libshutdown2.o(.ARM.Collect$$libshutdown$$0000000C)
    __rt_lib_shutdown_stdio_1                0x000001ad   Thumb Code     0  libshutdown2.o(.ARM.Collect$$libshutdown$$00000006)
    __rt_lib_shutdown_user_alloc_1           0x000001ad   Thumb Code     0  libshutdown2.o(.ARM.Collect$$libshutdown$$0000000E)
    __rt_entry                               0x000001af   Thumb Code     0  __rtentry.o(.ARM.Collect$$rtentry$$00000000)
    __rt_entry_presh_1                       0x000001af   Thumb Code     0  __rtentry2.o(.ARM.Collect$$rtentry$$00000002)
    __rt_entry_sh                            0x000001af   Thumb Code     0  __rtentry4.o(.ARM.Collect$$rtentry$$00000004)
    __rt_entry_li                            0x000001b5   Thumb Code     0  __rtentry2.o(.ARM.Collect$$rtentry$$0000000A)
    __rt_entry_postsh_1                      0x000001b5   Thumb Code     0  __rtentry2.o(.ARM.Collect$$rtentry$$00000009)
    __rt_entry_main                          0x000001b9   Thumb Code     0  __rtentry2.o(.ARM.Collect$$rtentry$$0000000D)
    __rt_entry_postli_1                      0x000001b9   Thumb Code     0  __rtentry2.o(.ARM.Collect$$rtentry$$0000000C)
    __rt_exit                                0x000001c1   Thumb Code     0  rtexit.o(.ARM.Collect$$rtexit$$00000000)
    __rt_exit_ls                             0x000001c3   Thumb Code     0  rtexit2.o(.ARM.Collect$$rtexit$$00000003)
    __rt_exit_prels_1                        0x000001c3   Thumb Code     0  rtexit2.o(.ARM.Collect$$rtexit$$00000002)
    __rt_exit_exit                           0x000001c7   Thumb Code     0  rtexit2.o(.ARM.Collect$$rtexit$$00000004)
    Reset_Handler                            0x000001cd   Thumb Code     8  startup_lpc17xx.o(.text)
    NMI_Handler                              0x000001d5   Thumb Code     2  startup_lpc17xx.o(.text)
    HardFault_Handler                        0x000001d7   Thumb Code     2  startup_lpc17xx.o(.text)
    MemManage_Handler                        0x000001d9   Thumb Code     2  startup_lpc17xx.o(.text)
    BusFault_Handler                         0x000001db   Thumb Code     2  startup_lpc17xx.o(.text)
    UsageFault_Handler                       0x000001dd   Thumb Code     2  startup_lpc17xx.o(.text)
    SVC_Handler                              0x000001df   Thumb Code     2  startup_lpc17xx.o(.text)
    DebugMon_Handler                         0x000001e1   Thumb Code     2  startup_lpc17xx.o(.text)
    PendSV_Handler                           0x000001e3   Thumb Code     2  startup_lpc17xx.o(.text)
    SysTick_Handler                          0x000001e5   Thumb Code     2  startup_lpc17xx.o(.text)
    ADC_IRQHandler                           0x000001e7   Thumb Code     0  startup_lpc17xx.o(.text)
    BOD_IRQHandler                           0x000001e7   Thumb Code     0  startup_lpc17xx.o(.text)
    CANActivity_IRQHandler                   0x000001e7   Thumb Code     0  startup_lpc17xx.o(.text)
    CAN_IRQHandler                           0x000001e7   Thumb Code     0  startup_lpc17xx.o(.text)
    DMA_IRQHandler                           0x000001e7   Thumb Code     0  startup_lpc17xx.o(.text)
    EINT0_IRQHandler                         0x000001e7   Thumb Code     0  startup_lpc17xx.o(.text)
    EINT1_IRQHandler                         0x000001e7   Thumb Code     0  startup_lpc17xx.o(.text)
    EINT2_IRQHandler                         0x000001e7   Thumb Code     0  startup_lpc17xx.o(.text)
    EINT3_IRQHandler                         0x000001e7   Thumb Code     0  startup_lpc17xx.o(.text)
    ENET_IRQHandler                          0x000001e7   Thumb Code     0  startup_lpc17xx.o(.text)
    I2C0_IRQHandler                          0x000001e7   Thumb Code     0  startup_lpc17xx.o(.text)
    I2C1_IRQHandler                          0x000001e7   Thumb Code     0  startup_lpc17xx.o(.text)
    I2C2_IRQHandler                          0x000001e7   Thumb Code     0  startup_lpc17xx.o(.text)
    I2S_IRQHandler                           0x000001e7   Thumb Code     0  startup_lpc17xx.o(.text)
    MCPWM_IRQHandler                         0x000001e7   Thumb Code     0  startup_lpc17xx.o(.text)
    PLL0_IRQHandler                          0x000001e7   Thumb Code     0  startup_lpc17xx.o(.text)
    PLL1_IRQHandler                          0x000001e7   Thumb Code     0  startup_lpc17xx.o(.text)
    PWM1_IRQHandler                          0x000001e7   Thumb Code     0  startup_lpc17xx.o(.text)
    QEI_IRQHandler                           0x000001e7   Thumb Code     0  startup_lpc17xx.o(.text)
    RIT_IRQHandler                           0x000001e7   Thumb Code     0  startup_lpc17xx.o(.text)
    RTC_IRQHandler                           0x000001e7   Thumb Code     0  startup_lpc17xx.o(.text)
    SPI_IRQHandler                           0x000001e7   Thumb Code     0  startup_lpc17xx.o(.text)
    SSP0_IRQHandler                          0x000001e7   Thumb Code     0  startup_lpc17xx.o(.text)
    SSP1_IRQHandler                          0x000001e7   Thumb Code     0  startup_lpc17xx.o(.text)
    TIMER0_IRQHandler                        0x000001e7   Thumb Code     0  startup_lpc17xx.o(.text)
    TIMER1_IRQHandler                        0x000001e7   Thumb Code     0  startup_lpc17xx.o(.text)
    UART0_IRQHandler                         0x000001e7   Thumb Code     0  startup_lpc17xx.o(.text)
    UART1_IRQHandler                         0x000001e7   Thumb Code     0  startup_lpc17xx.o(.text)
    UART2_IRQHandler                         0x000001e7   Thumb Code     0  startup_lpc17xx.o(.text)
    UART3_IRQHandler                         0x000001e7   Thumb Code     0  startup_lpc17xx.o(.text)
    USBActivity_IRQHandler                   0x000001e7   Thumb Code     0  startup_lpc17xx.o(.text)
    USB_IRQHandler                           0x000001e7   Thumb Code     0  startup_lpc17xx.o(.text)
    WDT_IRQHandler                           0x000001e7   Thumb Code     0  startup_lpc17xx.o(.text)
    __user_initial_stackheap                 0x000001e9   Thumb Code     0  startup_lpc17xx.o(.text)
    GetASCIICode                             0x0000020d   Thumb Code    26  asciilib.o(.text)
    __2sprintf                               0x0000022d   Thumb Code    34  noretval__2sprintf.o(.text)
    _printf_pre_padding                      0x00000255   Thumb Code    44  _printf_pad.o(.text)
    _printf_post_padding                     0x00000281   Thumb Code    34  _printf_pad.o(.text)
    _printf_str                              0x000002a3   Thumb Code    82  _printf_str.o(.text)
    __use_two_region_memory                  0x000002f5   Thumb Code     2  heapauxi.o(.text)
    __rt_heap_escrow$2region                 0x000002f7   Thumb Code     2  heapauxi.o(.text)
    __rt_heap_expand$2region                 0x000002f9   Thumb Code     2  heapauxi.o(.text)
    __I$use$semihosting                      0x000002fb   Thumb Code     0  use_no_semi.o(.text)
    __use_no_semihosting_swi                 0x000002fb   Thumb Code     2  use_no_semi.o(.text)
    SystemCoreClockUpdate                    0x00000301   Thumb Code   408  system_lpc17xx.o(.text)
    SystemInit                               0x00000499   Thumb Code   310  system_lpc17xx.o(.text)
    LCD_Initializtion                        0x0000070f   Thumb Code  1260  glcd.o(.text)
    LCD_Clear                                0x00000bfb   Thumb Code  2746  glcd.o(.text)
    LCD_SetPoint                             0x000016b5   Thumb Code  1302  glcd.o(.text)
    LCD_DrawLine                             0x00001bcb   Thumb Code   250  glcd.o(.text)
    PutChar                                  0x00001cc5   Thumb Code   100  glcd.o(.text)
    GUI_Text                                 0x00001d29   Thumb Code    80  glcd.o(.text)
    TP_Init                                  0x00001d7d   Thumb Code    78  touchpanel.o(.text)
    Read_X                                   0x00001e3d   Thumb Code    42  touchpanel.o(.text)
    Read_Y                                   0x00001e67   Thumb Code    42  touchpanel.o(.text)
    TP_GetAdXY                               0x00001e91   Thumb Code    34  touchpanel.o(.text)
    TP_DrawPoint                             0x00001eb3   Thumb Code    64  touchpanel.o(.text)
    DrawCross                                0x00001ef3   Thumb Code   356  touchpanel.o(.text)
    Read_Ads7846                             0x00002057   Thumb Code   518  touchpanel.o(.text)
    setCalibrationMatrix                     0x0000225d   Thumb Code   356  touchpanel.o(.text)
    getDisplayPoint                          0x000023c1   Thumb Code   238  touchpanel.o(.text)
    TouchPanel_Calibrate                     0x000024af   Thumb Code   108  touchpanel.o(.text)
    squareButton                             0x00002551   Thumb Code   226  tp_simple.o(.text)
    drawMinus                                0x00002633   Thumb Code   244  tp_simple.o(.text)
    drawAdd                                  0x00002727   Thumb Code   240  tp_simple.o(.text)
    screenMain                               0x00002817   Thumb Code   196  tp_simple.o(.text)
    checkTouchPanel                          0x000028db   Thumb Code   102  tp_simple.o(.text)
    zonePressed                              0x00002941   Thumb Code    72  tp_simple.o(.text)
    zoneNewPressed                           0x00002989   Thumb Code    80  tp_simple.o(.text)
    configPWM                                0x000029d9   Thumb Code    92  tp_simple.o(.text)
    setServo                                 0x00002a35   Thumb Code    64  tp_simple.o(.text)
    ConfiguraTimer2                          0x00002a75   Thumb Code    92  tp_simple.o(.text)
    TIMER2_IRQHandler                        0x00002ad1   Thumb Code   512  tp_simple.o(.text)
    ConfiguraTimer3                          0x00002cd1   Thumb Code    98  tp_simple.o(.text)
    TIMER3_IRQHandler                        0x00002d33   Thumb Code   212  tp_simple.o(.text)
    setPWM_velDerecha                        0x00002e07   Thumb Code    56  tp_simple.o(.text)
    setPWM_velIzquierda                      0x00002e3f   Thumb Code    56  tp_simple.o(.text)
    config_pines                             0x00002e77   Thumb Code    86  tp_simple.o(.text)
    setPWM                                   0x00002ecd   Thumb Code   194  tp_simple.o(.text)
    main                                     0x00002f8f   Thumb Code   854  tp_simple.o(.text)
    __aeabi_uldivmod                         0x00003349   Thumb Code     0  lludivv7m.o(.text)
    _ll_udiv                                 0x00003349   Thumb Code   238  lludivv7m.o(.text)
    _printf_int_dec                          0x00003439   Thumb Code   104  _printf_dec.o(.text)
    __printf                                 0x000034b1   Thumb Code   270  __printf_wp.o(.text)
    strlen                                   0x000035bf   Thumb Code    62  strlen.o(.text)
    __aeabi_memcpy                           0x000035fd   Thumb Code     0  rt_memcpy_v6.o(.text)
    __rt_memcpy                              0x000035fd   Thumb Code   138  rt_memcpy_v6.o(.text)
    _memcpy_lastbytes                        0x00003663   Thumb Code     0  rt_memcpy_v6.o(.text)
    __aeabi_memclr4                          0x00003687   Thumb Code     0  rt_memclr_w.o(.text)
    __aeabi_memclr8                          0x00003687   Thumb Code     0  rt_memclr_w.o(.text)
    __rt_memclr_w                            0x00003687   Thumb Code    78  rt_memclr_w.o(.text)
    _memset_w                                0x0000368b   Thumb Code     0  rt_memclr_w.o(.text)
    _printf_int_common                       0x000036d5   Thumb Code   178  _printf_intcommon.o(.text)
    __lib_sel_fp_printf                      0x00003787   Thumb Code     2  _printf_fp_dec.o(.text)
    _printf_fp_dec_real                      0x00003939   Thumb Code   620  _printf_fp_dec.o(.text)
    _printf_char_common                      0x00003baf   Thumb Code    32  _printf_char_common.o(.text)
    _sputc                                   0x00003bd5   Thumb Code    10  _sputc.o(.text)
    _printf_cs_common                        0x00003bdf   Thumb Code    20  _printf_char.o(.text)
    _printf_char                             0x00003bf3   Thumb Code    16  _printf_char.o(.text)
    _printf_string                           0x00003c03   Thumb Code     8  _printf_char.o(.text)
    __aeabi_memcpy4                          0x00003c0b   Thumb Code     0  rt_memcpy_w.o(.text)
    __aeabi_memcpy8                          0x00003c0b   Thumb Code     0  rt_memcpy_w.o(.text)
    __rt_memcpy_w                            0x00003c0b   Thumb Code   100  rt_memcpy_w.o(.text)
    _memcpy_lastbytes_aligned                0x00003c53   Thumb Code     0  rt_memcpy_w.o(.text)
    __rt_locale                              0x00003c71   Thumb Code     8  rt_locale_intlibspace.o(.text)
    _ll_udiv10                               0x00003c79   Thumb Code   138  lludiv10.o(.text)
    _printf_fp_infnan                        0x00003d05   Thumb Code   112  _printf_fp_infnan.o(.text)
    _btod_etento                             0x00003d85   Thumb Code   224  bigflt0.o(.text)
    __user_libspace                          0x00003e69   Thumb Code     8  libspace.o(.text)
    __user_perproc_libspace                  0x00003e69   Thumb Code     0  libspace.o(.text)
    __user_perthread_libspace                0x00003e69   Thumb Code     0  libspace.o(.text)
    __user_setup_stackheap                   0x00003e71   Thumb Code    74  sys_stackheap_outer.o(.text)
    exit                                     0x00003ebb   Thumb Code    18  exit.o(.text)
    strcmp                                   0x00003ecd   Thumb Code   128  strcmpv7m.o(.text)
    _sys_exit                                0x00003f4d   Thumb Code     8  sys_exit.o(.text)
    __semihosting_library_function           0x00003f59   Thumb Code     0  indicate_semi.o(.text)
    _btod_d2e                                0x00003f59   Thumb Code    62  btod.o(CL$$btod_d2e)
    _d2e_denorm_low                          0x00003f97   Thumb Code    70  btod.o(CL$$btod_d2e_denorm_low)
    _d2e_norm_op1                            0x00003fdd   Thumb Code    96  btod.o(CL$$btod_d2e_norm_op1)
    __btod_div_common                        0x0000403d   Thumb Code   696  btod.o(CL$$btod_div_common)
    _e2e                                     0x00004375   Thumb Code   220  btod.o(CL$$btod_e2e)
    _btod_ediv                               0x00004451   Thumb Code    42  btod.o(CL$$btod_ediv)
    _btod_emul                               0x0000447b   Thumb Code    42  btod.o(CL$$btod_emul)
    __btod_mult_common                       0x000044a5   Thumb Code   580  btod.o(CL$$btod_mult_common)
    __ARM_fpclassify                         0x000046e9   Thumb Code    40  fpclassify.o(i.__ARM_fpclassify)
    _is_digit                                0x00004711   Thumb Code    14  __printf_wp.o(i._is_digit)
    _get_lc_numeric                          0x00004721   Thumb Code    44  lc_numeric_c.o(locale$$code)
    __aeabi_d2f                              0x0000474d   Thumb Code     0  d2f.o(x$fpl$d2f)
    _d2f                                     0x0000474d   Thumb Code    98  d2f.o(x$fpl$d2f)
    __aeabi_dadd                             0x000047b1   Thumb Code     0  daddsub_clz.o(x$fpl$dadd)
    _dadd                                    0x000047b1   Thumb Code   332  daddsub_clz.o(x$fpl$dadd)
    __fpl_dcmp_Inf                           0x00004901   Thumb Code    24  dcmpi.o(x$fpl$dcmpinf)
    __aeabi_ddiv                             0x00004919   Thumb Code     0  ddiv.o(x$fpl$ddiv)
    _ddiv                                    0x00004919   Thumb Code   552  ddiv.o(x$fpl$ddiv)
    __aeabi_cdcmpeq                          0x00004bc9   Thumb Code     0  deqf.o(x$fpl$deqf)
    _dcmpeq                                  0x00004bc9   Thumb Code   120  deqf.o(x$fpl$deqf)
    __aeabi_d2uiz                            0x00004c41   Thumb Code     0  dfixu.o(x$fpl$dfixu)
    _dfixu                                   0x00004c41   Thumb Code    90  dfixu.o(x$fpl$dfixu)
    __aeabi_i2d                              0x00004c9b   Thumb Code     0  dflt_clz.o(x$fpl$dflt)
    _dflt                                    0x00004c9b   Thumb Code    46  dflt_clz.o(x$fpl$dflt)
    __aeabi_ui2d                             0x00004cc9   Thumb Code     0  dflt_clz.o(x$fpl$dfltu)
    _dfltu                                   0x00004cc9   Thumb Code    38  dflt_clz.o(x$fpl$dfltu)
    __aeabi_cdcmple                          0x00004cf1   Thumb Code     0  dleqf.o(x$fpl$dleqf)
    _dcmple                                  0x00004cf1   Thumb Code   120  dleqf.o(x$fpl$dleqf)
    __fpl_dcmple_InfNaN                      0x00004d53   Thumb Code     0  dleqf.o(x$fpl$dleqf)
    __aeabi_dmul                             0x00004d69   Thumb Code     0  dmul.o(x$fpl$dmul)
    _dmul                                    0x00004d69   Thumb Code   332  dmul.o(x$fpl$dmul)
    __fpl_dnaninf                            0x00004ebd   Thumb Code   156  dnaninf.o(x$fpl$dnaninf)
    __fpl_dretinf                            0x00004f59   Thumb Code    12  dretinf.o(x$fpl$dretinf)
    __aeabi_cdrcmple                         0x00004f65   Thumb Code     0  drleqf.o(x$fpl$drleqf)
    _drcmple                                 0x00004f65   Thumb Code   108  drleqf.o(x$fpl$drleqf)
    __aeabi_dsub                             0x00004fd1   Thumb Code     0  daddsub_clz.o(x$fpl$dsub)
    _dsub                                    0x00004fd1   Thumb Code   464  daddsub_clz.o(x$fpl$dsub)
    __aeabi_f2d                              0x000051a5   Thumb Code     0  f2d.o(x$fpl$f2d)
    _f2d                                     0x000051a5   Thumb Code    86  f2d.o(x$fpl$f2d)
    __aeabi_fadd                             0x000051fd   Thumb Code     0  faddsub_clz.o(x$fpl$fadd)
    _fadd                                    0x000051fd   Thumb Code   196  faddsub_clz.o(x$fpl$fadd)
    __fpl_fcmp_Inf                           0x000052c1   Thumb Code    24  fcmpi.o(x$fpl$fcmpinf)
    __aeabi_cfcmple                          0x000052d9   Thumb Code     0  fleqf.o(x$fpl$fleqf)
    _fcmple                                  0x000052d9   Thumb Code   104  fleqf.o(x$fpl$fleqf)
    __fpl_fcmple_InfNaN                      0x0000532b   Thumb Code     0  fleqf.o(x$fpl$fleqf)
    __aeabi_fmul                             0x00005341   Thumb Code     0  fmul.o(x$fpl$fmul)
    _fmul                                    0x00005341   Thumb Code   258  fmul.o(x$fpl$fmul)
    __fpl_fnaninf                            0x00005443   Thumb Code   140  fnaninf.o(x$fpl$fnaninf)
    __fpl_fretinf                            0x000054cf   Thumb Code    10  fretinf.o(x$fpl$fretinf)
    __aeabi_cfrcmple                         0x000054d9   Thumb Code     0  frleqf.o(x$fpl$frleqf)
    _frcmple                                 0x000054d9   Thumb Code    98  frleqf.o(x$fpl$frleqf)
    __aeabi_fsub                             0x0000553d   Thumb Code     0  faddsub_clz.o(x$fpl$fsub)
    _fsub                                    0x0000553d   Thumb Code   234  faddsub_clz.o(x$fpl$fsub)
    _printf_fp_dec                           0x00005627   Thumb Code     4  printf1.o(x$fpl$printf1)
    __I$use$fp                               0x0000562a   Number         0  usenofp.o(x$fpl$usenofp)
    Region$$Table$$Base                      0x00005cb0   Number         0  anon$$obj.o(Region$$Table)
    Region$$Table$$Limit                     0x00005ce0   Number         0  anon$$obj.o(Region$$Table)
    SystemCoreClock                          0x2007c000   Data           4  system_lpc17xx.o(.data)
    matrix                                   0x2007c008   Data          56  touchpanel.o(.data)
    display                                  0x2007c040   Data           4  touchpanel.o(.data)
    DisplaySample                            0x2007c044   Data          12  touchpanel.o(.data)
    grados                                   0x2007c054   Data           4  tp_simple.o(.data)
    zone_1                                   0x2007c058   Data          10  tp_simple.o(.data)
    zone_2                                   0x2007c062   Data          10  tp_simple.o(.data)
    zone_3                                   0x2007c06c   Data          10  tp_simple.o(.data)
    zone_4                                   0x2007c076   Data          10  tp_simple.o(.data)
    zone_5                                   0x2007c080   Data          10  tp_simple.o(.data)
    zone_6                                   0x2007c08a   Data          10  tp_simple.o(.data)
    zone_7                                   0x2007c094   Data          10  tp_simple.o(.data)
    zone_8                                   0x2007c09e   Data          10  tp_simple.o(.data)
    zone_9                                   0x2007c0a8   Data          10  tp_simple.o(.data)
    zone_10                                  0x2007c0b2   Data          10  tp_simple.o(.data)
    zone_11                                  0x2007c0bc   Data          10  tp_simple.o(.data)
    zone_12                                  0x2007c0c6   Data          10  tp_simple.o(.data)
    zone_13                                  0x2007c0d0   Data          10  tp_simple.o(.data)
    zone_14                                  0x2007c0da   Data          10  tp_simple.o(.data)
    zone_15                                  0x2007c0e4   Data          10  tp_simple.o(.data)
    zone_16                                  0x2007c0ee   Data          10  tp_simple.o(.data)
    pressedTouchPanel                        0x2007c0f8   Data           1  tp_simple.o(.data)
    dato                                     0x2007c0fc   Data           4  tp_simple.o(.data)
    dato1                                    0x2007c100   Data           4  tp_simple.o(.data)
    dato2                                    0x2007c104   Data           4  tp_simple.o(.data)
    dato3                                    0x2007c108   Data           4  tp_simple.o(.data)
    i                                        0x2007c10c   Data           4  tp_simple.o(.data)
    j                                        0x2007c110   Data           4  tp_simple.o(.data)
    event_1                                  0x2007c114   Data           4  tp_simple.o(.data)
    event_2                                  0x2007c118   Data           4  tp_simple.o(.data)
    echo                                     0x2007c11c   Data           4  tp_simple.o(.data)
    anterior                                 0x2007c120   Data           4  tp_simple.o(.data)
    distancia                                0x2007c124   Data           4  tp_simple.o(.data)
    frec_echo                                0x2007c128   Data           4  tp_simple.o(.data)
    event                                    0x2007c12c   Data           4  tp_simple.o(.data)
    ScreenSample                             0x2007c130   Data          12  touchpanel.o(.bss)
    texto                                    0x2007c13c   Data          25  tp_simple.o(.bss)
    __libspace_start                         0x2007c158   Data          96  libspace.o(.bss)
    __temporary_stack_top$libspace           0x2007c1b8   Data           0  libspace.o(.bss)



==============================================================================

Memory Map of the image

  Image Entry point : 0x000000cd

  Load Region LR_IROM1 (Base: 0x00000000, Size: 0x00005e2c, Max: 0x00080000, ABSOLUTE, COMPRESSED[0x00005d84])

    Execution Region ER_IROM1 (Exec base: 0x00000000, Load base: 0x00000000, Size: 0x00005cfc, Max: 0x00080000, ABSOLUTE)

    Exec Addr    Load Addr    Size         Type   Attr      Idx    E Section Name        Object

    0x00000000   0x00000000   0x000000cc   Data   RO           14    RESET               startup_lpc17xx.o
    0x000000cc   0x000000cc   0x00000008   Code   RO          232  * !!!main             c_w.l(__main.o)
    0x000000d4   0x000000d4   0x00000034   Code   RO          520    !!!scatter          c_w.l(__scatter.o)
    0x00000108   0x00000108   0x0000005a   Code   RO          518    !!dczerorl2         c_w.l(__dczerorl2.o)
    0x00000162   0x00000162   0x00000002   PAD
    0x00000164   0x00000164   0x0000001c   Code   RO          522    !!handler_zi        c_w.l(__scatter_zi.o)
    0x00000180   0x00000180   0x00000000   Code   RO          223    .ARM.Collect$$_printf_percent$$00000000  c_w.l(_printf_percent.o)
    0x00000180   0x00000180   0x00000006   Code   RO          222    .ARM.Collect$$_printf_percent$$00000003  c_w.l(_printf_f.o)
    0x00000186   0x00000186   0x00000006   Code   RO          221    .ARM.Collect$$_printf_percent$$00000009  c_w.l(_printf_d.o)
    0x0000018c   0x0000018c   0x00000006   Code   RO          220    .ARM.Collect$$_printf_percent$$00000013  c_w.l(_printf_c.o)
    0x00000192   0x00000192   0x00000004   Code   RO          293    .ARM.Collect$$_printf_percent$$00000017  c_w.l(_printf_percent_end.o)
    0x00000196   0x00000196   0x00000002   Code   RO          389    .ARM.Collect$$libinit$$00000000  c_w.l(libinit.o)
    0x00000198   0x00000198   0x00000000   Code   RO          391    .ARM.Collect$$libinit$$00000002  c_w.l(libinit2.o)
    0x00000198   0x00000198   0x00000000   Code   RO          393    .ARM.Collect$$libinit$$00000004  c_w.l(libinit2.o)
    0x00000198   0x00000198   0x00000000   Code   RO          396    .ARM.Collect$$libinit$$0000000A  c_w.l(libinit2.o)
    0x00000198   0x00000198   0x00000000   Code   RO          398    .ARM.Collect$$libinit$$0000000C  c_w.l(libinit2.o)
    0x00000198   0x00000198   0x00000000   Code   RO          400    .ARM.Collect$$libinit$$0000000E  c_w.l(libinit2.o)
    0x00000198   0x00000198   0x00000006   Code   RO          401    .ARM.Collect$$libinit$$0000000F  c_w.l(libinit2.o)
    0x0000019e   0x0000019e   0x00000000   Code   RO          403    .ARM.Collect$$libinit$$00000011  c_w.l(libinit2.o)
    0x0000019e   0x0000019e   0x00000000   Code   RO          405    .ARM.Collect$$libinit$$00000013  c_w.l(libinit2.o)
    0x0000019e   0x0000019e   0x00000000   Code   RO          407    .ARM.Collect$$libinit$$00000015  c_w.l(libinit2.o)
    0x0000019e   0x0000019e   0x0000000a   Code   RO          408    .ARM.Collect$$libinit$$00000016  c_w.l(libinit2.o)
    0x000001a8   0x000001a8   0x00000000   Code   RO          409    .ARM.Collect$$libinit$$00000017  c_w.l(libinit2.o)
    0x000001a8   0x000001a8   0x00000000   Code   RO          411    .ARM.Collect$$libinit$$00000019  c_w.l(libinit2.o)
    0x000001a8   0x000001a8   0x00000000   Code   RO          413    .ARM.Collect$$libinit$$0000001B  c_w.l(libinit2.o)
    0x000001a8   0x000001a8   0x00000000   Code   RO          415    .ARM.Collect$$libinit$$0000001D  c_w.l(libinit2.o)
    0x000001a8   0x000001a8   0x00000000   Code   RO          417    .ARM.Collect$$libinit$$0000001F  c_w.l(libinit2.o)
    0x000001a8   0x000001a8   0x00000000   Code   RO          419    .ARM.Collect$$libinit$$00000021  c_w.l(libinit2.o)
    0x000001a8   0x000001a8   0x00000000   Code   RO          421    .ARM.Collect$$libinit$$00000023  c_w.l(libinit2.o)
    0x000001a8   0x000001a8   0x00000000   Code   RO          423    .ARM.Collect$$libinit$$00000025  c_w.l(libinit2.o)
    0x000001a8   0x000001a8   0x00000000   Code   RO          427    .ARM.Collect$$libinit$$0000002C  c_w.l(libinit2.o)
    0x000001a8   0x000001a8   0x00000000   Code   RO          429    .ARM.Collect$$libinit$$0000002E  c_w.l(libinit2.o)
    0x000001a8   0x000001a8   0x00000000   Code   RO          431    .ARM.Collect$$libinit$$00000030  c_w.l(libinit2.o)
    0x000001a8   0x000001a8   0x00000000   Code   RO          433    .ARM.Collect$$libinit$$00000032  c_w.l(libinit2.o)
    0x000001a8   0x000001a8   0x00000002   Code   RO          434    .ARM.Collect$$libinit$$00000033  c_w.l(libinit2.o)
    0x000001aa   0x000001aa   0x00000002   Code   RO          481    .ARM.Collect$$libshutdown$$00000000  c_w.l(libshutdown.o)
    0x000001ac   0x000001ac   0x00000000   Code   RO          499    .ARM.Collect$$libshutdown$$00000002  c_w.l(libshutdown2.o)
    0x000001ac   0x000001ac   0x00000000   Code   RO          501    .ARM.Collect$$libshutdown$$00000004  c_w.l(libshutdown2.o)
    0x000001ac   0x000001ac   0x00000000   Code   RO          503    .ARM.Collect$$libshutdown$$00000006  c_w.l(libshutdown2.o)
    0x000001ac   0x000001ac   0x00000000   Code   RO          506    .ARM.Collect$$libshutdown$$00000009  c_w.l(libshutdown2.o)
    0x000001ac   0x000001ac   0x00000000   Code   RO          509    .ARM.Collect$$libshutdown$$0000000C  c_w.l(libshutdown2.o)
    0x000001ac   0x000001ac   0x00000000   Code   RO          511    .ARM.Collect$$libshutdown$$0000000E  c_w.l(libshutdown2.o)
    0x000001ac   0x000001ac   0x00000000   Code   RO          514    .ARM.Collect$$libshutdown$$00000011  c_w.l(libshutdown2.o)
    0x000001ac   0x000001ac   0x00000002   Code   RO          515    .ARM.Collect$$libshutdown$$00000012  c_w.l(libshutdown2.o)
    0x000001ae   0x000001ae   0x00000000   Code   RO          278    .ARM.Collect$$rtentry$$00000000  c_w.l(__rtentry.o)
    0x000001ae   0x000001ae   0x00000000   Code   RO          312    .ARM.Collect$$rtentry$$00000002  c_w.l(__rtentry2.o)
    0x000001ae   0x000001ae   0x00000006   Code   RO          324    .ARM.Collect$$rtentry$$00000004  c_w.l(__rtentry4.o)
    0x000001b4   0x000001b4   0x00000000   Code   RO          314    .ARM.Collect$$rtentry$$00000009  c_w.l(__rtentry2.o)
    0x000001b4   0x000001b4   0x00000004   Code   RO          315    .ARM.Collect$$rtentry$$0000000A  c_w.l(__rtentry2.o)
    0x000001b8   0x000001b8   0x00000000   Code   RO          317    .ARM.Collect$$rtentry$$0000000C  c_w.l(__rtentry2.o)
    0x000001b8   0x000001b8   0x00000008   Code   RO          318    .ARM.Collect$$rtentry$$0000000D  c_w.l(__rtentry2.o)
    0x000001c0   0x000001c0   0x00000002   Code   RO          435    .ARM.Collect$$rtexit$$00000000  c_w.l(rtexit.o)
    0x000001c2   0x000001c2   0x00000000   Code   RO          450    .ARM.Collect$$rtexit$$00000002  c_w.l(rtexit2.o)
    0x000001c2   0x000001c2   0x00000004   Code   RO          451    .ARM.Collect$$rtexit$$00000003  c_w.l(rtexit2.o)
    0x000001c6   0x000001c6   0x00000006   Code   RO          452    .ARM.Collect$$rtexit$$00000004  c_w.l(rtexit2.o)
    0x000001cc   0x000001cc   0x00000040   Code   RO           16    .text               startup_lpc17xx.o
    0x0000020c   0x0000020c   0x00000020   Code   RO           58    .text               asciilib.o
    0x0000022c   0x0000022c   0x00000028   Code   RO          190    .text               c_w.l(noretval__2sprintf.o)
    0x00000254   0x00000254   0x0000004e   Code   RO          194    .text               c_w.l(_printf_pad.o)
    0x000002a2   0x000002a2   0x00000052   Code   RO          196    .text               c_w.l(_printf_str.o)
    0x000002f4   0x000002f4   0x00000006   Code   RO          230    .text               c_w.l(heapauxi.o)
    0x000002fa   0x000002fa   0x00000002   Code   RO          468    .text               c_w.l(use_no_semi.o)
    0x000002fc   0x000002fc   0x00000004   Code   RO           15    .ARM.__at_0x02FC    startup_lpc17xx.o
    0x00000300   0x00000300   0x000002ec   Code   RO           24    .text               system_lpc17xx.o
    0x000005ec   0x000005ec   0x00001790   Code   RO           79    .text               glcd.o
    0x00001d7c   0x00001d7c   0x000007d4   Code   RO          111    .text               touchpanel.o
    0x00002550   0x00002550   0x00000df8   Code   RO          134    .text               tp_simple.o
    0x00003348   0x00003348   0x000000ee   Code   RO          186    .text               c_w.l(lludivv7m.o)
    0x00003436   0x00003436   0x00000002   PAD
    0x00003438   0x00003438   0x00000078   Code   RO          198    .text               c_w.l(_printf_dec.o)
    0x000034b0   0x000034b0   0x0000010e   Code   RO          208    .text               c_w.l(__printf_wp.o)
    0x000035be   0x000035be   0x0000003e   Code   RO          224    .text               c_w.l(strlen.o)
    0x000035fc   0x000035fc   0x0000008a   Code   RO          226    .text               c_w.l(rt_memcpy_v6.o)
    0x00003686   0x00003686   0x0000004e   Code   RO          228    .text               c_w.l(rt_memclr_w.o)
    0x000036d4   0x000036d4   0x000000b2   Code   RO          283    .text               c_w.l(_printf_intcommon.o)
    0x00003786   0x00003786   0x0000041e   Code   RO          285    .text               c_w.l(_printf_fp_dec.o)
    0x00003ba4   0x00003ba4   0x00000030   Code   RO          287    .text               c_w.l(_printf_char_common.o)
    0x00003bd4   0x00003bd4   0x0000000a   Code   RO          289    .text               c_w.l(_sputc.o)
    0x00003bde   0x00003bde   0x0000002c   Code   RO          291    .text               c_w.l(_printf_char.o)
    0x00003c0a   0x00003c0a   0x00000064   Code   RO          294    .text               c_w.l(rt_memcpy_w.o)
    0x00003c6e   0x00003c6e   0x00000002   PAD
    0x00003c70   0x00003c70   0x00000008   Code   RO          331    .text               c_w.l(rt_locale_intlibspace.o)
    0x00003c78   0x00003c78   0x0000008a   Code   RO          333    .text               c_w.l(lludiv10.o)
    0x00003d02   0x00003d02   0x00000002   PAD
    0x00003d04   0x00003d04   0x00000080   Code   RO          335    .text               c_w.l(_printf_fp_infnan.o)
    0x00003d84   0x00003d84   0x000000e4   Code   RO          339    .text               c_w.l(bigflt0.o)
    0x00003e68   0x00003e68   0x00000008   Code   RO          371    .text               c_w.l(libspace.o)
    0x00003e70   0x00003e70   0x0000004a   Code   RO          374    .text               c_w.l(sys_stackheap_outer.o)
    0x00003eba   0x00003eba   0x00000012   Code   RO          376    .text               c_w.l(exit.o)
    0x00003ecc   0x00003ecc   0x00000080   Code   RO          382    .text               c_w.l(strcmpv7m.o)
    0x00003f4c   0x00003f4c   0x0000000c   Code   RO          447    .text               c_w.l(sys_exit.o)
    0x00003f58   0x00003f58   0x00000000   Code   RO          470    .text               c_w.l(indicate_semi.o)
    0x00003f58   0x00003f58   0x0000003e   Code   RO          342    CL$$btod_d2e        c_w.l(btod.o)
    0x00003f96   0x00003f96   0x00000046   Code   RO          344    CL$$btod_d2e_denorm_low  c_w.l(btod.o)
    0x00003fdc   0x00003fdc   0x00000060   Code   RO          343    CL$$btod_d2e_norm_op1  c_w.l(btod.o)
    0x0000403c   0x0000403c   0x00000338   Code   RO          352    CL$$btod_div_common  c_w.l(btod.o)
    0x00004374   0x00004374   0x000000dc   Code   RO          349    CL$$btod_e2e        c_w.l(btod.o)
    0x00004450   0x00004450   0x0000002a   Code   RO          346    CL$$btod_ediv       c_w.l(btod.o)
    0x0000447a   0x0000447a   0x0000002a   Code   RO          345    CL$$btod_emul       c_w.l(btod.o)
    0x000044a4   0x000044a4   0x00000244   Code   RO          351    CL$$btod_mult_common  c_w.l(btod.o)
    0x000046e8   0x000046e8   0x00000028   Code   RO          369    i.__ARM_fpclassify  m_ws.l(fpclassify.o)
    0x00004710   0x00004710   0x0000000e   Code   RO          210    i._is_digit         c_w.l(__printf_wp.o)
    0x0000471e   0x0000471e   0x00000002   PAD
    0x00004720   0x00004720   0x0000002c   Code   RO          365    locale$$code        c_w.l(lc_numeric_c.o)
    0x0000474c   0x0000474c   0x00000062   Code   RO          234    x$fpl$d2f           fz_ws.l(d2f.o)
    0x000047ae   0x000047ae   0x00000002   PAD
    0x000047b0   0x000047b0   0x00000150   Code   RO          236    x$fpl$dadd          fz_ws.l(daddsub_clz.o)
    0x00004900   0x00004900   0x00000018   Code   RO          296    x$fpl$dcmpinf       fz_ws.l(dcmpi.o)
    0x00004918   0x00004918   0x000002b0   Code   RO          243    x$fpl$ddiv          fz_ws.l(ddiv.o)
    0x00004bc8   0x00004bc8   0x00000078   Code   RO          246    x$fpl$deqf          fz_ws.l(deqf.o)
    0x00004c40   0x00004c40   0x0000005a   Code   RO          248    x$fpl$dfixu         fz_ws.l(dfixu.o)
    0x00004c9a   0x00004c9a   0x0000002e   Code   RO          253    x$fpl$dflt          fz_ws.l(dflt_clz.o)
    0x00004cc8   0x00004cc8   0x00000026   Code   RO          252    x$fpl$dfltu         fz_ws.l(dflt_clz.o)
    0x00004cee   0x00004cee   0x00000002   PAD
    0x00004cf0   0x00004cf0   0x00000078   Code   RO          298    x$fpl$dleqf         fz_ws.l(dleqf.o)
    0x00004d68   0x00004d68   0x00000154   Code   RO          258    x$fpl$dmul          fz_ws.l(dmul.o)
    0x00004ebc   0x00004ebc   0x0000009c   Code   RO          300    x$fpl$dnaninf       fz_ws.l(dnaninf.o)
    0x00004f58   0x00004f58   0x0000000c   Code   RO          302    x$fpl$dretinf       fz_ws.l(dretinf.o)
    0x00004f64   0x00004f64   0x0000006c   Code   RO          260    x$fpl$drleqf        fz_ws.l(drleqf.o)
    0x00004fd0   0x00004fd0   0x000001d4   Code   RO          238    x$fpl$dsub          fz_ws.l(daddsub_clz.o)
    0x000051a4   0x000051a4   0x00000056   Code   RO          262    x$fpl$f2d           fz_ws.l(f2d.o)
    0x000051fa   0x000051fa   0x00000002   PAD
    0x000051fc   0x000051fc   0x000000c4   Code   RO          264    x$fpl$fadd          fz_ws.l(faddsub_clz.o)
    0x000052c0   0x000052c0   0x00000018   Code   RO          304    x$fpl$fcmpinf       fz_ws.l(fcmpi.o)
    0x000052d8   0x000052d8   0x00000068   Code   RO          270    x$fpl$fleqf         fz_ws.l(fleqf.o)
    0x00005340   0x00005340   0x00000102   Code   RO          272    x$fpl$fmul          fz_ws.l(fmul.o)
    0x00005442   0x00005442   0x0000008c   Code   RO          306    x$fpl$fnaninf       fz_ws.l(fnaninf.o)
    0x000054ce   0x000054ce   0x0000000a   Code   RO          308    x$fpl$fretinf       fz_ws.l(fretinf.o)
    0x000054d8   0x000054d8   0x00000062   Code   RO          274    x$fpl$frleqf        fz_ws.l(frleqf.o)
    0x0000553a   0x0000553a   0x00000002   PAD
    0x0000553c   0x0000553c   0x000000ea   Code   RO          266    x$fpl$fsub          fz_ws.l(faddsub_clz.o)
    0x00005626   0x00005626   0x00000004   Code   RO          276    x$fpl$printf1       fz_ws.l(printf1.o)
    0x0000562a   0x0000562a   0x00000000   Code   RO          310    x$fpl$usenofp       fz_ws.l(usenofp.o)
    0x0000562a   0x0000562a   0x000005f0   Data   RO           59    .constdata          asciilib.o
    0x00005c1a   0x00005c1a   0x00000002   PAD
    0x00005c1c   0x00005c1c   0x00000094   Data   RO          340    .constdata          c_w.l(bigflt0.o)
    0x00005cb0   0x00005cb0   0x00000030   Data   RO          516    Region$$Table       anon$$obj.o
    0x00005ce0   0x00005ce0   0x0000001c   Data   RO          364    locale$$data        c_w.l(lc_numeric_c.o)


    Execution Region RW_IRAM1 (Exec base: 0x10000000, Load base: 0x00005cfc, Size: 0x00000400, Max: 0x00008000, ABSOLUTE)

    Exec Addr    Load Addr    Size         Type   Attr      Idx    E Section Name        Object

    0x10000000        -       0x00000400   Zero   RW           13    HEAP                startup_lpc17xx.o


    Execution Region RW_IRAM2 (Exec base: 0x2007c000, Load base: 0x00005cfc, Size: 0x000003b8, Max: 0x00008000, ABSOLUTE, COMPRESSED[0x00000088])

    Exec Addr    Load Addr    Size         Type   Attr      Idx    E Section Name        Object

    0x2007c000   COMPRESSED   0x00000004   Data   RW           25    .data               system_lpc17xx.o
    0x2007c004   COMPRESSED   0x00000001   Data   RW           80    .data               glcd.o
    0x2007c005   COMPRESSED   0x00000003   PAD
    0x2007c008   COMPRESSED   0x0000004c   Data   RW          113    .data               touchpanel.o
    0x2007c054   COMPRESSED   0x000000dc   Data   RW          136    .data               tp_simple.o
    0x2007c130        -       0x0000000c   Zero   RW          112    .bss                touchpanel.o
    0x2007c13c        -       0x00000019   Zero   RW          135    .bss                tp_simple.o
    0x2007c155   COMPRESSED   0x00000003   PAD
    0x2007c158        -       0x00000060   Zero   RW          372    .bss                c_w.l(libspace.o)
    0x2007c1b8        -       0x00000200   Zero   RW           12    STACK               startup_lpc17xx.o


==============================================================================

Image component sizes


      Code (inc. data)   RO Data    RW Data    ZI Data      Debug   Object Name

        32          6       1520          0          0       1171   asciilib.o
         0          0          0          0          0       4508   core_cm3.o
      6032         44          0          1          0      17089   glcd.o
        68         30        204          0       1536       1136   startup_lpc17xx.o
       748         30          0          4          0       1189   system_lpc17xx.o
      2004         70          0         76         12       5781   touchpanel.o
      3576        404          0        220         25      41135   tp_simple.o

    ----------------------------------------------------------------------
     12460        584       1774        304       1576      72009   Object Totals
         0          0         48          0          0          0   (incl. Generated)
         0          0          2          3          3          0   (incl. Padding)

    ----------------------------------------------------------------------

      Code (inc. data)   RO Data    RW Data    ZI Data      Debug   Library Member Name

        90          0          0          0          0          0   __dczerorl2.o
         8          0          0          0          0         68   __main.o
       284          0          0          0          0        156   __printf_wp.o
         0          0          0          0          0          0   __rtentry.o
        12          0          0          0          0          0   __rtentry2.o
         6          0          0          0          0          0   __rtentry4.o
        52          8          0          0          0          0   __scatter.o
        28          0          0          0          0          0   __scatter_zi.o
         6          0          0          0          0          0   _printf_c.o
        44          0          0          0          0        108   _printf_char.o
        48          6          0          0          0         96   _printf_char_common.o
         6          0          0          0          0          0   _printf_d.o
       120         16          0          0          0         92   _printf_dec.o
         6          0          0          0          0          0   _printf_f.o
      1054          0          0          0          0        216   _printf_fp_dec.o
       128         16          0          0          0         84   _printf_fp_infnan.o
       178          0          0          0          0         88   _printf_intcommon.o
        78          0          0          0          0        108   _printf_pad.o
         0          0          0          0          0          0   _printf_percent.o
         4          0          0          0          0          0   _printf_percent_end.o
        82          0          0          0          0         80   _printf_str.o
        10          0          0          0          0         68   _sputc.o
       228          4        148          0          0         96   bigflt0.o
      1936        128          0          0          0        672   btod.o
        18          0          0          0          0         80   exit.o
         6          0          0          0          0        152   heapauxi.o
         0          0          0          0          0          0   indicate_semi.o
        44         10         28          0          0         76   lc_numeric_c.o
         2          0          0          0          0          0   libinit.o
        18          0          0          0          0          0   libinit2.o
         2          0          0          0          0          0   libshutdown.o
         2          0          0          0          0          0   libshutdown2.o
         8          4          0          0         96         68   libspace.o
       138          0          0          0          0         80   lludiv10.o
       238          0          0          0          0        100   lludivv7m.o
        40          6          0          0          0         84   noretval__2sprintf.o
         8          4          0          0          0         68   rt_locale_intlibspace.o
        78          0          0          0          0         80   rt_memclr_w.o
       138          0          0          0          0         68   rt_memcpy_v6.o
       100          0          0          0          0         80   rt_memcpy_w.o
         2          0          0          0          0          0   rtexit.o
        10          0          0          0          0          0   rtexit2.o
       128          0          0          0          0         68   strcmpv7m.o
        62          0          0          0          0         76   strlen.o
        12          4          0          0          0         68   sys_exit.o
        74          0          0          0          0         80   sys_stackheap_outer.o
         2          0          0          0          0         68   use_no_semi.o
        98          4          0          0          0         92   d2f.o
       804         16          0          0          0        272   daddsub_clz.o
        24          0          0          0          0         68   dcmpi.o
       688        140          0          0          0        208   ddiv.o
       120          4          0          0          0         92   deqf.o
        90          4          0          0          0         92   dfixu.o
        84          0          0          0          0        136   dflt_clz.o
       120          4          0          0          0         92   dleqf.o
       340         12          0          0          0        104   dmul.o
       156          4          0          0          0         92   dnaninf.o
        12          0          0          0          0         68   dretinf.o
       108          0          0          0          0         80   drleqf.o
        86          4          0          0          0         84   f2d.o
       430          8          0          0          0        168   faddsub_clz.o
        24          0          0          0          0         68   fcmpi.o
       104          4          0          0          0         84   fleqf.o
       258          4          0          0          0         84   fmul.o
       140          4          0          0          0         84   fnaninf.o
        10          0          0          0          0         68   fretinf.o
        98          0          0          0          0         68   frleqf.o
         4          0          0          0          0         68   printf1.o
         0          0          0          0          0          0   usenofp.o
        40          0          0          0          0         68   fpclassify.o

    ----------------------------------------------------------------------
      9394        418        176          0         96       5468   Library Totals
        18          0          0          0          0          0   (incl. Padding)

    ----------------------------------------------------------------------

      Code (inc. data)   RO Data    RW Data    ZI Data      Debug   Library Name

      5538        206        176          0         96       3228   c_w.l
      3798        212          0          0          0       2172   fz_ws.l
        40          0          0          0          0         68   m_ws.l

    ----------------------------------------------------------------------
      9394        418        176          0         96       5468   Library Totals

    ----------------------------------------------------------------------

==============================================================================


      Code (inc. data)   RO Data    RW Data    ZI Data      Debug   

     21854       1002       1950        304       1672      74041   Grand Totals
     21854       1002       1950        136       1672      74041   ELF Image Totals (compressed)
     21854       1002       1950        136          0          0   ROM Totals

==============================================================================

    Total RO  Size (Code + RO Data)                23804 (  23.25kB)
    Total RW  Size (RW Data + ZI Data)              1976 (   1.93kB)
    Total ROM Size (Code + RO Data + RW Data)      23940 (  23.38kB)

==============================================================================

