Component: ARM Compiler 5.06 update 7 (build 960) Tool: armlink [4d3601]

==============================================================================

Section Cross References

    startup_lpc17xx.o(RESET) refers to startup_lpc17xx.o(STACK) for __initial_sp
    startup_lpc17xx.o(RESET) refers to startup_lpc17xx.o(.text) for Reset_Handler
    startup_lpc17xx.o(RESET) refers to ds1621.o(.text) for TIMER0_IRQHandler
    startup_lpc17xx.o(.text) refers to system_lpc17xx.o(.text) for SystemInit
    startup_lpc17xx.o(.text) refers to entry.o(.ARM.Collect$$$$00000000) for __main
    system_lpc17xx.o(.text) refers to uldiv.o(.text) for __aeabi_uldivmod
    system_lpc17xx.o(.text) refers to system_lpc17xx.o(.data) for SystemCoreClock
    ds1621.o(.text) refers to i2c_lpc17xx.o(.text) for I2Cdelay
    ds1621.o(.text) refers to ds1621.o(.data) for semaf
    entry.o(.ARM.Collect$$$$00000000) refers (Special) to entry10a.o(.ARM.Collect$$$$0000000F) for __rt_final_cpp
    entry.o(.ARM.Collect$$$$00000000) refers (Special) to entry11a.o(.ARM.Collect$$$$00000011) for __rt_final_exit
    entry.o(.ARM.Collect$$$$00000000) refers (Special) to entry12b.o(.ARM.Collect$$$$0000000E) for __rt_lib_shutdown_fini
    entry.o(.ARM.Collect$$$$00000000) refers (Special) to entry7b.o(.ARM.Collect$$$$00000008) for _main_clock
    entry.o(.ARM.Collect$$$$00000000) refers (Special) to entry8b.o(.ARM.Collect$$$$0000000A) for _main_cpp_init
    entry.o(.ARM.Collect$$$$00000000) refers (Special) to entry9a.o(.ARM.Collect$$$$0000000B) for _main_init
    entry.o(.ARM.Collect$$$$00000000) refers (Special) to entry5.o(.ARM.Collect$$$$00000004) for _main_scatterload
    entry.o(.ARM.Collect$$$$00000000) refers (Special) to entry2.o(.ARM.Collect$$$$00000001) for _main_stk
    uldiv.o(.text) refers to llushr.o(.text) for __aeabi_llsr
    uldiv.o(.text) refers to llshl.o(.text) for __aeabi_llsl
    entry2.o(.ARM.Collect$$$$00000001) refers to entry2.o(.ARM.Collect$$$$00002712) for __lit__00000000
    entry2.o(.ARM.Collect$$$$00002712) refers to startup_lpc17xx.o(STACK) for __initial_sp
    entry2.o(__vectab_stack_and_reset_area) refers to startup_lpc17xx.o(STACK) for __initial_sp
    entry2.o(__vectab_stack_and_reset_area) refers to entry.o(.ARM.Collect$$$$00000000) for __main
    entry5.o(.ARM.Collect$$$$00000004) refers to init.o(.text) for __scatterload
    entry9a.o(.ARM.Collect$$$$0000000B) refers to ds1621.o(.text) for main
    entry9b.o(.ARM.Collect$$$$0000000C) refers to ds1621.o(.text) for main
    init.o(.text) refers to entry5.o(.ARM.Collect$$$$00000004) for __main_after_scatterload


==============================================================================

Removing Unused input sections from the image.

    Removing startup_lpc17xx.o(HEAP), (0 bytes).
    Removing system_lpc17xx.o(.rev16_text), (4 bytes).
    Removing system_lpc17xx.o(.revsh_text), (4 bytes).
    Removing system_lpc17xx.o(.rrx_text), (6 bytes).
    Removing i2c_lpc17xx.o(.rev16_text), (4 bytes).
    Removing i2c_lpc17xx.o(.revsh_text), (4 bytes).
    Removing i2c_lpc17xx.o(.rrx_text), (6 bytes).
    Removing ds1621.o(.rev16_text), (4 bytes).
    Removing ds1621.o(.revsh_text), (4 bytes).
    Removing ds1621.o(.rrx_text), (6 bytes).

10 unused section(s) (total 42 bytes) removed from the image.

==============================================================================

Image Symbol Table

    Local Symbols

    Symbol Name                              Value     Ov Type        Size  Object(Section)

    RESET                                    0x00000000   Section      204  startup_lpc17xx.o(RESET)
    ../clib/microlib/division.c              0x00000000   Number         0  uldiv.o ABSOLUTE
    ../clib/microlib/init/entry.s            0x00000000   Number         0  entry7b.o ABSOLUTE
    ../clib/microlib/init/entry.s            0x00000000   Number         0  entry7a.o ABSOLUTE
    ../clib/microlib/init/entry.s            0x00000000   Number         0  entry12b.o ABSOLUTE
    ../clib/microlib/init/entry.s            0x00000000   Number         0  entry12a.o ABSOLUTE
    ../clib/microlib/init/entry.s            0x00000000   Number         0  entry11b.o ABSOLUTE
    ../clib/microlib/init/entry.s            0x00000000   Number         0  entry11a.o ABSOLUTE
    ../clib/microlib/init/entry.s            0x00000000   Number         0  entry10b.o ABSOLUTE
    ../clib/microlib/init/entry.s            0x00000000   Number         0  entry.o ABSOLUTE
    ../clib/microlib/init/entry.s            0x00000000   Number         0  entry10a.o ABSOLUTE
    ../clib/microlib/init/entry.s            0x00000000   Number         0  entry9b.o ABSOLUTE
    ../clib/microlib/init/entry.s            0x00000000   Number         0  entry2.o ABSOLUTE
    ../clib/microlib/init/entry.s            0x00000000   Number         0  entry9a.o ABSOLUTE
    ../clib/microlib/init/entry.s            0x00000000   Number         0  entry8b.o ABSOLUTE
    ../clib/microlib/init/entry.s            0x00000000   Number         0  entry8a.o ABSOLUTE
    ../clib/microlib/init/entry.s            0x00000000   Number         0  entry5.o ABSOLUTE
    ../clib/microlib/longlong.c              0x00000000   Number         0  llushr.o ABSOLUTE
    ../clib/microlib/longlong.c              0x00000000   Number         0  llshl.o ABSOLUTE
    dc.s                                     0x00000000   Number         0  dc.o ABSOLUTE
    ds1621.c                                 0x00000000   Number         0  ds1621.o ABSOLUTE
    ds1621.c                                 0x00000000   Number         0  ds1621.o ABSOLUTE
    handlers.s                               0x00000000   Number         0  handlers.o ABSOLUTE
    i2c_lpc17xx.c                            0x00000000   Number         0  i2c_lpc17xx.o ABSOLUTE
    i2c_lpc17xx.c                            0x00000000   Number         0  i2c_lpc17xx.o ABSOLUTE
    init.s                                   0x00000000   Number         0  init.o ABSOLUTE
    startup_LPC17xx.s                        0x00000000   Number         0  startup_lpc17xx.o ABSOLUTE
    system_LPC17xx.c                         0x00000000   Number         0  system_lpc17xx.o ABSOLUTE
    system_LPC17xx.c                         0x00000000   Number         0  system_lpc17xx.o ABSOLUTE
    .ARM.Collect$$$$00000000                 0x000000cc   Section        0  entry.o(.ARM.Collect$$$$00000000)
    .ARM.Collect$$$$00000001                 0x000000cc   Section        4  entry2.o(.ARM.Collect$$$$00000001)
    .ARM.Collect$$$$00000004                 0x000000d0   Section        4  entry5.o(.ARM.Collect$$$$00000004)
    .ARM.Collect$$$$00000008                 0x000000d4   Section        0  entry7b.o(.ARM.Collect$$$$00000008)
    .ARM.Collect$$$$0000000A                 0x000000d4   Section        0  entry8b.o(.ARM.Collect$$$$0000000A)
    .ARM.Collect$$$$0000000B                 0x000000d4   Section        8  entry9a.o(.ARM.Collect$$$$0000000B)
    .ARM.Collect$$$$0000000E                 0x000000dc   Section        4  entry12b.o(.ARM.Collect$$$$0000000E)
    .ARM.Collect$$$$0000000F                 0x000000e0   Section        0  entry10a.o(.ARM.Collect$$$$0000000F)
    .ARM.Collect$$$$00000011                 0x000000e0   Section        0  entry11a.o(.ARM.Collect$$$$00000011)
    .ARM.Collect$$$$00002712                 0x000000e0   Section        4  entry2.o(.ARM.Collect$$$$00002712)
    __lit__00000000                          0x000000e0   Data           4  entry2.o(.ARM.Collect$$$$00002712)
    .text                                    0x000000e4   Section       36  startup_lpc17xx.o(.text)
    .text                                    0x00000108   Section        0  i2c_lpc17xx.o(.text)
    .text                                    0x0000025c   Section        0  uldiv.o(.text)
    .text                                    0x000002be   Section        0  llshl.o(.text)
    .text                                    0x000002dc   Section        0  llushr.o(.text)
    .ARM.__at_0x02FC                         0x000002fc   Section        4  startup_lpc17xx.o(.ARM.__at_0x02FC)
    .text                                    0x00000300   Section        0  system_lpc17xx.o(.text)
    .text                                    0x000005f0   Section        0  ds1621.o(.text)
    .text                                    0x00000798   Section       36  init.o(.text)
    i.__scatterload_copy                     0x000007bc   Section       14  handlers.o(i.__scatterload_copy)
    i.__scatterload_null                     0x000007ca   Section        2  handlers.o(i.__scatterload_null)
    i.__scatterload_zeroinit                 0x000007cc   Section       14  handlers.o(i.__scatterload_zeroinit)
    STACK                                    0x10000000   Section      512  startup_lpc17xx.o(STACK)
    .data                                    0x2007c000   Section        4  system_lpc17xx.o(.data)
    .data                                    0x2007c004   Section       10  ds1621.o(.data)

    Global Symbols

    Symbol Name                              Value     Ov Type        Size  Object(Section)

    BuildAttributes$$THM_ISAv4$P$D$K$B$S$PE$A:L22UL41UL21$X:L11$S22US41US21$IEEE1$IW$USESV6$~STKCKD$USESV7$~SHL$OSPACE$EBA8$MICROLIB$REQ8$PRES8$EABIv2 0x00000000   Number         0  anon$$obj.o ABSOLUTE
    __ARM_use_no_argv                        0x00000000   Number         0  ds1621.o ABSOLUTE
    __Vectors                                0x00000000   Data           4  startup_lpc17xx.o(RESET)
    __arm_fini_                               - Undefined Weak Reference
    __cpp_initialize__aeabi_                  - Undefined Weak Reference
    __cxa_finalize                            - Undefined Weak Reference
    __decompress                              - Undefined Weak Reference
    _clock_init                               - Undefined Weak Reference
    _microlib_exit                            - Undefined Weak Reference
    __main                                   0x000000cd   Thumb Code     0  entry.o(.ARM.Collect$$$$00000000)
    _main_stk                                0x000000cd   Thumb Code     0  entry2.o(.ARM.Collect$$$$00000001)
    _main_scatterload                        0x000000d1   Thumb Code     0  entry5.o(.ARM.Collect$$$$00000004)
    __main_after_scatterload                 0x000000d5   Thumb Code     0  entry5.o(.ARM.Collect$$$$00000004)
    _main_clock                              0x000000d5   Thumb Code     0  entry7b.o(.ARM.Collect$$$$00000008)
    _main_cpp_init                           0x000000d5   Thumb Code     0  entry8b.o(.ARM.Collect$$$$0000000A)
    _main_init                               0x000000d5   Thumb Code     0  entry9a.o(.ARM.Collect$$$$0000000B)
    __rt_lib_shutdown_fini                   0x000000dd   Thumb Code     0  entry12b.o(.ARM.Collect$$$$0000000E)
    __rt_final_cpp                           0x000000e1   Thumb Code     0  entry10a.o(.ARM.Collect$$$$0000000F)
    __rt_final_exit                          0x000000e1   Thumb Code     0  entry11a.o(.ARM.Collect$$$$00000011)
    Reset_Handler                            0x000000e5   Thumb Code     8  startup_lpc17xx.o(.text)
    NMI_Handler                              0x000000ed   Thumb Code     2  startup_lpc17xx.o(.text)
    HardFault_Handler                        0x000000ef   Thumb Code     2  startup_lpc17xx.o(.text)
    MemManage_Handler                        0x000000f1   Thumb Code     2  startup_lpc17xx.o(.text)
    BusFault_Handler                         0x000000f3   Thumb Code     2  startup_lpc17xx.o(.text)
    UsageFault_Handler                       0x000000f5   Thumb Code     2  startup_lpc17xx.o(.text)
    SVC_Handler                              0x000000f7   Thumb Code     2  startup_lpc17xx.o(.text)
    DebugMon_Handler                         0x000000f9   Thumb Code     2  startup_lpc17xx.o(.text)
    PendSV_Handler                           0x000000fb   Thumb Code     2  startup_lpc17xx.o(.text)
    SysTick_Handler                          0x000000fd   Thumb Code     2  startup_lpc17xx.o(.text)
    ADC_IRQHandler                           0x000000ff   Thumb Code     0  startup_lpc17xx.o(.text)
    BOD_IRQHandler                           0x000000ff   Thumb Code     0  startup_lpc17xx.o(.text)
    CANActivity_IRQHandler                   0x000000ff   Thumb Code     0  startup_lpc17xx.o(.text)
    CAN_IRQHandler                           0x000000ff   Thumb Code     0  startup_lpc17xx.o(.text)
    DMA_IRQHandler                           0x000000ff   Thumb Code     0  startup_lpc17xx.o(.text)
    EINT0_IRQHandler                         0x000000ff   Thumb Code     0  startup_lpc17xx.o(.text)
    EINT1_IRQHandler                         0x000000ff   Thumb Code     0  startup_lpc17xx.o(.text)
    EINT2_IRQHandler                         0x000000ff   Thumb Code     0  startup_lpc17xx.o(.text)
    EINT3_IRQHandler                         0x000000ff   Thumb Code     0  startup_lpc17xx.o(.text)
    ENET_IRQHandler                          0x000000ff   Thumb Code     0  startup_lpc17xx.o(.text)
    I2C0_IRQHandler                          0x000000ff   Thumb Code     0  startup_lpc17xx.o(.text)
    I2C1_IRQHandler                          0x000000ff   Thumb Code     0  startup_lpc17xx.o(.text)
    I2C2_IRQHandler                          0x000000ff   Thumb Code     0  startup_lpc17xx.o(.text)
    I2S_IRQHandler                           0x000000ff   Thumb Code     0  startup_lpc17xx.o(.text)
    MCPWM_IRQHandler                         0x000000ff   Thumb Code     0  startup_lpc17xx.o(.text)
    PLL0_IRQHandler                          0x000000ff   Thumb Code     0  startup_lpc17xx.o(.text)
    PLL1_IRQHandler                          0x000000ff   Thumb Code     0  startup_lpc17xx.o(.text)
    PWM1_IRQHandler                          0x000000ff   Thumb Code     0  startup_lpc17xx.o(.text)
    QEI_IRQHandler                           0x000000ff   Thumb Code     0  startup_lpc17xx.o(.text)
    RIT_IRQHandler                           0x000000ff   Thumb Code     0  startup_lpc17xx.o(.text)
    RTC_IRQHandler                           0x000000ff   Thumb Code     0  startup_lpc17xx.o(.text)
    SPI_IRQHandler                           0x000000ff   Thumb Code     0  startup_lpc17xx.o(.text)
    SSP0_IRQHandler                          0x000000ff   Thumb Code     0  startup_lpc17xx.o(.text)
    SSP1_IRQHandler                          0x000000ff   Thumb Code     0  startup_lpc17xx.o(.text)
    TIMER1_IRQHandler                        0x000000ff   Thumb Code     0  startup_lpc17xx.o(.text)
    TIMER2_IRQHandler                        0x000000ff   Thumb Code     0  startup_lpc17xx.o(.text)
    TIMER3_IRQHandler                        0x000000ff   Thumb Code     0  startup_lpc17xx.o(.text)
    UART0_IRQHandler                         0x000000ff   Thumb Code     0  startup_lpc17xx.o(.text)
    UART1_IRQHandler                         0x000000ff   Thumb Code     0  startup_lpc17xx.o(.text)
    UART2_IRQHandler                         0x000000ff   Thumb Code     0  startup_lpc17xx.o(.text)
    UART3_IRQHandler                         0x000000ff   Thumb Code     0  startup_lpc17xx.o(.text)
    USBActivity_IRQHandler                   0x000000ff   Thumb Code     0  startup_lpc17xx.o(.text)
    USB_IRQHandler                           0x000000ff   Thumb Code     0  startup_lpc17xx.o(.text)
    WDT_IRQHandler                           0x000000ff   Thumb Code     0  startup_lpc17xx.o(.text)
    I2Cdelay                                 0x00000109   Thumb Code    14  i2c_lpc17xx.o(.text)
    I2Cdelay1                                0x00000117   Thumb Code    14  i2c_lpc17xx.o(.text)
    pulso_SCL                                0x00000125   Thumb Code    24  i2c_lpc17xx.o(.text)
    I2CSendByte                              0x0000013d   Thumb Code    82  i2c_lpc17xx.o(.text)
    I2CSendAddr                              0x0000018f   Thumb Code    68  i2c_lpc17xx.o(.text)
    I2CGetByte                               0x000001d3   Thumb Code    98  i2c_lpc17xx.o(.text)
    I2CSendStop                              0x00000235   Thumb Code    34  i2c_lpc17xx.o(.text)
    __aeabi_uldivmod                         0x0000025d   Thumb Code    98  uldiv.o(.text)
    __aeabi_llsl                             0x000002bf   Thumb Code    30  llshl.o(.text)
    _ll_shift_l                              0x000002bf   Thumb Code     0  llshl.o(.text)
    __aeabi_llsr                             0x000002dd   Thumb Code    32  llushr.o(.text)
    _ll_ushift_r                             0x000002dd   Thumb Code     0  llushr.o(.text)
    SystemCoreClockUpdate                    0x00000301   Thumb Code   408  system_lpc17xx.o(.text)
    SystemInit                               0x00000499   Thumb Code   314  system_lpc17xx.o(.text)
    TIMER0_IRQHandler                        0x000005f1   Thumb Code    14  ds1621.o(.text)
    TIMER0_Init                              0x000005ff   Thumb Code   130  ds1621.o(.text)
    nunchuck_Init                            0x00000681   Thumb Code    44  ds1621.o(.text)
    nunchuck_read_Tra                        0x000006ad   Thumb Code   132  ds1621.o(.text)
    main                                     0x00000731   Thumb Code    42  ds1621.o(.text)
    __scatterload                            0x00000799   Thumb Code    28  init.o(.text)
    __scatterload_rt2                        0x00000799   Thumb Code     0  init.o(.text)
    __scatterload_copy                       0x000007bd   Thumb Code    14  handlers.o(i.__scatterload_copy)
    __scatterload_null                       0x000007cb   Thumb Code     2  handlers.o(i.__scatterload_null)
    __scatterload_zeroinit                   0x000007cd   Thumb Code    14  handlers.o(i.__scatterload_zeroinit)
    Region$$Table$$Base                      0x000007dc   Number         0  anon$$obj.o(Region$$Table)
    Region$$Table$$Limit                     0x000007fc   Number         0  anon$$obj.o(Region$$Table)
    __initial_sp                             0x10000200   Data           0  startup_lpc17xx.o(STACK)
    SystemCoreClock                          0x2007c000   Data           4  system_lpc17xx.o(.data)
    semaf                                    0x2007c004   Data           1  ds1621.o(.data)
    coord_x                                  0x2007c005   Data           1  ds1621.o(.data)
    coord_y                                  0x2007c006   Data           1  ds1621.o(.data)
    acel_x                                   0x2007c007   Data           1  ds1621.o(.data)
    acel_y                                   0x2007c008   Data           1  ds1621.o(.data)
    acel_z                                   0x2007c009   Data           1  ds1621.o(.data)
    c_z                                      0x2007c00a   Data           1  ds1621.o(.data)
    c                                        0x2007c00b   Data           1  ds1621.o(.data)
    z                                        0x2007c00c   Data           1  ds1621.o(.data)
    data                                     0x2007c00d   Data           1  ds1621.o(.data)



==============================================================================

Memory Map of the image

  Image Entry point : 0x000000cd

  Load Region LR_IROM1 (Base: 0x00000000, Size: 0x0000080c, Max: 0x00080000, ABSOLUTE)

    Execution Region ER_IROM1 (Exec base: 0x00000000, Load base: 0x00000000, Size: 0x000007fc, Max: 0x00080000, ABSOLUTE)

    Exec Addr    Load Addr    Size         Type   Attr      Idx    E Section Name        Object

    0x00000000   0x00000000   0x000000cc   Data   RO            3    RESET               startup_lpc17xx.o
    0x000000cc   0x000000cc   0x00000000   Code   RO          135  * .ARM.Collect$$$$00000000  mc_w.l(entry.o)
    0x000000cc   0x000000cc   0x00000004   Code   RO          140    .ARM.Collect$$$$00000001  mc_w.l(entry2.o)
    0x000000d0   0x000000d0   0x00000004   Code   RO          143    .ARM.Collect$$$$00000004  mc_w.l(entry5.o)
    0x000000d4   0x000000d4   0x00000000   Code   RO          145    .ARM.Collect$$$$00000008  mc_w.l(entry7b.o)
    0x000000d4   0x000000d4   0x00000000   Code   RO          147    .ARM.Collect$$$$0000000A  mc_w.l(entry8b.o)
    0x000000d4   0x000000d4   0x00000008   Code   RO          148    .ARM.Collect$$$$0000000B  mc_w.l(entry9a.o)
    0x000000dc   0x000000dc   0x00000004   Code   RO          155    .ARM.Collect$$$$0000000E  mc_w.l(entry12b.o)
    0x000000e0   0x000000e0   0x00000000   Code   RO          150    .ARM.Collect$$$$0000000F  mc_w.l(entry10a.o)
    0x000000e0   0x000000e0   0x00000000   Code   RO          152    .ARM.Collect$$$$00000011  mc_w.l(entry11a.o)
    0x000000e0   0x000000e0   0x00000004   Code   RO          141    .ARM.Collect$$$$00002712  mc_w.l(entry2.o)
    0x000000e4   0x000000e4   0x00000024   Code   RO            5    .text               startup_lpc17xx.o
    0x00000108   0x00000108   0x00000154   Code   RO           69    .text               i2c_lpc17xx.o
    0x0000025c   0x0000025c   0x00000062   Code   RO          138    .text               mc_w.l(uldiv.o)
    0x000002be   0x000002be   0x0000001e   Code   RO          156    .text               mc_w.l(llshl.o)
    0x000002dc   0x000002dc   0x00000020   Code   RO          158    .text               mc_w.l(llushr.o)
    0x000002fc   0x000002fc   0x00000004   Code   RO            4    .ARM.__at_0x02FC    startup_lpc17xx.o
    0x00000300   0x00000300   0x000002f0   Code   RO           16    .text               system_lpc17xx.o
    0x000005f0   0x000005f0   0x000001a8   Code   RO           97    .text               ds1621.o
    0x00000798   0x00000798   0x00000024   Code   RO          160    .text               mc_w.l(init.o)
    0x000007bc   0x000007bc   0x0000000e   Code   RO          164    i.__scatterload_copy  mc_w.l(handlers.o)
    0x000007ca   0x000007ca   0x00000002   Code   RO          165    i.__scatterload_null  mc_w.l(handlers.o)
    0x000007cc   0x000007cc   0x0000000e   Code   RO          166    i.__scatterload_zeroinit  mc_w.l(handlers.o)
    0x000007da   0x000007da   0x00000002   PAD
    0x000007dc   0x000007dc   0x00000020   Data   RO          162    Region$$Table       anon$$obj.o


    Execution Region RW_IRAM1 (Exec base: 0x10000000, Load base: 0x000007fc, Size: 0x00000200, Max: 0x00008000, ABSOLUTE)

    Exec Addr    Load Addr    Size         Type   Attr      Idx    E Section Name        Object

    0x10000000        -       0x00000200   Zero   RW            1    STACK               startup_lpc17xx.o


    Execution Region RW_IRAM2 (Exec base: 0x2007c000, Load base: 0x000007fc, Size: 0x00000010, Max: 0x00008000, ABSOLUTE)

    Exec Addr    Load Addr    Size         Type   Attr      Idx    E Section Name        Object

    0x2007c000   0x000007fc   0x00000004   Data   RW           17    .data               system_lpc17xx.o
    0x2007c004   0x00000800   0x0000000a   Data   RW           98    .data               ds1621.o


==============================================================================

Image component sizes


      Code (inc. data)   RO Data    RW Data    ZI Data      Debug   Object Name

       424         62          0         10          0      45554   ds1621.o
       340          6          0          0          0       1622   i2c_lpc17xx.o
        40         12        204          0        512       1032   startup_lpc17xx.o
       752         30          0          4          0       5601   system_lpc17xx.o

    ----------------------------------------------------------------------
      1556        110        236         16        512      53809   Object Totals
         0          0         32          0          0          0   (incl. Generated)
         0          0          0          2          0          0   (incl. Padding)

    ----------------------------------------------------------------------

      Code (inc. data)   RO Data    RW Data    ZI Data      Debug   Library Member Name

         0          0          0          0          0          0   entry.o
         0          0          0          0          0          0   entry10a.o
         0          0          0          0          0          0   entry11a.o
         4          0          0          0          0          0   entry12b.o
         8          4          0          0          0          0   entry2.o
         4          0          0          0          0          0   entry5.o
         0          0          0          0          0          0   entry7b.o
         0          0          0          0          0          0   entry8b.o
         8          4          0          0          0          0   entry9a.o
        30          0          0          0          0          0   handlers.o
        36          8          0          0          0         68   init.o
        30          0          0          0          0         68   llshl.o
        32          0          0          0          0         68   llushr.o
        98          0          0          0          0         92   uldiv.o

    ----------------------------------------------------------------------
       252         16          0          0          0        296   Library Totals
         2          0          0          0          0          0   (incl. Padding)

    ----------------------------------------------------------------------

      Code (inc. data)   RO Data    RW Data    ZI Data      Debug   Library Name

       250         16          0          0          0        296   mc_w.l

    ----------------------------------------------------------------------
       252         16          0          0          0        296   Library Totals

    ----------------------------------------------------------------------

==============================================================================


      Code (inc. data)   RO Data    RW Data    ZI Data      Debug   

      1808        126        236         16        512      53945   Grand Totals
      1808        126        236         16        512      53945   ELF Image Totals
      1808        126        236         16          0          0   ROM Totals

==============================================================================

    Total RO  Size (Code + RO Data)                 2044 (   2.00kB)
    Total RW  Size (RW Data + ZI Data)               528 (   0.52kB)
    Total ROM Size (Code + RO Data + RW Data)       2060 (   2.01kB)

==============================================================================

