<html>
<body>
<pre>
<h1>µVision Build Log</h1>
<h2>Tool Versions:</h2>
IDE-Version: µVision V5.31.0.0
Copyright (C) 2020 ARM Ltd and ARM Germany GmbH. All rights reserved.
License Information: Khalid Achbab UAH Flex license: error obtaining information 
Tool Versions:
Toolchain:       MDK-Lite  Version: 5.31.0.0
Toolchain Path:  C:\Users\khali\Desktop\universidad\2020_2021\SED\ARM\ARMCC\Bin
C Compiler:      Armcc.exe V5.06 update 6 (build 750)
Assembler:       Armasm.exe V5.06 update 6 (build 750)
Linker/Locator:  ArmLink.exe V5.06 update 6 (build 750)
Library Manager: ArmAr.exe V5.06 update 6 (build 750)
Hex Converter:   FromElf.exe V5.06 update 6 (build 750)
CPU DLL:         SARMCM3.DLL V5.31.0.0
Dialog DLL:      DARMP1.DLL V1.27.0.0
Target DLL:      UL2CM3.DLL V1.163.4.0
Dialog DLL:      TARMP1.DLL V1.26.0.0
 
<h2>Project:</h2>
C:\Users\khali\Desktop\SEDA\practica8\uart_v2\uart.uvprojx
Project File Date:  12/11/2021

<h2>Output:</h2>
*** Using Compiler 'V5.06 update 6 (build 750)', folder: 'C:\Users\khali\Desktop\universidad\2020_2021\SED\ARM\ARMCC\Bin'
Build target 'LPC1768_SIM'
compiling main.c...
main.c(94): warning:  #223-D: function "strcmp" declared implicitly
  			if (strcmp (buffer, "enciende\r") == 0){ LPC_GPIO3->FIOPIN&=~(1<<25);state=sent_not;}
main.c(114): warning:  #223-D: function "strncmp" declared implicitly
  			else if (strncmp (buffer, "servo ",6) == 0){ 
main.c(116): warning:  #223-D: function "atoi" declared implicitly
  				posicion_servo=atoi(servo_aux);
main.c: 3 warnings, 0 errors
linking...
Program Size: Code=4204 RO-data=604 RW-data=40 ZI-data=672  
FromELF: creating hex file...
".\uart.axf" - 0 Error(s), 3 Warning(s).

<h2>Software Packages used:</h2>

Package Vendor: ARM
                http://www.keil.com/pack/ARM.CMSIS.5.7.0.pack
                ARM.CMSIS.5.7.0
                CMSIS (Cortex Microcontroller Software Interface Standard)
   * Component: CORE Version: 5.4.0

Package Vendor: Keil
                http://www.keil.com/pack/Keil.LPC1700_DFP.2.6.0.pack
                Keil.LPC1700_DFP.2.6.0
                NXP LPC1700 Series Device Support, Drivers and Examples for MCB1700 and LPC1788-32

<h2>Collection of Component include folders:</h2>
  .\RTE\_LPC1768_SIM
  C:\Users\khali\Desktop\universidad\2020_2021\SED\ARM\CMSIS\5.7.0\CMSIS\Core\Include
  C:\Users\khali\Desktop\universidad\2020_2021\SED\Keil\LPC1700_DFP\2.6.0\Device\Include

<h2>Collection of Component Files used:</h2>

   * Component: ARM::CMSIS:CORE:5.4.0
Build Time Elapsed:  00:00:01
</pre>
</body>
</html>
