Component: ARM Compiler 5.06 update 7 (build 960) Tool: armlink [4d3601]

==============================================================================

Section Cross References

    startup_lpc17xx.o(RESET) refers to startup_lpc17xx.o(STACK) for __initial_sp
    startup_lpc17xx.o(RESET) refers to startup_lpc17xx.o(.text) for Reset_Handler
    startup_lpc17xx.o(RESET) refers to menu.o(.text) for TIMER0_IRQHandler
    startup_lpc17xx.o(RESET) refers to emac_lpc17xx_lan8720.o(.text) for ENET_IRQHandler
    startup_lpc17xx.o(.text) refers to system_lpc17xx.o(.text) for SystemInit
    startup_lpc17xx.o(.text) refers to entry.o(.ARM.Collect$$$$00000000) for __main
    system_lpc17xx.o(.text) refers to uldiv.o(.text) for __aeabi_uldivmod
    system_lpc17xx.o(.text) refers to system_lpc17xx.o(.data) for SystemCoreClock
    main.o(.text) refers to glcd.o(.text) for LCD_Initializtion
    main.o(.text) refers to serial.o(.text) for SER_Init
    main.o(.text) refers to at_system.o(i.init_TcpNet) for init_TcpNet
    main.o(.text) refers to touchpanel.o(.text) for TP_Init
    main.o(.text) refers to menu.o(.text) for screenMain
    main.o(.text) refers to at_system.o(i.timer_tick) for timer_tick
    main.o(.text) refers to at_system.o(i.main_TcpNet) for main_TcpNet
    main.o(.text) refers to system_lpc17xx.o(.data) for SystemCoreClock
    http_cgi.o(.text) refers to at_mem.o(i.alloc_mem) for alloc_mem
    http_cgi.o(.text) refers to at_http.o(i.http_get_var) for http_get_var
    http_cgi.o(.text) refers to at_lib.o(i.str_scomp) for str_scomp
    http_cgi.o(.text) refers to atof.o(i.atof) for atof
    http_cgi.o(.text) refers to d2f.o(.text) for __aeabi_d2f
    http_cgi.o(.text) refers to at_mem.o(i.free_mem) for free_mem
    http_cgi.o(.text) refers to f2d.o(.text) for __aeabi_f2d
    http_cgi.o(.text) refers to printfa.o(i.__0sprintf) for __2sprintf
    http_cgi.o(.text) refers to fmul.o(.text) for __aeabi_fmul
    http_cgi.o(.text) refers to ddiv.o(.text) for __aeabi_ddiv
    http_cgi.o(.text) refers to menu.o(.data) for umbral
    menu.o(.text) refers to glcd.o(.text) for LCD_DrawLine
    menu.o(.text) refers to strlen.o(.text) for strlen
    menu.o(.text) refers to menu.o(.data) for zone_1
    menu.o(.text) refers to dfltui.o(.text) for __aeabi_ui2d
    menu.o(.text) refers to dmul.o(.text) for __aeabi_dmul
    menu.o(.text) refers to ddiv.o(.text) for __aeabi_ddiv
    menu.o(.text) refers to d2f.o(.text) for __aeabi_d2f
    menu.o(.text) refers to fmul.o(.text) for __aeabi_fmul
    menu.o(.text) refers to fdiv.o(.text) for __aeabi_fdiv
    menu.o(.text) refers to ffixi.o(.text) for __aeabi_f2iz
    menu.o(.text) refers to fflti.o(.text) for __aeabi_i2f
    menu.o(.text) refers to cfrcmple.o(.text) for __aeabi_cfrcmple
    menu.o(.text) refers to cfcmple.o(.text) for __aeabi_cfcmple
    menu.o(.text) refers to f2d.o(.text) for __aeabi_f2d
    menu.o(.text) refers to dadd.o(.text) for __aeabi_dadd
    menu.o(.text) refers to dfixui.o(.text) for __aeabi_d2uiz
    menu.o(.text) refers to fadd.o(.text) for __aeabi_fadd
    menu.o(.text) refers to dflti.o(.text) for __aeabi_i2d
    menu.o(.text) refers to touchpanel.o(.text) for Read_Ads7846
    menu.o(.text) refers to touchpanel.o(.data) for matrix
    menu.o(.text) refers to printfa.o(i.__0sprintf) for __2sprintf
    menu.o(.text) refers to cdrcmple.o(.text) for __aeabi_cdrcmple
    menu.o(.text) refers to menu.o(.bss) for texto
    glcd.o(.text) refers to glcd.o(.data) for LCD_Code
    glcd.o(.text) refers to asciilib.o(.text) for GetASCIICode
    asciilib.o(.text) refers to memcpya.o(.text) for __aeabi_memcpy
    asciilib.o(.text) refers to asciilib.o(.constdata) for AsciiLib
    touchpanel.o(.text) refers to glcd.o(.text) for LCD_SetPoint
    touchpanel.o(.text) refers to memseta.o(.text) for __aeabi_memclr4
    touchpanel.o(.text) refers to touchpanel.o(.data) for screen
    touchpanel.o(.text) refers to dflti.o(.text) for __aeabi_i2d
    touchpanel.o(.text) refers to cdcmple.o(.text) for __aeabi_cdcmpeq
    touchpanel.o(.text) refers to dfltui.o(.text) for __aeabi_ui2d
    touchpanel.o(.text) refers to dmul.o(.text) for __aeabi_dmul
    touchpanel.o(.text) refers to dadd.o(.text) for __aeabi_dadd
    touchpanel.o(.text) refers to ddiv.o(.text) for __aeabi_ddiv
    touchpanel.o(.text) refers to dfixui.o(.text) for __aeabi_d2uiz
    touchpanel.o(.text) refers to touchpanel.o(.bss) for ScreenSample
    lpc17xx_ssp.o(.text) refers to lpc17xx_libcfg_default.o(.text) for check_failed
    lpc17xx_ssp.o(.text) refers to lpc17xx_clkpwr.o(.text) for CLKPWR_GetPCLK
    lpc17xx_clkpwr.o(.text) refers to system_lpc17xx.o(.data) for SystemCoreClock
    leds.o(.text) refers to lpc17xx_pinsel.o(.text) for PINSEL_ConfigPin
    leds.o(.text) refers to lpc17xx_gpio.o(.text) for GPIO_SetDir
    serial.o(.text) refers to serial.o(.data) for ITM_RxBuffer
    net_config.o(.text) refers to at_ethernet.o(i.eth_init_link) for eth_init_link
[...]
    get_next_field                           0x00015d5d   Thumb Code    40  at_http.o(i.get_next_field)
    i.get_next_par                           0x00015d84   Section        0  at_http.o(i.get_next_par)
    get_next_par                             0x00015d85   Thumb Code    50  at_http.o(i.get_next_par)
    i.get_rnd32                              0x00015db8   Section        0  at_system.o(i.get_rnd32)
    i.hex2byte                               0x00015dd4   Section        0  at_http.o(i.hex2byte)
    hex2byte                                 0x00015dd5   Thumb Code    18  at_http.o(i.hex2byte)
    i.http_accept_host                       0x00015de6   Section        0  at_http.o(i.http_accept_host)
    i.http_add_header                        0x00015dec   Section        0  at_http.o(i.http_add_header)
    http_add_header                          0x00015ded   Thumb Code   226  at_http.o(i.http_add_header)
    i.http_check_account                     0x000160a8   Section        0  at_http.o(i.http_check_account)
    i.http_error_msg                         0x000160ac   Section        0  at_http.o(i.http_error_msg)
    http_error_msg                           0x000160ad   Thumb Code   162  at_http.o(i.http_error_msg)
    i.http_fclose                            0x00016234   Section        0  at_http_uif.o(i.http_fclose)
    i.http_fgets                             0x00016236   Section        0  at_http_uif.o(i.http_fgets)
    i.http_file_access                       0x0001623a   Section        0  at_http.o(i.http_file_access)
    i.http_finfo                             0x0001623e   Section        0  at_http_uif.o(i.http_finfo)
    i.http_fopen                             0x00016242   Section        0  at_http_uif.o(i.http_fopen)
    i.http_fread                             0x00016246   Section        0  at_http_uif.o(i.http_fread)
    i.http_get_var                           0x0001624c   Section        0  at_http.o(i.http_get_var)
    i.http_init                              0x000162b8   Section        0  at_http.o(i.http_init)
    i.http_kill_session                      0x00016308   Section        0  at_http.o(i.http_kill_session)
    http_kill_session                        0x00016309   Thumb Code    94  at_http.o(i.http_kill_session)
    i.http_listener                          0x00016368   Section        0  at_http.o(i.http_listener)
    http_listener                            0x00016369   Thumb Code   514  at_http.o(i.http_listener)
    i.http_open_file                         0x0001658c   Section        0  at_http.o(i.http_open_file)
    http_open_file                           0x0001658d   Thumb Code   254  at_http.o(i.http_open_file)
    i.http_proc_header                       0x000166ac   Section        0  at_http.o(i.http_proc_header)
    http_proc_header                         0x000166ad   Thumb Code   266  at_http.o(i.http_proc_header)
    i.http_proc_multipart                    0x00016800   Section        0  at_http.o(i.http_proc_multipart)
    http_proc_multipart                      0x00016801   Thumb Code   338  at_http.o(i.http_proc_multipart)
    i.http_proc_post                         0x0001697c   Section        0  at_http.o(i.http_proc_post)
    http_proc_post                           0x0001697d   Thumb Code   240  at_http.o(i.http_proc_post)
    i.http_run_server                        0x00016a74   Section        0  at_http.o(i.http_run_server)
    i.http_strcpy                            0x00016db0   Section        0  at_http.o(i.http_strcpy)
    http_strcpy                              0x00016db1   Thumb Code    30  at_http.o(i.http_strcpy)
    i.http_to_utc                            0x00016dd0   Section        0  at_http.o(i.http_to_utc)
    http_to_utc                              0x00016dd1   Thumb Code   162  at_http.o(i.http_to_utc)
    i.icmp_init                              0x00016e78   Section        0  at_icmp.o(i.icmp_init)
    i.icmp_process                           0x00016e88   Section        0  at_icmp.o(i.icmp_process)
    i.icmp_run_engine                        0x00016f54   Section        0  at_icmp.o(i.icmp_run_engine)
    i.icmp_send_message                      0x00016f9c   Section        0  at_icmp.o(i.icmp_send_message)
    icmp_send_message                        0x00016f9d   Thumb Code   108  at_icmp.o(i.icmp_send_message)
    i.ifree_mem                              0x0001700c   Section        0  at_mem.o(i.ifree_mem)
    i.init_TcpNet                            0x00017044   Section        0  at_system.o(i.init_TcpNet)
    i.init_mem                               0x00017074   Section        0  at_mem.o(i.init_mem)
    i.ip_chk_frame                           0x000170d4   Section        0  at_ip.o(i.ip_chk_frame)
    i.ip_get_chksum                          0x0001719c   Section        0  at_ip.o(i.ip_get_chksum)
    ip_get_chksum                            0x0001719d   Thumb Code    10  at_ip.o(i.ip_get_chksum)
    i.ip_get_locadr                          0x000171a8   Section        0  at_ip.o(i.ip_get_locadr)
    i.ip_init                                0x00017260   Section        0  at_ip.o(i.ip_init)
    i.ip_run_local                           0x0001726c   Section        0  at_ip.o(i.ip_run_local)
    i.ip_send_frame                          0x000172c8   Section        0  at_ip.o(i.ip_send_frame)
    i.is_subnet                              0x00017418   Section        0  at_lib.o(i.is_subnet)
    i.main_TcpNet                            0x0001742c   Section        0  at_system.o(i.main_TcpNet)
    i.mem_comp                               0x00017490   Section        0  at_lib.o(i.mem_comp)
    i.mem_copy                               0x000174a8   Section        0  at_lib.o(i.mem_copy)
    i.mem_crc32                              0x000174be   Section        0  at_lib.o(i.mem_crc32)
    i.mem_set                                0x000174de   Section        0  at_lib.o(i.mem_set)
    i.mem_test                               0x000174e8   Section        0  at_lib.o(i.mem_test)
    i.nrd_u32be                              0x000174fc   Section        0  at_lib.o(i.nrd_u32be)
    i.nwr_u32be                              0x00017512   Section        0  at_lib.o(i.nwr_u32be)
    i.proc_req_line                          0x00017524   Section        0  at_http.o(i.proc_req_line)
    proc_req_line                            0x00017525   Thumb Code    36  at_http.o(i.proc_req_line)
    i.put_in_queue                           0x0001754c   Section        0  at_ethernet.o(i.put_in_queue)
    i.read_script_line                       0x00017574   Section        0  at_http.o(i.read_script_line)
    read_script_line                         0x00017575   Thumb Code   160  at_http.o(i.read_script_line)
    i.resize_mem                             0x00017614   Section        0  at_mem.o(i.resize_mem)
    i.search_delim                           0x0001765c   Section        0  at_http.o(i.search_delim)
    search_delim                             0x0001765d   Thumb Code    76  at_http.o(i.search_delim)
    i.str_copy                               0x000176a8   Section        0  at_lib.o(i.str_copy)
    i.str_crc32                              0x000176ba   Section        0  at_lib.o(i.str_crc32)
    i.str_pos                                0x000176d4   Section        0  at_lib.o(i.str_pos)
    i.str_scomp                              0x000176ea   Section        0  at_lib.o(i.str_scomp)
    i.tcp_abort                              0x00017704   Section        0  at_tcp.o(i.tcp_abort)
    i.tcp_close                              0x00017754   Section        0  at_tcp.o(i.tcp_close)
    i.tcp_get_buf                            0x000177f0   Section        0  at_tcp.o(i.tcp_get_buf)
    i.tcp_get_socket                         0x00017810   Section        0  at_tcp.o(i.tcp_get_socket)
    i.tcp_get_state                          0x0001785c   Section        0  at_tcp.o(i.tcp_get_state)
    i.tcp_init                               0x00017880   Section        0  at_tcp.o(i.tcp_init)
    i.tcp_listen                             0x00017898   Section        0  at_tcp.o(i.tcp_listen)
    i.tcp_map_socket                         0x00017904   Section        0  at_tcp.o(i.tcp_map_socket)
    tcp_map_socket                           0x00017905   Thumb Code   146  at_tcp.o(i.tcp_map_socket)
    i.tcp_max_dsize                          0x0001799c   Section        0  at_tcp.o(i.tcp_max_dsize)
    i.tcp_parse_opt                          0x000179c0   Section        0  at_tcp.o(i.tcp_parse_opt)
    tcp_parse_opt                            0x000179c1   Thumb Code    94  at_tcp.o(i.tcp_parse_opt)
    i.tcp_poll_sockets                       0x00017a20   Section        0  at_tcp.o(i.tcp_poll_sockets)
    i.tcp_proc_acknr                         0x00017ca4   Section        0  at_tcp.o(i.tcp_proc_acknr)
    tcp_proc_acknr                           0x00017ca5   Thumb Code   194  at_tcp.o(i.tcp_proc_acknr)
    i.tcp_proc_dupack                        0x00017d6c   Section        0  at_tcp.o(i.tcp_proc_dupack)
    tcp_proc_dupack                          0x00017d6d   Thumb Code    82  at_tcp.o(i.tcp_proc_dupack)
    i.tcp_process                            0x00017dc0   Section        0  at_tcp.o(i.tcp_process)
    i.tcp_que_free                           0x00018258   Section        0  at_tcp.o(i.tcp_que_free)
    tcp_que_free                             0x00018259   Thumb Code    26  at_tcp.o(i.tcp_que_free)
    i.tcp_que_init                           0x00018272   Section        0  at_tcp.o(i.tcp_que_init)
    tcp_que_init                             0x00018273   Thumb Code    26  at_tcp.o(i.tcp_que_init)
    i.tcp_que_resend                         0x0001828c   Section        0  at_tcp.o(i.tcp_que_resend)
    tcp_que_resend                           0x0001828d   Thumb Code   142  at_tcp.o(i.tcp_que_resend)
    i.tcp_send                               0x00018320   Section        0  at_tcp.o(i.tcp_send)
    i.tcp_send_ctrl                          0x000183f4   Section        0  at_tcp.o(i.tcp_send_ctrl)
    tcp_send_ctrl                            0x000183f5   Thumb Code   106  at_tcp.o(i.tcp_send_ctrl)
    i.tcp_send_data                          0x0001845e   Section        0  at_tcp.o(i.tcp_send_data)
    tcp_send_data                            0x0001845f   Thumb Code    80  at_tcp.o(i.tcp_send_data)
    i.tcp_send_reset                         0x000184ae   Section        0  at_tcp.o(i.tcp_send_reset)
    tcp_send_reset                           0x000184af   Thumb Code   104  at_tcp.o(i.tcp_send_reset)
    i.tcp_set_cwnd                           0x00018516   Section        0  at_tcp.o(i.tcp_set_cwnd)
    tcp_set_cwnd                             0x00018517   Thumb Code    38  at_tcp.o(i.tcp_set_cwnd)
    i.tcp_transit                            0x0001853c   Section        0  at_tcp.o(i.tcp_transit)
    tcp_transit                              0x0001853d   Thumb Code   100  at_tcp.o(i.tcp_transit)
    i.tcp_write                              0x000185a4   Section        0  at_tcp.o(i.tcp_write)
    tcp_write                                0x000185a5   Thumb Code   190  at_tcp.o(i.tcp_write)
    i.timer_tick                             0x00018668   Section        0  at_system.o(i.timer_tick)
    i.udp_init                               0x0001867c   Section        0  at_udp.o(i.udp_init)
    i.udp_process                            0x00018694   Section        0  at_udp.o(i.udp_process)
    i.utc_to_http                            0x0001874c   Section        0  at_http.o(i.utc_to_http)
    utc_to_http                              0x0001874d   Thumb Code   180  at_http.o(i.utc_to_http)
    .constdata                               0x0001882c   Section     1520  asciilib.o(.constdata)
    AsciiLib                                 0x0001882c   Data        1520  asciilib.o(.constdata)
    .constdata                               0x00018e1c   Section      144  net_config.o(.constdata)
    .constdata                               0x00018eac   Section     1644  web_1.o(.constdata)
    Web                                      0x00018eb0   Data        1623  web_1.o(.constdata)
    .constdata                               0x00019518   Section        6  at_arp.o(.constdata)
    NullAdr                                  0x00019518   Data           6  at_arp.o(.constdata)
    .constdata                               0x0001951e   Section        8  at_ip.o(.constdata)
    IP_Localhost                             0x00019522   Data           4  at_ip.o(.constdata)
    .constdata                               0x00019526   Section      244  at_http.o(.constdata)
    DYear                                    0x00019526   Data           6  at_http.o(.constdata)
    Month                                    0x0001952c   Data          48  at_http.o(.constdata)
    WkDay                                    0x0001955c   Data          28  at_http.o(.constdata)
    DMonth                                   0x00019578   Data          24  at_http.o(.constdata)
    ftype                                    0x00019590   Data         138  at_http.o(.constdata)
    .constdata                               0x0001961a   Section        6  at_ethernet.o(.constdata)
    .constdata                               0x00019620   Section       86  http_err.o(.constdata)
    .constdata                               0x00019676   Section       81  http_err.o(.constdata)
    .constdata                               0x000196c7   Section       78  http_err.o(.constdata)
    .constdata                               0x00019715   Section       75  http_err.o(.constdata)
    .constdata                               0x00019760   Section       47  http_err.o(.constdata)
    .constdata                               0x0001978f   Section      136  http_err.o(.constdata)
    .constdata                               0x00019817   Section      129  ctype_o.o(.constdata)
    .constdata                               0x00019898   Section        4  ctype_o.o(.constdata)
    table                                    0x00019898   Data           4  ctype_o.o(.constdata)
    .conststring                             0x0001989c   Section       29  net_config.o(.conststring)
    .data                                    0x10000000   Section        4  system_lpc17xx.o(.data)
    .data                                    0x10000004   Section      364  menu.o(.data)
    .data                                    0x10000170   Section        1  glcd.o(.data)
    LCD_Code                                 0x10000170   Data           1  glcd.o(.data)
    .data                                    0x10000178   Section       76  touchpanel.o(.data)
    screen                                   0x100001c0   Data           4  touchpanel.o(.data)
    .data                                    0x100001c4   Section        4  serial.o(.data)
    .data                                    0x100001c8   Section       42  net_config.o(.data)
    http_passw                               0x100001de   Data          20  net_config.o(.data)
    .data                                    0x100001f4   Section       20  emac_lpc17xx_lan8720.o(.data)
    regv                                     0x100001f8   Data           4  emac_lpc17xx_lan8720.o(.data)
    tout                                     0x100001fc   Data           4  emac_lpc17xx_lan8720.o(.data)
    id1                                      0x10000200   Data           4  emac_lpc17xx_lan8720.o(.data)
    id2                                      0x10000204   Data           4  emac_lpc17xx_lan8720.o(.data)
    .data                                    0x10000208   Section        8  at_arp.o(.data)
    entry                                    0x10000208   Data           1  at_arp.o(.data)
    probe_ip                                 0x1000020c   Data           4  at_arp.o(.data)
    .data                                    0x10000210   Section       12  at_ip.o(.data)
    ip_id                                    0x10000210   Data           2  at_ip.o(.data)
    ip_control                               0x10000214   Data           8  at_ip.o(.data)
    .data                                    0x1000021c   Section        4  at_tcp.o(.data)
    socket                                   0x1000021c   Data           1  at_tcp.o(.data)
    no_ack                                   0x1000021d   Data           1  at_tcp.o(.data)
    port                                     0x1000021e   Data           2  at_tcp.o(.data)
    .data                                    0x10000220   Section       12  at_http.o(.data)
    session                                  0x10000220   Data           1  at_http.o(.data)
    cgi                                      0x10000224   Data           8  at_http.o(.data)
    .data                                    0x1000022c   Section        4  errno.o(.data)
    _errno                                   0x1000022c   Data           4  errno.o(.data)
    .bss                                     0x10000230   Section    16153  menu.o(.bss)
    .bss                                     0x1000414a   Section       12  touchpanel.o(.bss)
    .bss                                     0x10004158   Section       16  at_icmp.o(.bss)
    icmp_control                             0x10004158   Data          16  at_icmp.o(.bss)
    .bss                                     0x10004168   Section      132  at_ethernet.o(.bss)
    eth_control                              0x10004168   Data         132  at_ethernet.o(.bss)
    .bss                                     0x100041ec   Section       16  at_mem.o(.bss)
    mem_control                              0x100041ec   Data          16  at_mem.o(.bss)
    .bss                                     0x100041fc   Section       76  at_system.o(.bss)
    STACK                                    0x10004248   Section      512  startup_lpc17xx.o(STACK)
    .bss                                     0x2007c000   Section    13240  net_config.o(.bss)
    mem_pool                                 0x2007c000   Data       12000  net_config.o(.bss)
    arp_table                                0x2007eee0   Data         140  net_config.o(.bss)
    udp_scb                                  0x2007ef6c   Data          24  net_config.o(.bss)
    tcp_scb                                  0x2007ef84   Data         816  net_config.o(.bss)
    http_scb                                 0x2007f2b4   Data         260  net_config.o(.bss)
    .bss                                     0x2007f3b8   Section    10852  emac_lpc17xx_lan8720.o(.bss)
    Rx_Desc                                  0x2007f3b8   Data          32  emac_lpc17xx_lan8720.o(.bss)
    Rx_Stat                                  0x2007f3d8   Data          32  emac_lpc17xx_lan8720.o(.bss)
    Tx_Desc                                  0x2007f3f8   Data          24  emac_lpc17xx_lan8720.o(.bss)
    Tx_Stat                                  0x2007f410   Data          12  emac_lpc17xx_lan8720.o(.bss)
    rx_buf                                   0x2007f41c   Data        6144  emac_lpc17xx_lan8720.o(.bss)
    tx_buf                                   0x20080c1c   Data        4608  emac_lpc17xx_lan8720.o(.bss)

    Global Symbols

    Symbol Name                              Value     Ov Type        Size  Object(Section)

    BuildAttributes$$THM_ISAv4$P$D$K$B$S$PE$A:L22UL41UL21$X:L11$S22US41US21$IEEE1$IW$~IW$USESV6$~STKCKD$USESV7$~SHL$OTIME$ROPI$IEEEJ$EBA8$MICROLIB$REQ8$PRES8$EABIv2 0x00000000   Number         0  anon$$obj.o ABSOLUTE
    __ARM_use_no_argv                        0x00000000   Number         0  main.o ABSOLUTE
    __Vectors                                0x00000000   Data           4  startup_lpc17xx.o(RESET)
    _printf_a                                0x00000000   Number         0  stubs.o ABSOLUTE
    _printf_c                                0x00000000   Number         0  stubs.o ABSOLUTE
    _printf_charcount                        0x00000000   Number         0  stubs.o ABSOLUTE
    _printf_d                                0x00000000   Number         0  stubs.o ABSOLUTE
    _printf_e                                0x00000000   Number         0  stubs.o ABSOLUTE
    _printf_f                                0x00000000   Number         0  stubs.o ABSOLUTE
    _printf_flags                            0x00000000   Number         0  stubs.o ABSOLUTE
    _printf_fp_dec                           0x00000000   Number         0  stubs.o ABSOLUTE
    _printf_fp_hex                           0x00000000   Number         0  stubs.o ABSOLUTE
    _printf_g                                0x00000000   Number         0  stubs.o ABSOLUTE
    _printf_i                                0x00000000   Number         0  stubs.o ABSOLUTE
    _printf_int_dec                          0x00000000   Number         0  stubs.o ABSOLUTE
    _printf_l                                0x00000000   Number         0  stubs.o ABSOLUTE
    _printf_lc                               0x00000000   Number         0  stubs.o ABSOLUTE
    _printf_ll                               0x00000000   Number         0  stubs.o ABSOLUTE
    _printf_lld                              0x00000000   Number         0  stubs.o ABSOLUTE
    _printf_lli                              0x00000000   Number         0  stubs.o ABSOLUTE
    _printf_llo                              0x00000000   Number         0  stubs.o ABSOLUTE
    _printf_llu                              0x00000000   Number         0  stubs.o ABSOLUTE
    _printf_llx                              0x00000000   Number         0  stubs.o ABSOLUTE
    _printf_longlong_dec                     0x00000000   Number         0  stubs.o ABSOLUTE
    _printf_longlong_hex                     0x00000000   Number         0  stubs.o ABSOLUTE
    _printf_longlong_oct                     0x00000000   Number         0  stubs.o ABSOLUTE
    _printf_ls                               0x00000000   Number         0  stubs.o ABSOLUTE
    _printf_mbtowc                           0x00000000   Number         0  stubs.o ABSOLUTE
    _printf_n                                0x00000000   Number         0  stubs.o ABSOLUTE
    _printf_o                                0x00000000   Number         0  stubs.o ABSOLUTE
    _printf_p                                0x00000000   Number         0  stubs.o ABSOLUTE
    _printf_percent                          0x00000000   Number         0  stubs.o ABSOLUTE
    _printf_pre_padding                      0x00000000   Number         0  stubs.o ABSOLUTE
    _printf_return_value                     0x00000000   Number         0  stubs.o ABSOLUTE
    _printf_s                                0x00000000   Number         0  stubs.o ABSOLUTE
    _printf_sizespec                         0x00000000   Number         0  stubs.o ABSOLUTE
    _printf_str                              0x00000000   Number         0  stubs.o ABSOLUTE
    _printf_truncate_signed                  0x00000000   Number         0  stubs.o ABSOLUTE
    _printf_truncate_unsigned                0x00000000   Number         0  stubs.o ABSOLUTE
    _printf_u                                0x00000000   Number         0  stubs.o ABSOLUTE
    _printf_wc                               0x00000000   Number         0  stubs.o ABSOLUTE
    _printf_wctomb                           0x00000000   Number         0  stubs.o ABSOLUTE
    _printf_widthprec                        0x00000000   Number         0  stubs.o ABSOLUTE
    _printf_x                                0x00000000   Number         0  stubs.o ABSOLUTE
    __arm_fini_                               - Undefined Weak Reference
    __cpp_initialize__aeabi_                  - Undefined Weak Reference
    __cxa_finalize                            - Undefined Weak Reference
    _clock_init                               - Undefined Weak Reference
    _microlib_exit                            - Undefined Weak Reference
    poll_ethernet                             - Undefined Weak Reference
    __main                                   0x000000cd   Thumb Code     0  entry.o(.ARM.Collect$$$$00000000)
    _main_stk                                0x000000cd   Thumb Code     0  entry2.o(.ARM.Collect$$$$00000001)
    _main_scatterload                        0x000000d1   Thumb Code     0  entry5.o(.ARM.Collect$$$$00000004)
    __main_after_scatterload                 0x000000d5   Thumb Code     0  entry5.o(.ARM.Collect$$$$00000004)
    _main_clock                              0x000000d5   Thumb Code     0  entry7b.o(.ARM.Collect$$$$00000008)
    _main_cpp_init                           0x000000d5   Thumb Code     0  entry8b.o(.ARM.Collect$$$$0000000A)
    _main_init                               0x000000d5   Thumb Code     0  entry9a.o(.ARM.Collect$$$$0000000B)
    __rt_lib_shutdown_fini                   0x000000dd   Thumb Code     0  entry12b.o(.ARM.Collect$$$$0000000E)
    __rt_final_cpp                           0x000000e1   Thumb Code     0  entry10a.o(.ARM.Collect$$$$0000000F)
    __rt_final_exit                          0x000000e1   Thumb Code     0  entry11a.o(.ARM.Collect$$$$00000011)
    Reset_Handler                            0x000000e5   Thumb Code     8  startup_lpc17xx.o(.text)
    NMI_Handler                              0x000000ed   Thumb Code     2  startup_lpc17xx.o(.text)
    HardFault_Handler                        0x000000ef   Thumb Code     2  startup_lpc17xx.o(.text)
    MemManage_Handler                        0x000000f1   Thumb Code     2  startup_lpc17xx.o(.text)
    BusFault_Handler                         0x000000f3   Thumb Code     2  startup_lpc17xx.o(.text)
    UsageFault_Handler                       0x000000f5   Thumb Code     2  startup_lpc17xx.o(.text)
    SVC_Handler                              0x000000f7   Thumb Code     2  startup_lpc17xx.o(.text)
    DebugMon_Handler                         0x000000f9   Thumb Code     2  startup_lpc17xx.o(.text)
    PendSV_Handler                           0x000000fb   Thumb Code     2  startup_lpc17xx.o(.text)
    SysTick_Handler                          0x000000fd   Thumb Code     2  startup_lpc17xx.o(.text)
    BOD_IRQHandler                           0x000000ff   Thumb Code     0  startup_lpc17xx.o(.text)
    CANActivity_IRQHandler                   0x000000ff   Thumb Code     0  startup_lpc17xx.o(.text)
    CAN_IRQHandler                           0x000000ff   Thumb Code     0  startup_lpc17xx.o(.text)
    DMA_IRQHandler                           0x000000ff   Thumb Code     0  startup_lpc17xx.o(.text)
    EINT0_IRQHandler                         0x000000ff   Thumb Code     0  startup_lpc17xx.o(.text)
    EINT1_IRQHandler                         0x000000ff   Thumb Code     0  startup_lpc17xx.o(.text)
    EINT2_IRQHandler                         0x000000ff   Thumb Code     0  startup_lpc17xx.o(.text)
    EINT3_IRQHandler                         0x000000ff   Thumb Code     0  startup_lpc17xx.o(.text)
    I2C0_IRQHandler                          0x000000ff   Thumb Code     0  startup_lpc17xx.o(.text)
    I2C1_IRQHandler                          0x000000ff   Thumb Code     0  startup_lpc17xx.o(.text)
    I2C2_IRQHandler                          0x000000ff   Thumb Code     0  startup_lpc17xx.o(.text)
    I2S_IRQHandler                           0x000000ff   Thumb Code     0  startup_lpc17xx.o(.text)
    MCPWM_IRQHandler                         0x000000ff   Thumb Code     0  startup_lpc17xx.o(.text)
    PLL0_IRQHandler                          0x000000ff   Thumb Code     0  startup_lpc17xx.o(.text)
    PLL1_IRQHandler                          0x000000ff   Thumb Code     0  startup_lpc17xx.o(.text)
    PWM1_IRQHandler                          0x000000ff   Thumb Code     0  startup_lpc17xx.o(.text)
    QEI_IRQHandler                           0x000000ff   Thumb Code     0  startup_lpc17xx.o(.text)
    RIT_IRQHandler                           0x000000ff   Thumb Code     0  startup_lpc17xx.o(.text)
    RTC_IRQHandler                           0x000000ff   Thumb Code     0  startup_lpc17xx.o(.text)
    SPI_IRQHandler                           0x000000ff   Thumb Code     0  startup_lpc17xx.o(.text)
    SSP0_IRQHandler                          0x000000ff   Thumb Code     0  startup_lpc17xx.o(.text)
    SSP1_IRQHandler                          0x000000ff   Thumb Code     0  startup_lpc17xx.o(.text)
    TIMER1_IRQHandler                        0x000000ff   Thumb Code     0  startup_lpc17xx.o(.text)
    UART0_IRQHandler                         0x000000ff   Thumb Code     0  startup_lpc17xx.o(.text)
    UART1_IRQHandler                         0x000000ff   Thumb Code     0  startup_lpc17xx.o(.text)
    UART2_IRQHandler                         0x000000ff   Thumb Code     0  startup_lpc17xx.o(.text)
    UART3_IRQHandler                         0x000000ff   Thumb Code     0  startup_lpc17xx.o(.text)
    USBActivity_IRQHandler                   0x000000ff   Thumb Code     0  startup_lpc17xx.o(.text)
    USB_IRQHandler                           0x000000ff   Thumb Code     0  startup_lpc17xx.o(.text)
    WDT_IRQHandler                           0x000000ff   Thumb Code     0  startup_lpc17xx.o(.text)
    main                                     0x0000016d   Thumb Code    20  main.o(.text)
    GetASCIICode                             0x00000185   Thumb Code    26  asciilib.o(.text)
    SER_Init                                 0x000001a5   Thumb Code     2  serial.o(.text)
    SER_PutChar                              0x000001a7   Thumb Code    56  serial.o(.text)
    SER_GetChar                              0x000001df   Thumb Code    54  serial.o(.text)
    sendchar                                 0x00000215   Thumb Code    24  serial.o(.text)
    fputc                                    0x0000022d   Thumb Code    16  serial.o(.text)
    sys_error                                0x0000024d   Thumb Code    36  net_config.o(.text)
    init_system                              0x00000271   Thumb Code    34  net_config.o(.text)
    run_system                               0x00000293   Thumb Code    26  net_config.o(.text)
    igmp_is_member                           0x000002ad   Thumb Code     4  net_config.o(.text)
    igmp_process                             0x000002b1   Thumb Code     2  net_config.o(.text)
    dhcp_disable                             0x000002b3   Thumb Code     2  net_config.o(.text)
    ppp_send_frame                           0x000002b5   Thumb Code     4  net_config.o(.text)
    slip_send_frame                          0x000002b9   Thumb Code     4  net_config.o(.text)
    sntp_get_time                            0x000002bd   Thumb Code     4  net_config.o(.text)
    __aeabi_memcpy                           0x000002c1   Thumb Code    36  memcpya.o(.text)
    __aeabi_memcpy4                          0x000002c1   Thumb Code     0  memcpya.o(.text)
    __aeabi_memcpy8                          0x000002c1   Thumb Code     0  memcpya.o(.text)
    strlen                                   0x000002e5   Thumb Code    14  strlen.o(.text)
    __I$use$fp                               0x000002f3   Thumb Code     0  iusefp.o(.text)
    __rt_ctype_table                         0x000002f5   Thumb Code     4  ctype_o.o(.text)
    SystemCoreClockUpdate                    0x00000301   Thumb Code   408  system_lpc17xx.o(.text)
    __RL_TCP_VER                             0x00000472   Number         0  at_system.o ABSOLUTE
    SystemInit                               0x00000499   Thumb Code   310  system_lpc17xx.o(.text)
    cgi_process_var                          0x000005ed   Thumb Code    74  http_cgi.o(.text)
    cgi_process_data                         0x00000637   Thumb Code    12  http_cgi.o(.text)
    cgi_func                                 0x00000643   Thumb Code   270  http_cgi.o(.text)
    squareButton                             0x00000791   Thumb Code   226  menu.o(.text)
    drawMinus                                0x00000873   Thumb Code   244  menu.o(.text)
    drawAdd                                  0x00000967   Thumb Code   240  menu.o(.text)
    screenMain                               0x00000a57   Thumb Code   196  menu.o(.text)
    init_ADC                                 0x00000b1b   Thumb Code   268  menu.o(.text)
    TIMER0_IRQHandler                        0x00000c27   Thumb Code   386  menu.o(.text)
    ADC_IRQHandler                           0x00000da9   Thumb Code    38  menu.o(.text)
    init_TIMER0                              0x00000dcf   Thumb Code    64  menu.o(.text)
    configPWM                                0x00000e0f   Thumb Code    92  menu.o(.text)
    setServo                                 0x00000e6b   Thumb Code    64  menu.o(.text)
    ConfiguraTimer2                          0x00000eab   Thumb Code    92  menu.o(.text)
    TIMER2_IRQHandler                        0x00000f07   Thumb Code   434  menu.o(.text)
    ConfiguraTimer3                          0x000010b9   Thumb Code    98  menu.o(.text)
    TIMER3_IRQHandler                        0x0000111b   Thumb Code   212  menu.o(.text)
    setPWM_velDerecha                        0x000011ef   Thumb Code    56  menu.o(.text)
    setPWM_velIzquierda                      0x00001227   Thumb Code    56  menu.o(.text)
    config_pines                             0x0000125f   Thumb Code   100  menu.o(.text)
    setPWM                                   0x000012c3   Thumb Code   282  menu.o(.text)
    checkTouchPanel                          0x000013dd   Thumb Code    36  menu.o(.text)
    zonePressed                              0x00001401   Thumb Code    72  menu.o(.text)
    zoneNewPressed                           0x00001449   Thumb Code   184  menu.o(.text)
    initScreenStateMachine                   0x00001501   Thumb Code     8  menu.o(.text)
    screenStateMachine                       0x00001509   Thumb Code   700  menu.o(.text)
    LCD_Initializtion                        0x0000189b   Thumb Code 63084  glcd.o(.text)
    LCD_Clear                                0x00010f07   Thumb Code  2744  glcd.o(.text)
    LCD_GetPoint                             0x000119d9   Thumb Code  2218  glcd.o(.text)
    LCD_SetPoint                             0x00012283   Thumb Code  1304  glcd.o(.text)
    LCD_DrawLine                             0x0001279b   Thumb Code   250  glcd.o(.text)
    PutChar                                  0x00012895   Thumb Code   100  glcd.o(.text)
    GUI_Text                                 0x000128f9   Thumb Code    80  glcd.o(.text)
    TP_Init                                  0x0001294d   Thumb Code    78  touchpanel.o(.text)
    Read_X                                   0x00012a0d   Thumb Code    42  touchpanel.o(.text)
    Read_Y                                   0x00012a37   Thumb Code    42  touchpanel.o(.text)
    TP_GetAdXY                               0x00012a61   Thumb Code    34  touchpanel.o(.text)
    TP_DrawPoint                             0x00012a83   Thumb Code    64  touchpanel.o(.text)
    DrawCross                                0x00012ac3   Thumb Code   356  touchpanel.o(.text)
    Read_Ads7846                             0x00012c27   Thumb Code   518  touchpanel.o(.text)
    setCalibrationMatrix                     0x00012e2d   Thumb Code   356  touchpanel.o(.text)
    getDisplayPoint                          0x00012f91   Thumb Code   238  touchpanel.o(.text)
    TouchPanel_Calibrate                     0x0001307f   Thumb Code   108  touchpanel.o(.text)
    int_enable_eth                           0x00013121   Thumb Code    22  emac_lpc17xx_lan8720.o(.text)
    int_disable_eth                          0x00013137   Thumb Code    18  emac_lpc17xx_lan8720.o(.text)
    setMac                                   0x00013149   Thumb Code   178  emac_lpc17xx_lan8720.o(.text)
    init_ethernet                            0x0001330b   Thumb Code   696  emac_lpc17xx_lan8720.o(.text)
    send_frame                               0x000135c3   Thumb Code    68  emac_lpc17xx_lan8720.o(.text)
    ENET_IRQHandler                          0x00013607   Thumb Code   168  emac_lpc17xx_lan8720.o(.text)
    __aeabi_uldivmod                         0x0001376d   Thumb Code    98  uldiv.o(.text)
    __aeabi_memset                           0x000137cf   Thumb Code    14  memseta.o(.text)
    __aeabi_memset4                          0x000137cf   Thumb Code     0  memseta.o(.text)
    __aeabi_memset8                          0x000137cf   Thumb Code     0  memseta.o(.text)
    __aeabi_memclr                           0x000137dd   Thumb Code     4  memseta.o(.text)
    __aeabi_memclr4                          0x000137dd   Thumb Code     0  memseta.o(.text)
    __aeabi_memclr8                          0x000137dd   Thumb Code     0  memseta.o(.text)
    _memset$wrapper                          0x000137e1   Thumb Code    18  memseta.o(.text)
    strcmp                                   0x000137f3   Thumb Code    28  strcmp.o(.text)
    atoi                                     0x0001380f   Thumb Code    26  atoi.o(.text)
    __aeabi_fadd                             0x00013829   Thumb Code   164  fadd.o(.text)
    __aeabi_fsub                             0x000138cd   Thumb Code     6  fadd.o(.text)
    __aeabi_frsub                            0x000138d3   Thumb Code     6  fadd.o(.text)
    __aeabi_fmul                             0x000138d9   Thumb Code   100  fmul.o(.text)
    __aeabi_fdiv                             0x0001393d   Thumb Code   124  fdiv.o(.text)
    __aeabi_dadd                             0x000139b9   Thumb Code   322  dadd.o(.text)
    __aeabi_dsub                             0x00013afb   Thumb Code     6  dadd.o(.text)
    __aeabi_drsub                            0x00013b01   Thumb Code     6  dadd.o(.text)
    __aeabi_dmul                             0x00013b07   Thumb Code   228  dmul.o(.text)
    __aeabi_ddiv                             0x00013beb   Thumb Code   222  ddiv.o(.text)
    __aeabi_i2f                              0x00013cc9   Thumb Code    18  fflti.o(.text)
    __aeabi_i2d                              0x00013cdb   Thumb Code    34  dflti.o(.text)
    __aeabi_ui2d                             0x00013cfd   Thumb Code    26  dfltui.o(.text)
    __aeabi_f2iz                             0x00013d17   Thumb Code    50  ffixi.o(.text)
    __aeabi_d2uiz                            0x00013d49   Thumb Code    50  dfixui.o(.text)
    __aeabi_f2d                              0x00013d7b   Thumb Code    38  f2d.o(.text)
    __aeabi_cdcmpeq                          0x00013da1   Thumb Code     0  cdcmple.o(.text)
    __aeabi_cdcmple                          0x00013da1   Thumb Code    48  cdcmple.o(.text)
    __aeabi_cdrcmple                         0x00013dd1   Thumb Code    48  cdrcmple.o(.text)
    __aeabi_d2f                              0x00013e01   Thumb Code    56  d2f.o(.text)
    __aeabi_cfcmpeq                          0x00013e39   Thumb Code     0  cfcmple.o(.text)
    __aeabi_cfcmple                          0x00013e39   Thumb Code    20  cfcmple.o(.text)
    __aeabi_cfrcmple                         0x00013e4d   Thumb Code    20  cfrcmple.o(.text)
    __aeabi_uidiv                            0x00013e61   Thumb Code     0  uidiv.o(.text)
    __aeabi_uidivmod                         0x00013e61   Thumb Code    44  uidiv.o(.text)
    __aeabi_llsl                             0x00013e8d   Thumb Code    30  llshl.o(.text)
    _ll_shift_l                              0x00013e8d   Thumb Code     0  llshl.o(.text)
    __aeabi_llsr                             0x00013eab   Thumb Code    32  llushr.o(.text)
    _ll_ushift_r                             0x00013eab   Thumb Code     0  llushr.o(.text)
    __aeabi_lasr                             0x00013ecb   Thumb Code    36  llsshr.o(.text)
    _ll_sshift_r                             0x00013ecb   Thumb Code     0  llsshr.o(.text)
    __strtod_int                             0x00013f27   Thumb Code    90  strtod.o(.text)
    strtol                                   0x00013f8d   Thumb Code   112  strtol.o(.text)
    _float_round                             0x00013ffd   Thumb Code    18  fepilogue.o(.text)
    _float_epilogue                          0x0001400f   Thumb Code    92  fepilogue.o(.text)
    _double_round                            0x0001406b   Thumb Code    30  depilogue.o(.text)
    _double_epilogue                         0x00014089   Thumb Code   156  depilogue.o(.text)
    __aeabi_d2ulz                            0x00014125   Thumb Code    48  dfixul.o(.text)
    __scatterload                            0x00014155   Thumb Code    28  init.o(.text)
    __scatterload_rt2                        0x00014155   Thumb Code     0  init.o(.text)
    isspace                                  0x00014179   Thumb Code    18  isspace_o.o(.text)
    _scanf_real                              0x000142b5   Thumb Code     0  scanf_fp.o(.text)
    _scanf_really_real                       0x000142b5   Thumb Code   556  scanf_fp.o(.text)
    _sgetc                                   0x000144ed   Thumb Code    30  _sgetc.o(.text)
    _sbackspace                              0x0001450b   Thumb Code    34  _sgetc.o(.text)
    _strtoul                                 0x0001452d   Thumb Code   158  _strtoul.o(.text)
    _chval                                   0x000145cb   Thumb Code    28  _chval.o(.text)
    __aeabi_ul2d                             0x000145e7   Thumb Code    24  dfltul.o(.text)
    __decompress                             0x000145ff   Thumb Code     0  __dczerorl2.o(.text)
    __decompress1                            0x000145ff   Thumb Code    86  __dczerorl2.o(.text)
    __0sprintf                               0x00014655   Thumb Code    34  printfa.o(i.__0sprintf)
    __1sprintf                               0x00014655   Thumb Code     0  printfa.o(i.__0sprintf)
    __2sprintf                               0x00014655   Thumb Code     0  printfa.o(i.__0sprintf)
    __c89sprintf                             0x00014655   Thumb Code     0  printfa.o(i.__0sprintf)
    sprintf                                  0x00014655   Thumb Code     0  printfa.o(i.__0sprintf)
    __aeabi_errno_addr                       0x0001467d   Thumb Code     4  errno.o(i.__aeabi_errno_addr)
    __rt_errno_addr                          0x0001467d   Thumb Code     0  errno.o(i.__aeabi_errno_addr)
    __read_errno                             0x00014685   Thumb Code     6  errno.o(i.__read_errno)
    __scatterload_copy                       0x00014691   Thumb Code    14  handlers.o(i.__scatterload_copy)
    __scatterload_null                       0x0001469f   Thumb Code     2  handlers.o(i.__scatterload_null)
    __scatterload_zeroinit                   0x000146a1   Thumb Code    14  handlers.o(i.__scatterload_zeroinit)
    __set_errno                              0x000146b1   Thumb Code     6  errno.o(i.__set_errno)
    _is_digit                                0x00014841   Thumb Code    14  scanf_fp.o(i._is_digit)
    alloc_mem                                0x00014f95   Thumb Code   174  at_mem.o(i.alloc_mem)
    arp_cache_add                            0x0001504d   Thumb Code   174  at_arp.o(i.arp_cache_add)
    arp_cache_early                          0x0001518d   Thumb Code   142  at_arp.o(i.arp_cache_early)
    arp_cache_find                           0x00015225   Thumb Code   168  at_arp.o(i.arp_cache_find)
    arp_cache_update                         0x000152d9   Thumb Code   228  at_arp.o(i.arp_cache_update)
    arp_init                                 0x000153cd   Thumb Code    34  at_arp.o(i.arp_init)
    arp_notify                               0x0001542d   Thumb Code    26  at_arp.o(i.arp_notify)
    arp_process                              0x000154dd   Thumb Code   294  at_arp.o(i.arp_process)
    atof                                     0x0001576d   Thumb Code    42  atof.o(i.atof)
    avail_mem                                0x00015799   Thumb Code    22  at_mem.o(i.avail_mem)
    b64_to_asc                               0x000157b5   Thumb Code   120  at_lib.o(i.b64_to_asc)
    calc_chksum16be                          0x0001582d   Thumb Code    18  at_lib.o(i.calc_chksum16be)
    cgx_content_type                         0x0001583f   Thumb Code     4  at_http.o(i.cgx_content_type)
    chksum16_buf                             0x00015a11   Thumb Code    40  at_lib.o(i.chksum16_buf)
    chksum16_val                             0x00015a39   Thumb Code    10  at_lib.o(i.chksum16_val)
    eth_chk_adr                              0x00015a89   Thumb Code    10  at_ethernet.o(i.eth_chk_adr)
    eth_init_link                            0x00015a99   Thumb Code    40  at_ethernet.o(i.eth_init_link)
    eth_run_link                             0x00015acd   Thumb Code   194  at_ethernet.o(i.eth_run_link)
    eth_send_frame                           0x00015ba1   Thumb Code   150  at_ethernet.o(i.eth_send_frame)
    free_mem                                 0x00015c49   Thumb Code   124  at_mem.o(i.free_mem)
    get_rnd32                                0x00015db9   Thumb Code    18  at_system.o(i.get_rnd32)
    http_accept_host                         0x00015de7   Thumb Code     4  at_http.o(i.http_accept_host)
    http_check_account                       0x000160a9   Thumb Code     4  at_http.o(i.http_check_account)
    http_fclose                              0x00016235   Thumb Code     2  at_http_uif.o(i.http_fclose)
    http_fgets                               0x00016237   Thumb Code     4  at_http_uif.o(i.http_fgets)
    http_file_access                         0x0001623b   Thumb Code     4  at_http.o(i.http_file_access)
    http_finfo                               0x0001623f   Thumb Code     4  at_http_uif.o(i.http_finfo)
    http_fopen                               0x00016243   Thumb Code     4  at_http_uif.o(i.http_fopen)
    http_fread                               0x00016247   Thumb Code     4  at_http_uif.o(i.http_fread)
    http_get_var                             0x0001624d   Thumb Code   104  at_http.o(i.http_get_var)
    http_init                                0x000162b9   Thumb Code    72  at_http.o(i.http_init)
    http_run_server                          0x00016a75   Thumb Code   816  at_http.o(i.http_run_server)
    icmp_init                                0x00016e79   Thumb Code    10  at_icmp.o(i.icmp_init)
    icmp_process                             0x00016e89   Thumb Code   198  at_icmp.o(i.icmp_process)
    icmp_run_engine                          0x00016f55   Thumb Code    58  at_icmp.o(i.icmp_run_engine)
    ifree_mem                                0x0001700d   Thumb Code    48  at_mem.o(i.ifree_mem)
    init_TcpNet                              0x00017045   Thumb Code    38  at_system.o(i.init_TcpNet)
    init_mem                                 0x00017075   Thumb Code    86  at_mem.o(i.init_mem)
    ip_chk_frame                             0x000170d5   Thumb Code   190  at_ip.o(i.ip_chk_frame)
    ip_get_locadr                            0x000171a9   Thumb Code   166  at_ip.o(i.ip_get_locadr)
    ip_init                                  0x00017261   Thumb Code     8  at_ip.o(i.ip_init)
    ip_run_local                             0x0001726d   Thumb Code    82  at_ip.o(i.ip_run_local)
    ip_send_frame                            0x000172c9   Thumb Code   328  at_ip.o(i.ip_send_frame)
    is_subnet                                0x00017419   Thumb Code    20  at_lib.o(i.is_subnet)
    main_TcpNet                              0x0001742d   Thumb Code    86  at_system.o(i.main_TcpNet)
    mem_comp                                 0x00017491   Thumb Code    24  at_lib.o(i.mem_comp)
    mem_copy                                 0x000174a9   Thumb Code    22  at_lib.o(i.mem_copy)
    mem_crc32                                0x000174bf   Thumb Code    32  at_lib.o(i.mem_crc32)
    mem_set                                  0x000174df   Thumb Code    10  at_lib.o(i.mem_set)
    mem_test                                 0x000174e9   Thumb Code    20  at_lib.o(i.mem_test)
    nrd_u32be                                0x000174fd   Thumb Code    22  at_lib.o(i.nrd_u32be)
    nwr_u32be                                0x00017513   Thumb Code    16  at_lib.o(i.nwr_u32be)
    put_in_queue                             0x0001754d   Thumb Code    36  at_ethernet.o(i.put_in_queue)
    resize_mem                               0x00017615   Thumb Code    68  at_mem.o(i.resize_mem)
    str_copy                                 0x000176a9   Thumb Code    18  at_lib.o(i.str_copy)
    str_crc32                                0x000176bb   Thumb Code    26  at_lib.o(i.str_crc32)
    str_pos                                  0x000176d5   Thumb Code    22  at_lib.o(i.str_pos)
    str_scomp                                0x000176eb   Thumb Code    26  at_lib.o(i.str_scomp)
    tcp_abort                                0x00017705   Thumb Code    76  at_tcp.o(i.tcp_abort)
    tcp_close                                0x00017755   Thumb Code   150  at_tcp.o(i.tcp_close)
    tcp_get_buf                              0x000177f1   Thumb Code    32  at_tcp.o(i.tcp_get_buf)
    tcp_get_socket                           0x00017811   Thumb Code    70  at_tcp.o(i.tcp_get_socket)
    tcp_get_state                            0x0001785d   Thumb Code    32  at_tcp.o(i.tcp_get_state)
    tcp_init                                 0x00017881   Thumb Code    18  at_tcp.o(i.tcp_init)
    tcp_listen                               0x00017899   Thumb Code   102  at_tcp.o(i.tcp_listen)
    tcp_max_dsize                            0x0001799d   Thumb Code    30  at_tcp.o(i.tcp_max_dsize)
    tcp_poll_sockets                         0x00017a21   Thumb Code   630  at_tcp.o(i.tcp_poll_sockets)
    tcp_process                              0x00017dc1   Thumb Code  1164  at_tcp.o(i.tcp_process)
    tcp_send                                 0x00018321   Thumb Code   204  at_tcp.o(i.tcp_send)
    timer_tick                               0x00018669   Thumb Code    14  at_system.o(i.timer_tick)
    udp_init                                 0x0001867d   Thumb Code    18  at_udp.o(i.udp_init)
    udp_process                              0x00018695   Thumb Code   178  at_udp.o(i.udp_process)
    nlocalm                                  0x00018e1c   Data          60  net_config.o(.constdata)
    sys_config                               0x00018e58   Data          16  net_config.o(.constdata)
    arp_config                               0x00018e68   Data          12  net_config.o(.constdata)
    udp_config                               0x00018e74   Data           8  net_config.o(.constdata)
    tcp_config                               0x00018e7c   Data          24  net_config.o(.constdata)
    http_config                              0x00018e94   Data          24  net_config.o(.constdata)
    FileMD                                   0x00018eac   Data           4  web_1.o(.constdata)
    FileTab                                  0x00019508   Data          16  web_1.o(.constdata)
    IP_Broadcast                             0x0001951e   Data           4  at_ip.o(.constdata)
    MAC_Broadcast                            0x0001961a   Data           6  at_ethernet.o(.constdata)
    http_err_401                             0x00019620   Data          86  http_err.o(.constdata)
    http_err_403                             0x00019676   Data          81  http_err.o(.constdata)
    http_err_404                             0x000196c7   Data          78  http_err.o(.constdata)
    http_err_501                             0x00019715   Data          75  http_err.o(.constdata)
    http_err_head                            0x00019760   Data          47  http_err.o(.constdata)
    http_err_foot                            0x0001978f   Data         136  http_err.o(.constdata)
    __ctype_table                            0x00019817   Data         129  ctype_o.o(.constdata)
    Region$$Table$$Base                      0x000198bc   Number         0  anon$$obj.o(Region$$Table)
    Region$$Table$$Limit                     0x000198ec   Number         0  anon$$obj.o(Region$$Table)
    SystemCoreClock                          0x10000000   Data           4  system_lpc17xx.o(.data)
    screenState                              0x10000004   Data           1  menu.o(.data)
    tipo_audio                               0x10000008   Data           4  menu.o(.data)
    voltios                                  0x1000000c   Data           4  menu.o(.data)
    contador                                 0x10000010   Data           2  menu.o(.data)
    contador_aux                             0x10000012   Data           2  menu.o(.data)
    grados                                   0x10000014   Data           4  menu.o(.data)
    cont                                     0x10000018   Data           4  menu.o(.data)
    provisional                              0x1000001c   Data           4  menu.o(.data)
    provisional_2                            0x10000020   Data           4  menu.o(.data)
    provisional_3                            0x10000024   Data           4  menu.o(.data)
    provisional_4                            0x10000028   Data           4  menu.o(.data)
    provisional_5                            0x1000002c   Data           4  menu.o(.data)
    provisional_6                            0x10000030   Data           4  menu.o(.data)
    tension_dif                              0x10000034   Data           4  menu.o(.data)
    luz_izq                                  0x10000038   Data           4  menu.o(.data)
    luz_dcha                                 0x1000003c   Data           4  menu.o(.data)
    tension_media                            0x10000040   Data           4  menu.o(.data)
    canal_2                                  0x10000044   Data           4  menu.o(.data)
    canal_5                                  0x10000048   Data           4  menu.o(.data)
    echo                                     0x1000004c   Data           4  menu.o(.data)
    anterior                                 0x10000050   Data           4  menu.o(.data)
    distancia                                0x10000054   Data           4  menu.o(.data)
    frec_echo                                0x10000058   Data           4  menu.o(.data)
    event                                    0x1000005c   Data           4  menu.o(.data)
    event_1                                  0x10000060   Data           4  menu.o(.data)
    event_2                                  0x10000064   Data           4  menu.o(.data)
    vi                                       0x10000068   Data           4  menu.o(.data)
    vd                                       0x1000006c   Data           4  menu.o(.data)
    vi_aux                                   0x10000070   Data           4  menu.o(.data)
    vd_aux                                   0x10000074   Data           4  menu.o(.data)
    flagUpdateLeds                           0x10000078   Data           1  menu.o(.data)
    messageText                              0x10000079   Data          26  menu.o(.data)
    zone_1                                   0x10000094   Data          10  menu.o(.data)
    zone_2                                   0x1000009e   Data          10  menu.o(.data)
    zone_3                                   0x100000a8   Data          10  menu.o(.data)
    zone_4                                   0x100000b2   Data          10  menu.o(.data)
    zone_5                                   0x100000bc   Data          10  menu.o(.data)
    zone_6                                   0x100000c6   Data          10  menu.o(.data)
    zone_7                                   0x100000d0   Data          10  menu.o(.data)
    zone_8                                   0x100000da   Data          10  menu.o(.data)
    zone_9                                   0x100000e4   Data          10  menu.o(.data)
    zone_10                                  0x100000ee   Data          10  menu.o(.data)
    zone_11                                  0x100000f8   Data          10  menu.o(.data)
    zone_12                                  0x10000102   Data          10  menu.o(.data)
    zone_13                                  0x1000010c   Data          10  menu.o(.data)
    zone_14                                  0x10000116   Data          10  menu.o(.data)
    zone_15                                  0x10000120   Data          10  menu.o(.data)
    zone_16                                  0x1000012a   Data          10  menu.o(.data)
    pressedTouchPanel                        0x10000134   Data           1  menu.o(.data)
    dato                                     0x10000138   Data           4  menu.o(.data)
    dato1                                    0x1000013c   Data           4  menu.o(.data)
    dato2                                    0x10000140   Data           4  menu.o(.data)
    dato3                                    0x10000144   Data           4  menu.o(.data)
    luz1                                     0x10000148   Data           4  menu.o(.data)
    luz2                                     0x1000014c   Data           4  menu.o(.data)
    luz_diferencia                           0x10000150   Data           4  menu.o(.data)
    luz_media                                0x10000154   Data           4  menu.o(.data)
    a                                        0x10000158   Data           4  menu.o(.data)
    v_1                                      0x1000015c   Data           4  menu.o(.data)
    v_2                                      0x10000160   Data           4  menu.o(.data)
    umbral                                   0x10000164   Data           4  menu.o(.data)
    i                                        0x10000168   Data           4  menu.o(.data)
    j                                        0x1000016c   Data           4  menu.o(.data)
    matrix                                   0x10000178   Data          56  touchpanel.o(.data)
    display                                  0x100001b0   Data           4  touchpanel.o(.data)
    DisplaySample                            0x100001b4   Data          12  touchpanel.o(.data)
    ITM_RxBuffer                             0x100001c4   Data           4  serial.o(.data)
    lhost_name                               0x100001c8   Data          16  net_config.o(.data)
    own_hw_adr                               0x100001d8   Data           6  net_config.o(.data)
    iap_entry                                0x100001f4   Data           4  emac_lpc17xx_lan8720.o(.data)
    muestras                                 0x10000230   Data         128  menu.o(.bss)
    muestras_audio                           0x100002b0   Data       16000  menu.o(.bss)
    texto                                    0x10004130   Data          25  menu.o(.bss)
    ScreenSample                             0x1000414a   Data          12  touchpanel.o(.bss)
    localm                                   0x100041fc   Data          60  at_system.o(.bss)
    sys_control                              0x10004238   Data          16  at_system.o(.bss)
    __initial_sp                             0x10004448   Data           0  startup_lpc17xx.o(STACK)



==============================================================================

Memory Map of the image

  Image Entry point : 0x000000cd

  Load Region LR_IROM1 (Base: 0x00000000, Size: 0x00019b1c, Max: 0x00080000, ABSOLUTE, COMPRESSED[0x000199b4])

    Execution Region ER_IROM1 (Exec base: 0x00000000, Load base: 0x00000000, Size: 0x000198ec, Max: 0x00080000, ABSOLUTE)

    Exec Addr    Load Addr    Size         Type   Attr      Idx    E Section Name        Object

    0x00000000   0x00000000   0x000000cc   Data   RO            3    RESET               startup_lpc17xx.o
    0x000000cc   0x000000cc   0x00000000   Code   RO          848  * .ARM.Collect$$$$00000000  mc_w.l(entry.o)
    0x000000cc   0x000000cc   0x00000004   Code   RO         1160    .ARM.Collect$$$$00000001  mc_w.l(entry2.o)
    0x000000d0   0x000000d0   0x00000004   Code   RO         1163    .ARM.Collect$$$$00000004  mc_w.l(entry5.o)
    0x000000d4   0x000000d4   0x00000000   Code   RO         1165    .ARM.Collect$$$$00000008  mc_w.l(entry7b.o)
    0x000000d4   0x000000d4   0x00000000   Code   RO         1167    .ARM.Collect$$$$0000000A  mc_w.l(entry8b.o)
    0x000000d4   0x000000d4   0x00000008   Code   RO         1168    .ARM.Collect$$$$0000000B  mc_w.l(entry9a.o)
    0x000000dc   0x000000dc   0x00000004   Code   RO         1175    .ARM.Collect$$$$0000000E  mc_w.l(entry12b.o)
    0x000000e0   0x000000e0   0x00000000   Code   RO         1170    .ARM.Collect$$$$0000000F  mc_w.l(entry10a.o)
    0x000000e0   0x000000e0   0x00000000   Code   RO         1172    .ARM.Collect$$$$00000011  mc_w.l(entry11a.o)
    0x000000e0   0x000000e0   0x00000004   Code   RO         1161    .ARM.Collect$$$$00002712  mc_w.l(entry2.o)
    0x000000e4   0x000000e4   0x00000024   Code   RO            5    .text               startup_lpc17xx.o
    0x00000108   0x00000108   0x0000007c   Code   RO           59    .text               main.o
    0x00000184   0x00000184   0x00000020   Code   RO          218    .text               asciilib.o
    0x000001a4   0x000001a4   0x000000a8   Code   RO          361    .text               serial.o
    0x0000024c   0x0000024c   0x00000074   Code   RO          385    .text               net_config.o
    0x000002c0   0x000002c0   0x00000024   Code   RO          853    .text               mc_w.l(memcpya.o)
    0x000002e4   0x000002e4   0x0000000e   Code   RO          857    .text               mc_w.l(strlen.o)
    0x000002f2   0x000002f2   0x00000000   Code   RO         1196    .text               mc_w.l(iusefp.o)
    0x000002f2   0x000002f2   0x00000002   PAD
    0x000002f4   0x000002f4   0x00000008   Code   RO         1207    .text               mc_w.l(ctype_o.o)
    0x000002fc   0x000002fc   0x00000004   Code   RO            4    .ARM.__at_0x02FC    startup_lpc17xx.o
    0x00000300   0x00000300   0x000002ec   Code   RO           14    .text               system_lpc17xx.o
    0x000005ec   0x000005ec   0x00000184   Code   RO          115    .text               http_cgi.o
    0x00000770   0x00000770   0x000010e0   Code   RO          147    .text               menu.o
    0x00001850   0x00001850   0x000110fc   Code   RO          194    .text               glcd.o
    0x0001294c   0x0001294c   0x000007d4   Code   RO          233    .text               touchpanel.o
    0x00013120   0x00013120   0x0000064c   Code   RO          407    .text               emac_lpc17xx_lan8720.o
    0x0001376c   0x0001376c   0x00000062   Code   RO          851    .text               mc_w.l(uldiv.o)
    0x000137ce   0x000137ce   0x00000024   Code   RO          855    .text               mc_w.l(memseta.o)
    0x000137f2   0x000137f2   0x0000001c   Code   RO          859    .text               mc_w.l(strcmp.o)
    0x0001380e   0x0001380e   0x0000001a   Code   RO         1124    .text               mc_w.l(atoi.o)
    0x00013828   0x00013828   0x000000b0   Code   RO         1126    .text               mf_w.l(fadd.o)
    0x000138d8   0x000138d8   0x00000064   Code   RO         1128    .text               mf_w.l(fmul.o)
    0x0001393c   0x0001393c   0x0000007c   Code   RO         1130    .text               mf_w.l(fdiv.o)
    0x000139b8   0x000139b8   0x0000014e   Code   RO         1132    .text               mf_w.l(dadd.o)
    0x00013b06   0x00013b06   0x000000e4   Code   RO         1134    .text               mf_w.l(dmul.o)
    0x00013bea   0x00013bea   0x000000de   Code   RO         1136    .text               mf_w.l(ddiv.o)
    0x00013cc8   0x00013cc8   0x00000012   Code   RO         1138    .text               mf_w.l(fflti.o)
    0x00013cda   0x00013cda   0x00000022   Code   RO         1140    .text               mf_w.l(dflti.o)
    0x00013cfc   0x00013cfc   0x0000001a   Code   RO         1142    .text               mf_w.l(dfltui.o)
    0x00013d16   0x00013d16   0x00000032   Code   RO         1144    .text               mf_w.l(ffixi.o)
    0x00013d48   0x00013d48   0x00000032   Code   RO         1146    .text               mf_w.l(dfixui.o)
    0x00013d7a   0x00013d7a   0x00000026   Code   RO         1148    .text               mf_w.l(f2d.o)
    0x00013da0   0x00013da0   0x00000030   Code   RO         1150    .text               mf_w.l(cdcmple.o)
    0x00013dd0   0x00013dd0   0x00000030   Code   RO         1152    .text               mf_w.l(cdrcmple.o)
    0x00013e00   0x00013e00   0x00000038   Code   RO         1154    .text               mf_w.l(d2f.o)
    0x00013e38   0x00013e38   0x00000014   Code   RO         1156    .text               mf_w.l(cfcmple.o)
    0x00013e4c   0x00013e4c   0x00000014   Code   RO         1158    .text               mf_w.l(cfrcmple.o)
    0x00013e60   0x00013e60   0x0000002c   Code   RO         1177    .text               mc_w.l(uidiv.o)
    0x00013e8c   0x00013e8c   0x0000001e   Code   RO         1179    .text               mc_w.l(llshl.o)
    0x00013eaa   0x00013eaa   0x00000020   Code   RO         1181    .text               mc_w.l(llushr.o)
    0x00013eca   0x00013eca   0x00000024   Code   RO         1183    .text               mc_w.l(llsshr.o)
    0x00013eee   0x00013eee   0x00000002   PAD
    0x00013ef0   0x00013ef0   0x0000009c   Code   RO         1192    .text               mc_w.l(strtod.o)
    0x00013f8c   0x00013f8c   0x00000070   Code   RO         1194    .text               mc_w.l(strtol.o)
    0x00013ffc   0x00013ffc   0x0000006e   Code   RO         1197    .text               mf_w.l(fepilogue.o)
    0x0001406a   0x0001406a   0x000000ba   Code   RO         1199    .text               mf_w.l(depilogue.o)
    0x00014124   0x00014124   0x00000030   Code   RO         1201    .text               mf_w.l(dfixul.o)
    0x00014154   0x00014154   0x00000024   Code   RO         1203    .text               mc_w.l(init.o)
    0x00014178   0x00014178   0x00000012   Code   RO         1229    .text               mc_w.l(isspace_o.o)
    0x0001418a   0x0001418a   0x00000002   PAD
    0x0001418c   0x0001418c   0x00000360   Code   RO         1235    .text               mc_w.l(scanf_fp.o)
    0x000144ec   0x000144ec   0x00000040   Code   RO         1239    .text               mc_w.l(_sgetc.o)
    0x0001452c   0x0001452c   0x0000009e   Code   RO         1241    .text               mc_w.l(_strtoul.o)
    0x000145ca   0x000145ca   0x0000001c   Code   RO         1246    .text               mc_w.l(_chval.o)
    0x000145e6   0x000145e6   0x00000018   Code   RO         1248    .text               mf_w.l(dfltul.o)
    0x000145fe   0x000145fe   0x00000056   Code   RO         1257    .text               mc_w.l(__dczerorl2.o)
    0x00014654   0x00014654   0x00000028   Code   RO         1098    i.__0sprintf        mc_w.l(printfa.o)
    0x0001467c   0x0001467c   0x00000008   Code   RO         1185    i.__aeabi_errno_addr  mc_w.l(errno.o)
    0x00014684   0x00014684   0x0000000c   Code   RO         1186    i.__read_errno      mc_w.l(errno.o)
    0x00014690   0x00014690   0x0000000e   Code   RO         1251    i.__scatterload_copy  mc_w.l(handlers.o)
    0x0001469e   0x0001469e   0x00000002   Code   RO         1252    i.__scatterload_null  mc_w.l(handlers.o)
    0x000146a0   0x000146a0   0x0000000e   Code   RO         1253    i.__scatterload_zeroinit  mc_w.l(handlers.o)
    0x000146ae   0x000146ae   0x00000002   PAD
    0x000146b0   0x000146b0   0x0000000c   Code   RO         1187    i.__set_errno       mc_w.l(errno.o)
    0x000146bc   0x000146bc   0x00000184   Code   RO         1103    i._fp_digits        mc_w.l(printfa.o)
    0x00014840   0x00014840   0x0000000e   Code   RO         1237    i._is_digit         mc_w.l(scanf_fp.o)
    0x0001484e   0x0001484e   0x00000002   PAD
    0x00014850   0x00014850   0x000006b4   Code   RO         1104    i._printf_core      mc_w.l(printfa.o)
    0x00014f04   0x00014f04   0x00000024   Code   RO         1105    i._printf_post_padding  mc_w.l(printfa.o)
    0x00014f28   0x00014f28   0x0000002e   Code   RO         1106    i._printf_pre_padding  mc_w.l(printfa.o)
    0x00014f56   0x00014f56   0x0000000a   Code   RO         1108    i._sputc            mc_w.l(printfa.o)
    0x00014f60   0x00014f60   0x00000034   Code   RO          627    i.add_server_id     TCP_CM3.lib(at_http.o)
    0x00014f94   0x00014f94   0x000000b8   Code   RO          781    i.alloc_mem         TCP_CM3.lib(at_mem.o)
    0x0001504c   0x0001504c   0x000000b8   Code   RO          443    i.arp_cache_add     TCP_CM3.lib(at_arp.o)
    0x00015104   0x00015104   0x00000088   Code   RO          444    i.arp_cache_alloc   TCP_CM3.lib(at_arp.o)
    0x0001518c   0x0001518c   0x00000098   Code   RO          445    i.arp_cache_early   TCP_CM3.lib(at_arp.o)
    0x00015224   0x00015224   0x000000b4   Code   RO          446    i.arp_cache_find    TCP_CM3.lib(at_arp.o)
    0x000152d8   0x000152d8   0x000000f4   Code   RO          449    i.arp_cache_update  TCP_CM3.lib(at_arp.o)
    0x000153cc   0x000153cc   0x0000002c   Code   RO          452    i.arp_init          TCP_CM3.lib(at_arp.o)
    0x000153f8   0x000153f8   0x00000034   Code   RO          453    i.arp_is_cacheable  TCP_CM3.lib(at_arp.o)
    0x0001542c   0x0001542c   0x00000028   Code   RO          454    i.arp_notify        TCP_CM3.lib(at_arp.o)
    0x00015454   0x00015454   0x00000088   Code   RO          456    i.arp_proc_response  TCP_CM3.lib(at_arp.o)
    0x000154dc   0x000154dc   0x00000138   Code   RO          457    i.arp_process       TCP_CM3.lib(at_arp.o)
    0x00015614   0x00015614   0x000000a0   Code   RO          458    i.arp_send_reply    TCP_CM3.lib(at_arp.o)
    0x000156b4   0x000156b4   0x000000b8   Code   RO          459    i.arp_send_request  TCP_CM3.lib(at_arp.o)
    0x0001576c   0x0001576c   0x0000002a   Code   RO          845    i.atof              m_ws.l(atof.o)
    0x00015796   0x00015796   0x00000002   PAD
    0x00015798   0x00015798   0x0000001c   Code   RO          782    i.avail_mem         TCP_CM3.lib(at_mem.o)
    0x000157b4   0x000157b4   0x00000078   Code   RO          726    i.b64_to_asc        TCP_CM3.lib(at_lib.o)
    0x0001582c   0x0001582c   0x00000012   Code   RO          728    i.calc_chksum16be   TCP_CM3.lib(at_lib.o)
    0x0001583e   0x0001583e   0x00000004   Code   RO          628    i.cgx_content_type  TCP_CM3.lib(at_http.o)
    0x00015842   0x00015842   0x00000002   PAD
    0x00015844   0x00015844   0x000001cc   Code   RO          629    i.chk_post_req      TCP_CM3.lib(at_http.o)
    0x00015a10   0x00015a10   0x00000028   Code   RO          729    i.chksum16_buf      TCP_CM3.lib(at_lib.o)
    0x00015a38   0x00015a38   0x0000000a   Code   RO          730    i.chksum16_val      TCP_CM3.lib(at_lib.o)
    0x00015a42   0x00015a42   0x0000001e   Code   RO          630    i.cmp_fname_ext     TCP_CM3.lib(at_http.o)
    0x00015a60   0x00015a60   0x00000028   Code   RO          631    i.cmp_header        TCP_CM3.lib(at_http.o)
    0x00015a88   0x00015a88   0x00000010   Code   RO          705    i.eth_chk_adr       TCP_CM3.lib(at_ethernet.o)
    0x00015a98   0x00015a98   0x00000034   Code   RO          707    i.eth_init_link     TCP_CM3.lib(at_ethernet.o)
    0x00015acc   0x00015acc   0x000000d4   Code   RO          708    i.eth_run_link      TCP_CM3.lib(at_ethernet.o)
    0x00015ba0   0x00015ba0   0x000000a8   Code   RO          709    i.eth_send_frame    TCP_CM3.lib(at_ethernet.o)
    0x00015c48   0x00015c48   0x00000084   Code   RO          783    i.free_mem          TCP_CM3.lib(at_mem.o)
    0x00015ccc   0x00015ccc   0x00000028   Code   RO          732    i.get_crc32         TCP_CM3.lib(at_lib.o)
    0x00015cf4   0x00015cf4   0x00000068   Code   RO          632    i.get_file_type     TCP_CM3.lib(at_http.o)
    0x00015d5c   0x00015d5c   0x00000028   Code   RO          633    i.get_next_field    TCP_CM3.lib(at_http.o)
    0x00015d84   0x00015d84   0x00000032   Code   RO          634    i.get_next_par      TCP_CM3.lib(at_http.o)
    0x00015db6   0x00015db6   0x00000002   PAD
    0x00015db8   0x00015db8   0x0000001c   Code   RO          801    i.get_rnd32         TCP_CM3.lib(at_system.o)
    0x00015dd4   0x00015dd4   0x00000012   Code   RO          635    i.hex2byte          TCP_CM3.lib(at_http.o)
    0x00015de6   0x00015de6   0x00000004   Code   RO          636    i.http_accept_host  TCP_CM3.lib(at_http.o)
    0x00015dea   0x00015dea   0x00000002   PAD
    0x00015dec   0x00015dec   0x000002bc   Code   RO          637    i.http_add_header   TCP_CM3.lib(at_http.o)
    0x000160a8   0x000160a8   0x00000004   Code   RO          638    i.http_check_account  TCP_CM3.lib(at_http.o)
    0x000160ac   0x000160ac   0x00000188   Code   RO          640    i.http_error_msg    TCP_CM3.lib(at_http.o)
    0x00016234   0x00016234   0x00000002   Code   RO          828    i.http_fclose       TCP_CM3.lib(at_http_uif.o)
    0x00016236   0x00016236   0x00000004   Code   RO          829    i.http_fgets        TCP_CM3.lib(at_http_uif.o)
    0x0001623a   0x0001623a   0x00000004   Code   RO          641    i.http_file_access  TCP_CM3.lib(at_http.o)
    0x0001623e   0x0001623e   0x00000004   Code   RO          830    i.http_finfo        TCP_CM3.lib(at_http_uif.o)
    0x00016242   0x00016242   0x00000004   Code   RO          831    i.http_fopen        TCP_CM3.lib(at_http_uif.o)
    0x00016246   0x00016246   0x00000004   Code   RO          832    i.http_fread        TCP_CM3.lib(at_http_uif.o)
    0x0001624a   0x0001624a   0x00000002   PAD
    0x0001624c   0x0001624c   0x0000006c   Code   RO          647    i.http_get_var      TCP_CM3.lib(at_http.o)
    0x000162b8   0x000162b8   0x00000050   Code   RO          648    i.http_init         TCP_CM3.lib(at_http.o)
    0x00016308   0x00016308   0x0000005e   Code   RO          649    i.http_kill_session  TCP_CM3.lib(at_http.o)
    0x00016366   0x00016366   0x00000002   PAD
    0x00016368   0x00016368   0x00000224   Code   RO          650    i.http_listener     TCP_CM3.lib(at_http.o)
    0x0001658c   0x0001658c   0x00000120   Code   RO          651    i.http_open_file    TCP_CM3.lib(at_http.o)
    0x000166ac   0x000166ac   0x00000154   Code   RO          652    i.http_proc_header  TCP_CM3.lib(at_http.o)
    0x00016800   0x00016800   0x0000017c   Code   RO          653    i.http_proc_multipart  TCP_CM3.lib(at_http.o)
    0x0001697c   0x0001697c   0x000000f8   Code   RO          654    i.http_proc_post    TCP_CM3.lib(at_http.o)
    0x00016a74   0x00016a74   0x0000033c   Code   RO          655    i.http_run_server   TCP_CM3.lib(at_http.o)
    0x00016db0   0x00016db0   0x0000001e   Code   RO          656    i.http_strcpy       TCP_CM3.lib(at_http.o)
    0x00016dce   0x00016dce   0x00000002   PAD
    0x00016dd0   0x00016dd0   0x000000a8   Code   RO          657    i.http_to_utc       TCP_CM3.lib(at_http.o)
    0x00016e78   0x00016e78   0x00000010   Code   RO          506    i.icmp_init         TCP_CM3.lib(at_icmp.o)
    0x00016e88   0x00016e88   0x000000cc   Code   RO          508    i.icmp_process      TCP_CM3.lib(at_icmp.o)
    0x00016f54   0x00016f54   0x00000048   Code   RO          509    i.icmp_run_engine   TCP_CM3.lib(at_icmp.o)
    0x00016f9c   0x00016f9c   0x00000070   Code   RO          510    i.icmp_send_message  TCP_CM3.lib(at_icmp.o)
    0x0001700c   0x0001700c   0x00000038   Code   RO          784    i.ifree_mem         TCP_CM3.lib(at_mem.o)
    0x00017044   0x00017044   0x00000030   Code   RO          802    i.init_TcpNet       TCP_CM3.lib(at_system.o)
    0x00017074   0x00017074   0x00000060   Code   RO          785    i.init_mem          TCP_CM3.lib(at_mem.o)
    0x000170d4   0x000170d4   0x000000c8   Code   RO          485    i.ip_chk_frame      TCP_CM3.lib(at_ip.o)
    0x0001719c   0x0001719c   0x0000000a   Code   RO          486    i.ip_get_chksum     TCP_CM3.lib(at_ip.o)
    0x000171a6   0x000171a6   0x00000002   PAD
    0x000171a8   0x000171a8   0x000000b8   Code   RO          487    i.ip_get_locadr     TCP_CM3.lib(at_ip.o)
    0x00017260   0x00017260   0x0000000c   Code   RO          488    i.ip_init           TCP_CM3.lib(at_ip.o)
    0x0001726c   0x0001726c   0x0000005c   Code   RO          489    i.ip_run_local      TCP_CM3.lib(at_ip.o)
    0x000172c8   0x000172c8   0x00000150   Code   RO          490    i.ip_send_frame     TCP_CM3.lib(at_ip.o)
    0x00017418   0x00017418   0x00000014   Code   RO          733    i.is_subnet         TCP_CM3.lib(at_lib.o)
    0x0001742c   0x0001742c   0x00000064   Code   RO          803    i.main_TcpNet       TCP_CM3.lib(at_system.o)
    0x00017490   0x00017490   0x00000018   Code   RO          734    i.mem_comp          TCP_CM3.lib(at_lib.o)
    0x000174a8   0x000174a8   0x00000016   Code   RO          735    i.mem_copy          TCP_CM3.lib(at_lib.o)
    0x000174be   0x000174be   0x00000020   Code   RO          736    i.mem_crc32         TCP_CM3.lib(at_lib.o)
    0x000174de   0x000174de   0x0000000a   Code   RO          738    i.mem_set           TCP_CM3.lib(at_lib.o)
    0x000174e8   0x000174e8   0x00000014   Code   RO          739    i.mem_test          TCP_CM3.lib(at_lib.o)
    0x000174fc   0x000174fc   0x00000016   Code   RO          741    i.nrd_u32be         TCP_CM3.lib(at_lib.o)
    0x00017512   0x00017512   0x00000010   Code   RO          743    i.nwr_u32be         TCP_CM3.lib(at_lib.o)
    0x00017522   0x00017522   0x00000002   PAD
    0x00017524   0x00017524   0x00000028   Code   RO          658    i.proc_req_line     TCP_CM3.lib(at_http.o)
    0x0001754c   0x0001754c   0x00000028   Code   RO          710    i.put_in_queue      TCP_CM3.lib(at_ethernet.o)
    0x00017574   0x00017574   0x000000a0   Code   RO          659    i.read_script_line  TCP_CM3.lib(at_http.o)
    0x00017614   0x00017614   0x00000048   Code   RO          786    i.resize_mem        TCP_CM3.lib(at_mem.o)
    0x0001765c   0x0001765c   0x0000004c   Code   RO          660    i.search_delim      TCP_CM3.lib(at_http.o)
    0x000176a8   0x000176a8   0x00000012   Code   RO          744    i.str_copy          TCP_CM3.lib(at_lib.o)
    0x000176ba   0x000176ba   0x0000001a   Code   RO          745    i.str_crc32         TCP_CM3.lib(at_lib.o)
    0x000176d4   0x000176d4   0x00000016   Code   RO          746    i.str_pos           TCP_CM3.lib(at_lib.o)
    0x000176ea   0x000176ea   0x0000001a   Code   RO          747    i.str_scomp         TCP_CM3.lib(at_lib.o)
    0x00017704   0x00017704   0x00000050   Code   RO          523    i.tcp_abort         TCP_CM3.lib(at_tcp.o)
    0x00017754   0x00017754   0x0000009c   Code   RO          525    i.tcp_close         TCP_CM3.lib(at_tcp.o)
    0x000177f0   0x000177f0   0x00000020   Code   RO          528    i.tcp_get_buf       TCP_CM3.lib(at_tcp.o)
    0x00017810   0x00017810   0x0000004c   Code   RO          530    i.tcp_get_socket    TCP_CM3.lib(at_tcp.o)
    0x0001785c   0x0001785c   0x00000024   Code   RO          531    i.tcp_get_state     TCP_CM3.lib(at_tcp.o)
    0x00017880   0x00017880   0x00000018   Code   RO          532    i.tcp_init          TCP_CM3.lib(at_tcp.o)
    0x00017898   0x00017898   0x0000006c   Code   RO          534    i.tcp_listen        TCP_CM3.lib(at_tcp.o)
    0x00017904   0x00017904   0x00000098   Code   RO          535    i.tcp_map_socket    TCP_CM3.lib(at_tcp.o)
    0x0001799c   0x0001799c   0x00000024   Code   RO          536    i.tcp_max_dsize     TCP_CM3.lib(at_tcp.o)
    0x000179c0   0x000179c0   0x0000005e   Code   RO          538    i.tcp_parse_opt     TCP_CM3.lib(at_tcp.o)
    0x00017a1e   0x00017a1e   0x00000002   PAD
    0x00017a20   0x00017a20   0x00000284   Code   RO          539    i.tcp_poll_sockets  TCP_CM3.lib(at_tcp.o)
    0x00017ca4   0x00017ca4   0x000000c8   Code   RO          540    i.tcp_proc_acknr    TCP_CM3.lib(at_tcp.o)
    0x00017d6c   0x00017d6c   0x00000052   Code   RO          541    i.tcp_proc_dupack   TCP_CM3.lib(at_tcp.o)
    0x00017dbe   0x00017dbe   0x00000002   PAD
    0x00017dc0   0x00017dc0   0x00000498   Code   RO          542    i.tcp_process       TCP_CM3.lib(at_tcp.o)
    0x00018258   0x00018258   0x0000001a   Code   RO          543    i.tcp_que_free      TCP_CM3.lib(at_tcp.o)
    0x00018272   0x00018272   0x0000001a   Code   RO          544    i.tcp_que_init      TCP_CM3.lib(at_tcp.o)
    0x0001828c   0x0001828c   0x00000094   Code   RO          545    i.tcp_que_resend    TCP_CM3.lib(at_tcp.o)
    0x00018320   0x00018320   0x000000d4   Code   RO          549    i.tcp_send          TCP_CM3.lib(at_tcp.o)
    0x000183f4   0x000183f4   0x0000006a   Code   RO          550    i.tcp_send_ctrl     TCP_CM3.lib(at_tcp.o)
    0x0001845e   0x0001845e   0x00000050   Code   RO          551    i.tcp_send_data     TCP_CM3.lib(at_tcp.o)
    0x000184ae   0x000184ae   0x00000068   Code   RO          552    i.tcp_send_reset    TCP_CM3.lib(at_tcp.o)
    0x00018516   0x00018516   0x00000026   Code   RO          553    i.tcp_set_cwnd      TCP_CM3.lib(at_tcp.o)
    0x0001853c   0x0001853c   0x00000068   Code   RO          554    i.tcp_transit       TCP_CM3.lib(at_tcp.o)
    0x000185a4   0x000185a4   0x000000c4   Code   RO          555    i.tcp_write         TCP_CM3.lib(at_tcp.o)
    0x00018668   0x00018668   0x00000014   Code   RO          804    i.timer_tick        TCP_CM3.lib(at_system.o)
    0x0001867c   0x0001867c   0x00000018   Code   RO          600    i.udp_init          TCP_CM3.lib(at_udp.o)
    0x00018694   0x00018694   0x000000b8   Code   RO          605    i.udp_process       TCP_CM3.lib(at_udp.o)
    0x0001874c   0x0001874c   0x000000e0   Code   RO          661    i.utc_to_http       TCP_CM3.lib(at_http.o)
    0x0001882c   0x0001882c   0x000005f0   Data   RO          219    .constdata          asciilib.o
    0x00018e1c   0x00018e1c   0x00000090   Data   RO          387    .constdata          net_config.o
    0x00018eac   0x00018eac   0x0000066c   Data   RO          434    .constdata          web_1.o
    0x00019518   0x00019518   0x00000006   Data   RO          460    .constdata          TCP_CM3.lib(at_arp.o)
    0x0001951e   0x0001951e   0x00000008   Data   RO          491    .constdata          TCP_CM3.lib(at_ip.o)
    0x00019526   0x00019526   0x000000f4   Data   RO          662    .constdata          TCP_CM3.lib(at_http.o)
    0x0001961a   0x0001961a   0x00000006   Data   RO          712    .constdata          TCP_CM3.lib(at_ethernet.o)
    0x00019620   0x00019620   0x00000056   Data   RO          816    .constdata          TCP_CM3.lib(http_err.o)
    0x00019676   0x00019676   0x00000051   Data   RO          817    .constdata          TCP_CM3.lib(http_err.o)
    0x000196c7   0x000196c7   0x0000004e   Data   RO          818    .constdata          TCP_CM3.lib(http_err.o)
    0x00019715   0x00019715   0x0000004b   Data   RO          819    .constdata          TCP_CM3.lib(http_err.o)
    0x00019760   0x00019760   0x0000002f   Data   RO          820    .constdata          TCP_CM3.lib(http_err.o)
    0x0001978f   0x0001978f   0x00000088   Data   RO          821    .constdata          TCP_CM3.lib(http_err.o)
    0x00019817   0x00019817   0x00000081   Data   RO         1208    .constdata          mc_w.l(ctype_o.o)
    0x00019898   0x00019898   0x00000004   Data   RO         1209    .constdata          mc_w.l(ctype_o.o)
    0x0001989c   0x0001989c   0x0000001d   Data   RO          388    .conststring        net_config.o
    0x000198b9   0x000198b9   0x00000003   PAD
    0x000198bc   0x000198bc   0x00000030   Data   RO         1250    Region$$Table       anon$$obj.o


    Execution Region RW_IRAM1 (Exec base: 0x10000000, Load base: 0x000198ec, Size: 0x00004448, Max: 0x00008000, ABSOLUTE, COMPRESSED[0x000000c8])

    Exec Addr    Load Addr    Size         Type   Attr      Idx    E Section Name        Object

    0x10000000   COMPRESSED   0x00000004   Data   RW           15    .data               system_lpc17xx.o
    0x10000004   COMPRESSED   0x0000016c   Data   RW          149    .data               menu.o
    0x10000170   COMPRESSED   0x00000001   Data   RW          195    .data               glcd.o
    0x10000171   COMPRESSED   0x00000007   PAD
    0x10000178   COMPRESSED   0x0000004c   Data   RW          235    .data               touchpanel.o
    0x100001c4   COMPRESSED   0x00000004   Data   RW          362    .data               serial.o
    0x100001c8   COMPRESSED   0x0000002a   Data   RW          389    .data               net_config.o
    0x100001f2   COMPRESSED   0x00000002   PAD
    0x100001f4   COMPRESSED   0x00000014   Data   RW          409    .data               emac_lpc17xx_lan8720.o
    0x10000208   COMPRESSED   0x00000008   Data   RW          461    .data               TCP_CM3.lib(at_arp.o)
    0x10000210   COMPRESSED   0x0000000c   Data   RW          492    .data               TCP_CM3.lib(at_ip.o)
    0x1000021c   COMPRESSED   0x00000004   Data   RW          556    .data               TCP_CM3.lib(at_tcp.o)
    0x10000220   COMPRESSED   0x0000000c   Data   RW          663    .data               TCP_CM3.lib(at_http.o)
    0x1000022c   COMPRESSED   0x00000004   Data   RW         1188    .data               mc_w.l(errno.o)
    0x10000230        -       0x00003f19   Zero   RW          148    .bss                menu.o
    0x10004149   COMPRESSED   0x00000001   PAD
    0x1000414a        -       0x0000000c   Zero   RW          234    .bss                touchpanel.o
    0x10004156   COMPRESSED   0x00000002   PAD
    0x10004158        -       0x00000010   Zero   RW          511    .bss                TCP_CM3.lib(at_icmp.o)
    0x10004168        -       0x00000084   Zero   RW          711    .bss                TCP_CM3.lib(at_ethernet.o)
    0x100041ec        -       0x00000010   Zero   RW          787    .bss                TCP_CM3.lib(at_mem.o)
    0x100041fc        -       0x0000004c   Zero   RW          805    .bss                TCP_CM3.lib(at_system.o)
    0x10004248        -       0x00000200   Zero   RW            1    STACK               startup_lpc17xx.o


    Execution Region RW_IRAM2 (Exec base: 0x2007c000, Load base: 0x000199b4, Size: 0x00005e1c, Max: 0x00008000, ABSOLUTE)

    Exec Addr    Load Addr    Size         Type   Attr      Idx    E Section Name        Object

    0x2007c000        -       0x000033b8   Zero   RW          386    .bss                net_config.o
    0x2007f3b8        -       0x00002a64   Zero   RW          408    .bss                emac_lpc17xx_lan8720.o


==============================================================================

Image component sizes


      Code (inc. data)   RO Data    RW Data    ZI Data      Debug   Object Name

        32          6       1520          0          0       1171   asciilib.o
      1612        104          0         20      10852      26749   emac_lpc17xx_lan8720.o
     69884        340          0          1          0     187290   glcd.o
       388         40          0          0          0      15901   http_cgi.o
       124          4          0          0          0       2959   main.o
      4320        514          0        364      16153      56001   menu.o
       116          8        173         42      13240       3353   net_config.o
       168         16          0          4          0      17973   serial.o
        40         12        204          0        512       1132   startup_lpc17xx.o
       748         30          0          4          0      22901   system_lpc17xx.o
      2004         70          0         76         12       5857   touchpanel.o
         0          0       1644          0          0        597   web_1.o

    ----------------------------------------------------------------------
     79436       1144       3592        520      40772     341884   Object Totals
         0          0         48          0          0          0   (incl. Generated)
         0          0          3          9          3          0   (incl. Padding)

    ----------------------------------------------------------------------

      Code (inc. data)   RO Data    RW Data    ZI Data      Debug   Library Member Name

      1824        138          6          8          0       1040   at_arp.o
       488         58          6          0        132        404   at_ethernet.o
      5514       1176        244         12          0       2268   at_http.o
        18          0          0          0          0        340   at_http_uif.o
       404         30          0          0         16        308   at_icmp.o
       834         56          8         12          0        520   at_ip.o
       486          6          0          0          0       1224   at_lib.o
       568         46          0          0         16        520   at_mem.o
       196         40          0          0         76        292   at_system.o
      3936        158          0          4          0       2008   at_tcp.o
       208         12          0          0          0        156   at_udp.o
         0          0        503          0          0          0   http_err.o
        42          0          0          0          0         84   atof.o
        86          0          0          0          0          0   __dczerorl2.o
        28          0          0          0          0         68   _chval.o
        64          0          0          0          0         84   _sgetc.o
       158          0          0          0          0         92   _strtoul.o
        26          0          0          0          0         80   atoi.o
         8          4        133          0          0         68   ctype_o.o
         0          0          0          0          0          0   entry.o
         0          0          0          0          0          0   entry10a.o
         0          0          0          0          0          0   entry11a.o
         4          0          0          0          0          0   entry12b.o
         8          4          0          0          0          0   entry2.o
         4          0          0          0          0          0   entry5.o
         0          0          0          0          0          0   entry7b.o
         0          0          0          0          0          0   entry8b.o
         8          4          0          0          0          0   entry9a.o
        32         16          0          4          0        204   errno.o
        30          0          0          0          0          0   handlers.o
        36          8          0          0          0         68   init.o
        18          0          0          0          0         76   isspace_o.o
         0          0          0          0          0          0   iusefp.o
        30          0          0          0          0         68   llshl.o
        36          0          0          0          0         68   llsshr.o
        32          0          0          0          0         68   llushr.o
        36          0          0          0          0         68   memcpya.o
        36          0          0          0          0        108   memseta.o
      2236         86          0          0          0        532   printfa.o
       878         12          0          0          0        216   scanf_fp.o
        28          0          0          0          0         76   strcmp.o
        14          0          0          0          0         68   strlen.o
       156         12          0          0          0        120   strtod.o
       112          0          0          0          0         88   strtol.o
        44          0          0          0          0         80   uidiv.o
        98          0          0          0          0         92   uldiv.o
        48          0          0          0          0         68   cdcmple.o
        48          0          0          0          0         68   cdrcmple.o
        20          0          0          0          0         68   cfcmple.o
        20          0          0          0          0         68   cfrcmple.o
        56          0          0          0          0         88   d2f.o
       334          0          0          0          0        148   dadd.o
       222          0          0          0          0        100   ddiv.o
       186          0          0          0          0        176   depilogue.o
        50          0          0          0          0         76   dfixui.o
        48          0          0          0          0         68   dfixul.o
        34          0          0          0          0         76   dflti.o
        26          0          0          0          0         76   dfltui.o
        24          0          0          0          0         76   dfltul.o
       228          0          0          0          0         96   dmul.o
        38          0          0          0          0         68   f2d.o
       176          0          0          0          0        140   fadd.o
       124          0          0          0          0         88   fdiv.o
       110          0          0          0          0        168   fepilogue.o
        50          0          0          0          0         68   ffixi.o
        18          0          0          0          0         68   fflti.o
       100          0          0          0          0         76   fmul.o

    ----------------------------------------------------------------------
     20756       1866        900         40        240      13484   Library Totals
        32          0          0          0          0          0   (incl. Padding)

    ----------------------------------------------------------------------

      Code (inc. data)   RO Data    RW Data    ZI Data      Debug   Library Name

     14476       1720        767         36        240       9080   TCP_CM3.lib
        42          0          0          0          0         84   m_ws.l
      4246        146        133          4          0       2392   mc_w.l
      1960          0          0          0          0       1928   mf_w.l

    ----------------------------------------------------------------------
     20756       1866        900         40        240      13484   Library Totals

    ----------------------------------------------------------------------

==============================================================================


      Code (inc. data)   RO Data    RW Data    ZI Data      Debug   

    100192       3010       4492        560      41012     346240   Grand Totals
    100192       3010       4492        200      41012     346240   ELF Image Totals (compressed)
    100192       3010       4492        200          0          0   ROM Totals

==============================================================================

    Total RO  Size (Code + RO Data)               104684 ( 102.23kB)
    Total RW  Size (RW Data + ZI Data)             41572 (  40.60kB)
    Total ROM Size (Code + RO Data + RW Data)     104884 ( 102.43kB)

==============================================================================

